Archive member included to satisfy reference by file (symbol)

c:/st/stm32cubeide_1.12.0/stm32cubeide/plugins/com.st.stm32cube.ide.mcu.externaltools.gnu-tools-for-stm32.10.3-2021.10.win32_1.0.200.202301161003/tools/bin/../lib/gcc/arm-none-eabi/10.3.1/../../../../arm-none-eabi/lib/thumb/v7e-m+fp/hard\libc_nano.a(lib_a-errno.o)
                              ./Core/Src/syscalls.o (__errno)
c:/st/stm32cubeide_1.12.0/stm32cubeide/plugins/com.st.stm32cube.ide.mcu.externaltools.gnu-tools-for-stm32.10.3-2021.10.win32_1.0.200.202301161003/tools/bin/../lib/gcc/arm-none-eabi/10.3.1/../../../../arm-none-eabi/lib/thumb/v7e-m+fp/hard\libc_nano.a(lib_a-exit.o)
                              c:/st/stm32cubeide_1.12.0/stm32cubeide/plugins/com.st.stm32cube.ide.mcu.externaltools.gnu-tools-for-stm32.10.3-2021.10.win32_1.0.200.202301161003/tools/bin/../lib/gcc/arm-none-eabi/10.3.1/../../../../arm-none-eabi/lib/thumb/v7e-m+fp/hard/crt0.o (exit)
c:/st/stm32cubeide_1.12.0/stm32cubeide/plugins/com.st.stm32cube.ide.mcu.externaltools.gnu-tools-for-stm32.10.3-2021.10.win32_1.0.200.202301161003/tools/bin/../lib/gcc/arm-none-eabi/10.3.1/../../../../arm-none-eabi/lib/thumb/v7e-m+fp/hard\libc_nano.a(lib_a-impure.o)
                              c:/st/stm32cubeide_1.12.0/stm32cubeide/plugins/com.st.stm32cube.ide.mcu.externaltools.gnu-tools-for-stm32.10.3-2021.10.win32_1.0.200.202301161003/tools/bin/../lib/gcc/arm-none-eabi/10.3.1/../../../../arm-none-eabi/lib/thumb/v7e-m+fp/hard\libc_nano.a(lib_a-exit.o) (_global_impure_ptr)
c:/st/stm32cubeide_1.12.0/stm32cubeide/plugins/com.st.stm32cube.ide.mcu.externaltools.gnu-tools-for-stm32.10.3-2021.10.win32_1.0.200.202301161003/tools/bin/../lib/gcc/arm-none-eabi/10.3.1/../../../../arm-none-eabi/lib/thumb/v7e-m+fp/hard\libc_nano.a(lib_a-init.o)
                              c:/st/stm32cubeide_1.12.0/stm32cubeide/plugins/com.st.stm32cube.ide.mcu.externaltools.gnu-tools-for-stm32.10.3-2021.10.win32_1.0.200.202301161003/tools/bin/../lib/gcc/arm-none-eabi/10.3.1/../../../../arm-none-eabi/lib/thumb/v7e-m+fp/hard/crt0.o (__libc_init_array)
c:/st/stm32cubeide_1.12.0/stm32cubeide/plugins/com.st.stm32cube.ide.mcu.externaltools.gnu-tools-for-stm32.10.3-2021.10.win32_1.0.200.202301161003/tools/bin/../lib/gcc/arm-none-eabi/10.3.1/../../../../arm-none-eabi/lib/thumb/v7e-m+fp/hard\libc_nano.a(lib_a-memcpy-stub.o)
                              ./USB_DEVICE/App/usbd_cdc_if.o (memcpy)
c:/st/stm32cubeide_1.12.0/stm32cubeide/plugins/com.st.stm32cube.ide.mcu.externaltools.gnu-tools-for-stm32.10.3-2021.10.win32_1.0.200.202301161003/tools/bin/../lib/gcc/arm-none-eabi/10.3.1/../../../../arm-none-eabi/lib/thumb/v7e-m+fp/hard\libc_nano.a(lib_a-memset.o)
                              c:/st/stm32cubeide_1.12.0/stm32cubeide/plugins/com.st.stm32cube.ide.mcu.externaltools.gnu-tools-for-stm32.10.3-2021.10.win32_1.0.200.202301161003/tools/bin/../lib/gcc/arm-none-eabi/10.3.1/../../../../arm-none-eabi/lib/thumb/v7e-m+fp/hard/crt0.o (memset)
c:/st/stm32cubeide_1.12.0/stm32cubeide/plugins/com.st.stm32cube.ide.mcu.externaltools.gnu-tools-for-stm32.10.3-2021.10.win32_1.0.200.202301161003/tools/bin/../lib/gcc/arm-none-eabi/10.3.1/../../../../arm-none-eabi/lib/thumb/v7e-m+fp/hard\libm.a(lib_a-s_floor.o)
                              ./Core/Src/PID.o (floor)
c:/st/stm32cubeide_1.12.0/stm32cubeide/plugins/com.st.stm32cube.ide.mcu.externaltools.gnu-tools-for-stm32.10.3-2021.10.win32_1.0.200.202301161003/tools/bin/../lib/gcc/arm-none-eabi/10.3.1/thumb/v7e-m+fp/hard\libgcc.a(_arm_muldf3.o)
                              ./Core/Src/characteristic.o (__aeabi_dmul)
c:/st/stm32cubeide_1.12.0/stm32cubeide/plugins/com.st.stm32cube.ide.mcu.externaltools.gnu-tools-for-stm32.10.3-2021.10.win32_1.0.200.202301161003/tools/bin/../lib/gcc/arm-none-eabi/10.3.1/thumb/v7e-m+fp/hard\libgcc.a(_arm_addsubdf3.o)
                              ./Core/Src/PID.o (__aeabi_dsub)
c:/st/stm32cubeide_1.12.0/stm32cubeide/plugins/com.st.stm32cube.ide.mcu.externaltools.gnu-tools-for-stm32.10.3-2021.10.win32_1.0.200.202301161003/tools/bin/../lib/gcc/arm-none-eabi/10.3.1/thumb/v7e-m+fp/hard\libgcc.a(_arm_muldivdf3.o)
                              ./Core/Src/characteristic.o (__aeabi_ddiv)
c:/st/stm32cubeide_1.12.0/stm32cubeide/plugins/com.st.stm32cube.ide.mcu.externaltools.gnu-tools-for-stm32.10.3-2021.10.win32_1.0.200.202301161003/tools/bin/../lib/gcc/arm-none-eabi/10.3.1/thumb/v7e-m+fp/hard\libgcc.a(_arm_cmpdf2.o)
                              ./Core/Src/characteristic.o (__aeabi_dcmple)
c:/st/stm32cubeide_1.12.0/stm32cubeide/plugins/com.st.stm32cube.ide.mcu.externaltools.gnu-tools-for-stm32.10.3-2021.10.win32_1.0.200.202301161003/tools/bin/../lib/gcc/arm-none-eabi/10.3.1/thumb/v7e-m+fp/hard\libgcc.a(_arm_truncdfsf2.o)
                              ./Core/Src/PID.o (__aeabi_d2f)
[...]
Memory Configuration

Name             Origin             Length             Attributes
RAM              0x0000000020000000 0x0000000000020000 xrw
FLASH            0x0000000008000000 0x0000000000080000 xr
*default*        0x0000000000000000 0xffffffffffffffff

Linker script and memory map

LOAD c:/st/stm32cubeide_1.12.0/stm32cubeide/plugins/com.st.stm32cube.ide.mcu.externaltools.gnu-tools-for-stm32.10.3-2021.10.win32_1.0.200.202301161003/tools/bin/../lib/gcc/arm-none-eabi/10.3.1/thumb/v7e-m+fp/hard/crti.o
LOAD c:/st/stm32cubeide_1.12.0/stm32cubeide/plugins/com.st.stm32cube.ide.mcu.externaltools.gnu-tools-for-stm32.10.3-2021.10.win32_1.0.200.202301161003/tools/bin/../lib/gcc/arm-none-eabi/10.3.1/thumb/v7e-m+fp/hard/crtbegin.o
LOAD c:/st/stm32cubeide_1.12.0/stm32cubeide/plugins/com.st.stm32cube.ide.mcu.externaltools.gnu-tools-for-stm32.10.3-2021.10.win32_1.0.200.202301161003/tools/bin/../lib/gcc/arm-none-eabi/10.3.1/../../../../arm-none-eabi/lib/thumb/v7e-m+fp/hard/crt0.o
LOAD ./Core/Src/PID.o
LOAD ./Core/Src/adc.o
LOAD ./Core/Src/characteristic.o
LOAD ./Core/Src/components.o
LOAD ./Core/Src/display.o
LOAD ./Core/Src/encoder.o
LOAD ./Core/Src/gpio.o
LOAD ./Core/Src/main.o
LOAD ./Core/Src/motor.o
LOAD ./Core/Src/spi.o
LOAD ./Core/Src/stm32f4xx_hal_msp.o
LOAD ./Core/Src/stm32f4xx_it.o
LOAD ./Core/Src/syscalls.o
LOAD ./Core/Src/sysmem.o
LOAD ./Core/Src/system_stm32f4xx.o
LOAD ./Core/Src/tim.o
LOAD ./Core/Src/timer.o
LOAD ./Core/Src/usart.o
LOAD ./Core/Src/usb.o
LOAD ./Core/Startup/startup_stm32f446retx.o
LOAD ./Drivers/STM32F4xx_HAL_Driver/Src/stm32f4xx_hal.o
LOAD ./Drivers/STM32F4xx_HAL_Driver/Src/stm32f4xx_hal_adc.o
LOAD ./Drivers/STM32F4xx_HAL_Driver/Src/stm32f4xx_hal_adc_ex.o
LOAD ./Drivers/STM32F4xx_HAL_Driver/Src/stm32f4xx_hal_cortex.o
LOAD ./Drivers/STM32F4xx_HAL_Driver/Src/stm32f4xx_hal_dma.o
LOAD ./Drivers/STM32F4xx_HAL_Driver/Src/stm32f4xx_hal_dma_ex.o
LOAD ./Drivers/STM32F4xx_HAL_Driver/Src/stm32f4xx_hal_exti.o
LOAD ./Drivers/STM32F4xx_HAL_Driver/Src/stm32f4xx_hal_flash.o
LOAD ./Drivers/STM32F4xx_HAL_Driver/Src/stm32f4xx_hal_flash_ex.o
LOAD ./Drivers/STM32F4xx_HAL_Driver/Src/stm32f4xx_hal_flash_ramfunc.o
LOAD ./Drivers/STM32F4xx_HAL_Driver/Src/stm32f4xx_hal_gpio.o
LOAD ./Drivers/STM32F4xx_HAL_Driver/Src/stm32f4xx_hal_pcd.o
LOAD ./Drivers/STM32F4xx_HAL_Driver/Src/stm32f4xx_hal_pcd_ex.o
LOAD ./Drivers/STM32F4xx_HAL_Driver/Src/stm32f4xx_hal_pwr.o
LOAD ./Drivers/STM32F4xx_HAL_Driver/Src/stm32f4xx_hal_pwr_ex.o
LOAD ./Drivers/STM32F4xx_HAL_Driver/Src/stm32f4xx_hal_rcc.o
LOAD ./Drivers/STM32F4xx_HAL_Driver/Src/stm32f4xx_hal_rcc_ex.o
LOAD ./Drivers/STM32F4xx_HAL_Driver/Src/stm32f4xx_hal_spi.o
LOAD ./Drivers/STM32F4xx_HAL_Driver/Src/stm32f4xx_hal_tim.o
LOAD ./Drivers/STM32F4xx_HAL_Driver/Src/stm32f4xx_hal_tim_ex.o
LOAD ./Drivers/STM32F4xx_HAL_Driver/Src/stm32f4xx_hal_uart.o
LOAD ./Drivers/STM32F4xx_HAL_Driver/Src/stm32f4xx_ll_adc.o
LOAD ./Drivers/STM32F4xx_HAL_Driver/Src/stm32f4xx_ll_usb.o
LOAD ./Middlewares/ST/STM32_USB_Device_Library/Class/CDC/Src/usbd_cdc.o
LOAD ./Middlewares/ST/STM32_USB_Device_Library/Core/Src/usbd_core.o
LOAD ./Middlewares/ST/STM32_USB_Device_Library/Core/Src/usbd_ctlreq.o
LOAD ./Middlewares/ST/STM32_USB_Device_Library/Core/Src/usbd_ioreq.o
LOAD ./USB_DEVICE/App/usb_device.o
LOAD ./USB_DEVICE/App/usbd_cdc_if.o
LOAD ./USB_DEVICE/App/usbd_desc.o
LOAD ./USB_DEVICE/Target/usbd_conf.o
START GROUP
LOAD c:/st/stm32cubeide_1.12.0/stm32cubeide/plugins/com.st.stm32cube.ide.mcu.externaltools.gnu-tools-for-stm32.10.3-2021.10.win32_1.0.200.202301161003/tools/bin/../lib/gcc/arm-none-eabi/10.3.1/../../../../arm-none-eabi/lib/thumb/v7e-m+fp/hard\libc_nano.a
LOAD c:/st/stm32cubeide_1.12.0/stm32cubeide/plugins/com.st.stm32cube.ide.mcu.externaltools.gnu-tools-for-stm32.10.3-2021.10.win32_1.0.200.202301161003/tools/bin/../lib/gcc/arm-none-eabi/10.3.1/../../../../arm-none-eabi/lib/thumb/v7e-m+fp/hard\libm.a
END GROUP
START GROUP
LOAD c:/st/stm32cubeide_1.12.0/stm32cubeide/plugins/com.st.stm32cube.ide.mcu.externaltools.gnu-tools-for-stm32.10.3-2021.10.win32_1.0.200.202301161003/tools/bin/../lib/gcc/arm-none-eabi/10.3.1/thumb/v7e-m+fp/hard\libgcc.a
LOAD c:/st/stm32cubeide_1.12.0/stm32cubeide/plugins/com.st.stm32cube.ide.mcu.externaltools.gnu-tools-for-stm32.10.3-2021.10.win32_1.0.200.202301161003/tools/bin/../lib/gcc/arm-none-eabi/10.3.1/../../../../arm-none-eabi/lib/thumb/v7e-m+fp/hard\libc_nano.a
END GROUP
START GROUP
LOAD c:/st/stm32cubeide_1.12.0/stm32cubeide/plugins/com.st.stm32cube.ide.mcu.externaltools.gnu-tools-for-stm32.10.3-2021.10.win32_1.0.200.202301161003/tools/bin/../lib/gcc/arm-none-eabi/10.3.1/thumb/v7e-m+fp/hard\libgcc.a
LOAD c:/st/stm32cubeide_1.12.0/stm32cubeide/plugins/com.st.stm32cube.ide.mcu.externaltools.gnu-tools-for-stm32.10.3-2021.10.win32_1.0.200.202301161003/tools/bin/../lib/gcc/arm-none-eabi/10.3.1/../../../../arm-none-eabi/lib/thumb/v7e-m+fp/hard\libc_nano.a
LOAD c:/st/stm32cubeide_1.12.0/stm32cubeide/plugins/com.st.stm32cube.ide.mcu.externaltools.gnu-tools-for-stm32.10.3-2021.10.win32_1.0.200.202301161003/tools/bin/../lib/gcc/arm-none-eabi/10.3.1/../../../../arm-none-eabi/lib/thumb/v7e-m+fp/hard\libnosys.a
END GROUP
START GROUP
LOAD c:/st/stm32cubeide_1.12.0/stm32cubeide/plugins/com.st.stm32cube.ide.mcu.externaltools.gnu-tools-for-stm32.10.3-2021.10.win32_1.0.200.202301161003/tools/bin/../lib/gcc/arm-none-eabi/10.3.1/thumb/v7e-m+fp/hard\libgcc.a
LOAD c:/st/stm32cubeide_1.12.0/stm32cubeide/plugins/com.st.stm32cube.ide.mcu.externaltools.gnu-tools-for-stm32.10.3-2021.10.win32_1.0.200.202301161003/tools/bin/../lib/gcc/arm-none-eabi/10.3.1/../../../../arm-none-eabi/lib/thumb/v7e-m+fp/hard\libc_nano.a
LOAD c:/st/stm32cubeide_1.12.0/stm32cubeide/plugins/com.st.stm32cube.ide.mcu.externaltools.gnu-tools-for-stm32.10.3-2021.10.win32_1.0.200.202301161003/tools/bin/../lib/gcc/arm-none-eabi/10.3.1/../../../../arm-none-eabi/lib/thumb/v7e-m+fp/hard\libnosys.a
END GROUP
LOAD c:/st/stm32cubeide_1.12.0/stm32cubeide/plugins/com.st.stm32cube.ide.mcu.externaltools.gnu-tools-for-stm32.10.3-2021.10.win32_1.0.200.202301161003/tools/bin/../lib/gcc/arm-none-eabi/10.3.1/thumb/v7e-m+fp/hard/crtend.o
LOAD c:/st/stm32cubeide_1.12.0/stm32cubeide/plugins/com.st.stm32cube.ide.mcu.externaltools.gnu-tools-for-stm32.10.3-2021.10.win32_1.0.200.202301161003/tools/bin/../lib/gcc/arm-none-eabi/10.3.1/thumb/v7e-m+fp/hard/crtn.o
                0x0000000020020000                _estack = (ORIGIN (RAM) + LENGTH (RAM))
                0x0000000000000200                _Min_Heap_Size = 0x200
                0x0000000000000400                _Min_Stack_Size = 0x400

.isr_vector     0x0000000008000000      0x1c4
                0x0000000008000000                . = ALIGN (0x4)
 *(.isr_vector)
 .isr_vector    0x0000000008000000      0x1c4 ./Core/Startup/startup_stm32f446retx.o
                0x0000000008000000                g_pfnVectors
                0x00000000080001c4                . = ALIGN (0x4)

.text           0x00000000080001c4     0xb208
                0x00000000080001c4                . = ALIGN (0x4)
 *(.text)
 .text          0x00000000080001c4       0x40 c:/st/stm32cubeide_1.12.0/stm32cubeide/plugins/com.st.stm32cube.ide.mcu.externaltools.gnu-tools-for-stm32.10.3-2021.10.win32_1.0.200.202301161003/tools/bin/../lib/gcc/arm-none-eabi/10.3.1/thumb/v7e-m+fp/hard/crtbegin.o
 .text          0x0000000008000204      0x378 c:/st/stm32cubeide_1.12.0/stm32cubeide/plugins/com.st.stm32cube.ide.mcu.externaltools.gnu-tools-for-stm32.10.3-2021.10.win32_1.0.200.202301161003/tools/bin/../lib/gcc/arm-none-eabi/10.3.1/thumb/v7e-m+fp/hard\libgcc.a(_arm_addsubdf3.o)
                0x0000000008000204                __aeabi_drsub
                0x000000000800020c                __aeabi_dsub
                0x000000000800020c                __subdf3
                0x0000000008000210                __aeabi_dadd
                0x0000000008000210                __adddf3
                0x0000000008000488                __floatunsidf
                0x0000000008000488                __aeabi_ui2d
                0x00000000080004a8                __floatsidf
                0x00000000080004a8                __aeabi_i2d
                0x00000000080004cc                __aeabi_f2d
                0x00000000080004cc                __extendsfdf2
                0x0000000008000510                __floatundidf
                0x0000000008000510                __aeabi_ul2d
                0x0000000008000520                __floatdidf
                0x0000000008000520                __aeabi_l2d
 .text          0x000000000800057c      0x424 c:/st/stm32cubeide_1.12.0/stm32cubeide/plugins/com.st.stm32cube.ide.mcu.externaltools.gnu-tools-for-stm32.10.3-2021.10.win32_1.0.200.202301161003/tools/bin/../lib/gcc/arm-none-eabi/10.3.1/thumb/v7e-m+fp/hard\libgcc.a(_arm_muldivdf3.o)
                0x000000000800057c                __aeabi_dmul
                0x000000000800057c                __muldf3
                0x00000000080007d0                __divdf3
                0x00000000080007d0                __aeabi_ddiv
 .text          0x00000000080009a0      0x110 c:/st/stm32cubeide_1.12.0/stm32cubeide/plugins/com.st.stm32cube.ide.mcu.externaltools.gnu-tools-for-stm32.10.3-2021.10.win32_1.0.200.202301161003/tools/bin/../lib/gcc/arm-none-eabi/10.3.1/thumb/v7e-m+fp/hard\libgcc.a(_arm_cmpdf2.o)
                0x00000000080009a0                __gtdf2
                0x00000000080009a0                __gedf2
                0x00000000080009a8                __ltdf2
                0x00000000080009a8                __ledf2
                0x00000000080009b0                __nedf2
                0x00000000080009b0                __eqdf2
                0x00000000080009b0                __cmpdf2
                0x0000000008000a2c                __aeabi_cdrcmple
                0x0000000008000a3c                __aeabi_cdcmpeq
                0x0000000008000a3c                __aeabi_cdcmple
                0x0000000008000a4c                __aeabi_dcmpeq
                0x0000000008000a60                __aeabi_dcmplt
                0x0000000008000a74                __aeabi_dcmple
                0x0000000008000a88                __aeabi_dcmpge
                0x0000000008000a9c                __aeabi_dcmpgt
 .text          0x0000000008000ab0       0xa0 c:/st/stm32cubeide_1.12.0/stm32cubeide/plugins/com.st.stm32cube.ide.mcu.externaltools.gnu-tools-for-stm32.10.3-2021.10.win32_1.0.200.202301161003/tools/bin/../lib/gcc/arm-none-eabi/10.3.1/thumb/v7e-m+fp/hard\libgcc.a(_arm_truncdfsf2.o)
                0x0000000008000ab0                __truncdfsf2
                0x0000000008000ab0                __aeabi_d2f
 .text          0x0000000008000b50       0x30 c:/st/stm32cubeide_1.12.0/stm32cubeide/plugins/com.st.stm32cube.ide.mcu.externaltools.gnu-tools-for-stm32.10.3-2021.10.win32_1.0.200.202301161003/tools/bin/../lib/gcc/arm-none-eabi/10.3.1/thumb/v7e-m+fp/hard\libgcc.a(_aeabi_uldivmod.o)
                0x0000000008000b50                __aeabi_uldivmod
 .text          0x0000000008000b80      0x2d0 c:/st/stm32cubeide_1.12.0/stm32cubeide/plugins/com.st.stm32cube.ide.mcu.externaltools.gnu-tools-for-stm32.10.3-2021.10.win32_1.0.200.202301161003/tools/bin/../lib/gcc/arm-none-eabi/10.3.1/thumb/v7e-m+fp/hard\libgcc.a(_udivmoddi4.o)
                0x0000000008000b80                __udivmoddi4
 .text          0x0000000008000e50        0x4 c:/st/stm32cubeide_1.12.0/stm32cubeide/plugins/com.st.stm32cube.ide.mcu.externaltools.gnu-tools-for-stm32.10.3-2021.10.win32_1.0.200.202301161003/tools/bin/../lib/gcc/arm-none-eabi/10.3.1/thumb/v7e-m+fp/hard\libgcc.a(_dvmd_tls.o)
                0x0000000008000e50                __aeabi_idiv0
                0x0000000008000e50                __aeabi_ldiv0
 *(.text*)
 .text.PIDInit  0x0000000008000e54       0x50 ./Core/Src/PID.o
                0x0000000008000e54                PIDInit
 .text.PIDContollerUpdate
                0x0000000008000ea4      0x100 ./Core/Src/PID.o
                0x0000000008000ea4                PIDContollerUpdate
 .text.MX_ADC1_Init
                0x0000000008000fa4       0xa4 ./Core/Src/adc.o
                0x0000000008000fa4                MX_ADC1_Init
 .text.HAL_ADC_MspInit
                0x0000000008001048       0x88 ./Core/Src/adc.o
                0x0000000008001048                HAL_ADC_MspInit
 .text.CharacteristicInit
                0x00000000080010d0       0x58 ./Core/Src/characteristic.o
                0x00000000080010d0                CharacteristicInit
 .text.GetTotalTime
                0x0000000008001128       0x24 ./Core/Src/characteristic.o
                0x0000000008001128                GetTotalTime
 .text.GetDeltaRising
                0x000000000800114c       0x24 ./Core/Src/characteristic.o
                0x000000000800114c                GetDeltaRising
 .text.GetDeltaFalling
                0x0000000008001170       0x24 ./Core/Src/characteristic.o
                0x0000000008001170                GetDeltaFalling
 .text.CalculateSetPoint
                0x0000000008001194      0x21c ./Core/Src/characteristic.o
                0x0000000008001194                CalculateSetPoint
 .text.enterCriticalSection
                0x00000000080013b0       0x12 ./Core/Src/components.o
                0x00000000080013b0                enterCriticalSection
 .text.exitCriticalSection
                0x00000000080013c2       0x12 ./Core/Src/components.o
                0x00000000080013c2                exitCriticalSection
 .text.GetDigits
                0x00000000080013d4       0x6c ./Core/Src/display.o
                0x00000000080013d4                GetDigits
 .text.convertTo7Segment
                0x0000000008001440       0x90 ./Core/Src/display.o
                0x0000000008001440                convertTo7Segment
 .text.DisplayValue
                0x00000000080014d0       0x40 ./Core/Src/display.o
                0x00000000080014d0                DisplayValue
 .text.EnableDisplays
                0x0000000008001510       0x2c ./Core/Src/display.o
                0x0000000008001510                EnableDisplays
 .text.InitEncoder
                0x000000000800153c       0xc0 ./Core/Src/encoder.o
                0x000000000800153c                InitEncoder
 .text.HallEncoder_GetRPM
                0x00000000080015fc       0x70 ./Core/Src/encoder.o
                0x00000000080015fc                HallEncoder_GetRPM
 .text.MX_GPIO_Init
                0x000000000800166c      0x158 ./Core/Src/gpio.o
                0x000000000800166c                MX_GPIO_Init
 .text.main     0x00000000080017c4       0x68 ./Core/Src/main.o
                0x00000000080017c4                main
 .text.SystemClock_Config
                0x000000000800182c       0xd8 ./Core/Src/main.o
                0x000000000800182c                SystemClock_Config
 .text.Error_Handler
                0x0000000008001904        0xa ./Core/Src/main.o
                0x0000000008001904                Error_Handler
 *fill*         0x000000000800190e        0x2 
 .text.InitMotorPWM
                0x0000000008001910      0x150 ./Core/Src/motor.o
                0x0000000008001910                InitMotorPWM
 .text.SetPWM   0x0000000008001a60       0x3e ./Core/Src/motor.o
                0x0000000008001a60                SetPWM
 *fill*         0x0000000008001a9e        0x2 
 .text.SetMotorCh1
                0x0000000008001aa0       0x24 ./Core/Src/motor.o
                0x0000000008001aa0                SetMotorCh1
 .text.SetMotorCh2
                0x0000000008001ac4       0x24 ./Core/Src/motor.o
                0x0000000008001ac4                SetMotorCh2
 .text.MX_SPI2_Init
                0x0000000008001ae8       0x6c ./Core/Src/spi.o
                0x0000000008001ae8                MX_SPI2_Init
 .text.HAL_SPI_MspInit
                0x0000000008001b54       0xe0 ./Core/Src/spi.o
                0x0000000008001b54                HAL_SPI_MspInit
 .text.SPI_EnableChip
                0x0000000008001c34       0x24 ./Core/Src/spi.o
                0x0000000008001c34                SPI_EnableChip
 .text.SPI_SEND
                0x0000000008001c58       0x28 ./Core/Src/spi.o
                0x0000000008001c58                SPI_SEND
 .text.HAL_MspInit
                0x0000000008001c80       0x50 ./Core/Src/stm32f4xx_hal_msp.o
                0x0000000008001c80                HAL_MspInit
 .text.NMI_Handler
                0x0000000008001cd0        0x6 ./Core/Src/stm32f4xx_it.o
                0x0000000008001cd0                NMI_Handler
 .text.HardFault_Handler
                0x0000000008001cd6        0x6 ./Core/Src/stm32f4xx_it.o
                0x0000000008001cd6                HardFault_Handler
 .text.MemManage_Handler
                0x0000000008001cdc        0x6 ./Core/Src/stm32f4xx_it.o
                0x0000000008001cdc                MemManage_Handler
 .text.BusFault_Handler
                0x0000000008001ce2        0x6 ./Core/Src/stm32f4xx_it.o
                0x0000000008001ce2                BusFault_Handler
 .text.UsageFault_Handler
                0x0000000008001ce8        0x6 ./Core/Src/stm32f4xx_it.o
                0x0000000008001ce8                UsageFault_Handler
 .text.SVC_Handler
                0x0000000008001cee        0xe ./Core/Src/stm32f4xx_it.o
                0x0000000008001cee                SVC_Handler
 .text.DebugMon_Handler
                0x0000000008001cfc        0xe ./Core/Src/stm32f4xx_it.o
                0x0000000008001cfc                DebugMon_Handler
 .text.PendSV_Handler
                0x0000000008001d0a        0xe ./Core/Src/stm32f4xx_it.o
                0x0000000008001d0a                PendSV_Handler
 .text.SysTick_Handler
                0x0000000008001d18        0xc ./Core/Src/stm32f4xx_it.o
                0x0000000008001d18                SysTick_Handler
 .text.SPI2_IRQHandler
                0x0000000008001d24       0x14 ./Core/Src/stm32f4xx_it.o
                0x0000000008001d24                SPI2_IRQHandler
 .text.OTG_FS_IRQHandler
                0x0000000008001d38       0x14 ./Core/Src/stm32f4xx_it.o
                0x0000000008001d38                OTG_FS_IRQHandler
 .text.SystemInit
                0x0000000008001d4c       0x24 ./Core/Src/system_stm32f4xx.o
                0x0000000008001d4c                SystemInit
 .text.MX_TIM10_Init
                0x0000000008001d70       0x48 ./Core/Src/tim.o
                0x0000000008001d70                MX_TIM10_Init
 .text.HAL_TIM_Base_MspInit
                0x0000000008001db8       0x44 ./Core/Src/tim.o
                0x0000000008001db8                HAL_TIM_Base_MspInit
 .text.InitTimer
                0x0000000008001dfc       0x7c ./Core/Src/timer.o
                0x0000000008001dfc                InitTimer
 .text.TIM7_IRQHandler
                0x0000000008001e78       0x14 ./Core/Src/timer.o
                0x0000000008001e78                TIM7_IRQHandler
 .text.TimerHandler
                0x0000000008001e8c       0xdc ./Core/Src/timer.o
                0x0000000008001e8c                TimerHandler
 .text.HAL_TIM_PeriodElapsedCallback
                0x0000000008001f68       0x24 ./Core/Src/timer.o
                0x0000000008001f68                HAL_TIM_PeriodElapsedCallback
 .text.MX_USART2_UART_Init
                0x0000000008001f8c       0x64 ./Core/Src/usart.o
                0x0000000008001f8c                MX_USART2_UART_Init
 .text.HAL_UART_MspInit
                0x0000000008001ff0       0x90 ./Core/Src/usart.o
                0x0000000008001ff0                HAL_UART_MspInit
 .text.Reset_Handler
                0x0000000008002080       0x50 ./Core/Startup/startup_stm32f446retx.o
                0x0000000008002080                Reset_Handler
 .text.Default_Handler
                0x00000000080020d0        0x2 ./Core/Startup/startup_stm32f446retx.o
                0x00000000080020d0                RTC_Alarm_IRQHandler
                0x00000000080020d0                EXTI2_IRQHandler
                0x00000000080020d0                TIM8_CC_IRQHandler
                0x00000000080020d0                FMPI2C1_EV_IRQHandler
                0x00000000080020d0                SPI4_IRQHandler
                0x00000000080020d0                TIM1_CC_IRQHandler
                0x00000000080020d0                DMA2_Stream5_IRQHandler
                0x00000000080020d0                DMA1_Stream5_IRQHandler
                0x00000000080020d0                PVD_IRQHandler
                0x00000000080020d0                SDIO_IRQHandler
                0x00000000080020d0                TAMP_STAMP_IRQHandler
                0x00000000080020d0                CAN2_RX1_IRQHandler
                0x00000000080020d0                EXTI3_IRQHandler
                0x00000000080020d0                TIM8_TRG_COM_TIM14_IRQHandler
                0x00000000080020d0                TIM1_UP_TIM10_IRQHandler
                0x00000000080020d0                TIM8_UP_TIM13_IRQHandler
                0x00000000080020d0                I2C3_ER_IRQHandler
                0x00000000080020d0                EXTI0_IRQHandler
                0x00000000080020d0                I2C2_EV_IRQHandler
                0x00000000080020d0                DMA1_Stream2_IRQHandler
                0x00000000080020d0                CAN1_RX0_IRQHandler
                0x00000000080020d0                FPU_IRQHandler
                0x00000000080020d0                OTG_HS_WKUP_IRQHandler
                0x00000000080020d0                CAN2_SCE_IRQHandler
                0x00000000080020d0                DMA2_Stream2_IRQHandler
                0x00000000080020d0                SPI1_IRQHandler
                0x00000000080020d0                TIM6_DAC_IRQHandler
                0x00000000080020d0                TIM1_BRK_TIM9_IRQHandler
                0x00000000080020d0                DCMI_IRQHandler
                0x00000000080020d0                CAN2_RX0_IRQHandler
                0x00000000080020d0                DMA2_Stream3_IRQHandler
                0x00000000080020d0                SAI2_IRQHandler
                0x00000000080020d0                USART6_IRQHandler
                0x00000000080020d0                USART3_IRQHandler
                0x00000000080020d0                CAN1_RX1_IRQHandler
                0x00000000080020d0                UART5_IRQHandler
                0x00000000080020d0                DMA2_Stream0_IRQHandler
                0x00000000080020d0                TIM4_IRQHandler
                0x00000000080020d0                QUADSPI_IRQHandler
                0x00000000080020d0                I2C1_EV_IRQHandler
                0x00000000080020d0                DMA1_Stream6_IRQHandler
                0x00000000080020d0                DMA1_Stream1_IRQHandler
                0x00000000080020d0                UART4_IRQHandler
                0x00000000080020d0                TIM3_IRQHandler
                0x00000000080020d0                RCC_IRQHandler
                0x00000000080020d0                TIM8_BRK_TIM12_IRQHandler
                0x00000000080020d0                Default_Handler
                0x00000000080020d0                CEC_IRQHandler
                0x00000000080020d0                EXTI15_10_IRQHandler
                0x00000000080020d0                ADC_IRQHandler
                0x00000000080020d0                DMA1_Stream7_IRQHandler
                0x00000000080020d0                CAN2_TX_IRQHandler
                0x00000000080020d0                TIM5_IRQHandler
                0x00000000080020d0                DMA2_Stream7_IRQHandler
                0x00000000080020d0                I2C3_EV_IRQHandler
                0x00000000080020d0                EXTI9_5_IRQHandler
                0x00000000080020d0                RTC_WKUP_IRQHandler
                0x00000000080020d0                SPDIF_RX_IRQHandler
                0x00000000080020d0                OTG_HS_EP1_IN_IRQHandler
                0x00000000080020d0                DMA1_Stream0_IRQHandler
                0x00000000080020d0                CAN1_TX_IRQHandler
                0x00000000080020d0                FMPI2C1_ER_IRQHandler
                0x00000000080020d0                EXTI4_IRQHandler
                0x00000000080020d0                OTG_HS_EP1_OUT_IRQHandler
                0x00000000080020d0                WWDG_IRQHandler
                0x00000000080020d0                TIM2_IRQHandler
                0x00000000080020d0                OTG_FS_WKUP_IRQHandler
                0x00000000080020d0                TIM1_TRG_COM_TIM11_IRQHandler
                0x00000000080020d0                OTG_HS_IRQHandler
                0x00000000080020d0                EXTI1_IRQHandler
                0x00000000080020d0                USART2_IRQHandler
                0x00000000080020d0                I2C2_ER_IRQHandler
                0x00000000080020d0                DMA2_Stream1_IRQHandler
                0x00000000080020d0                CAN1_SCE_IRQHandler
                0x00000000080020d0                FLASH_IRQHandler
                0x00000000080020d0                DMA2_Stream4_IRQHandler
                0x00000000080020d0                USART1_IRQHandler
                0x00000000080020d0                SPI3_IRQHandler
                0x00000000080020d0                DMA1_Stream4_IRQHandler
                0x00000000080020d0                I2C1_ER_IRQHandler
                0x00000000080020d0                FMC_IRQHandler
                0x00000000080020d0                DMA2_Stream6_IRQHandler
                0x00000000080020d0                SAI1_IRQHandler
                0x00000000080020d0                DMA1_Stream3_IRQHandler
 *fill*         0x00000000080020d2        0x2 
 .text.HAL_Init
                0x00000000080020d4       0x44 ./Drivers/STM32F4xx_HAL_Driver/Src/stm32f4xx_hal.o
                0x00000000080020d4                HAL_Init
 .text.HAL_InitTick
                0x0000000008002118       0x60 ./Drivers/STM32F4xx_HAL_Driver/Src/stm32f4xx_hal.o
                0x0000000008002118                HAL_InitTick
 .text.HAL_IncTick
                0x0000000008002178       0x28 ./Drivers/STM32F4xx_HAL_Driver/Src/stm32f4xx_hal.o
                0x0000000008002178                HAL_IncTick
 .text.HAL_GetTick
                0x00000000080021a0       0x18 ./Drivers/STM32F4xx_HAL_Driver/Src/stm32f4xx_hal.o
                0x00000000080021a0                HAL_GetTick
 .text.HAL_Delay
                0x00000000080021b8       0x48 ./Drivers/STM32F4xx_HAL_Driver/Src/stm32f4xx_hal.o
                0x00000000080021b8                HAL_Delay
 .text.HAL_ADC_Init
                0x0000000008002200       0x86 ./Drivers/STM32F4xx_HAL_Driver/Src/stm32f4xx_hal_adc.o
                0x0000000008002200                HAL_ADC_Init
 *fill*         0x0000000008002286        0x2 
 .text.HAL_ADC_ConfigChannel
                0x0000000008002288      0x264 ./Drivers/STM32F4xx_HAL_Driver/Src/stm32f4xx_hal_adc.o
                0x0000000008002288                HAL_ADC_ConfigChannel
 .text.ADC_Init
                0x00000000080024ec      0x1f8 ./Drivers/STM32F4xx_HAL_Driver/Src/stm32f4xx_hal_adc.o
 .text.__NVIC_SetPriorityGrouping
                0x00000000080026e4       0x48 ./Drivers/STM32F4xx_HAL_Driver/Src/stm32f4xx_hal_cortex.o
 .text.__NVIC_GetPriorityGrouping
                0x000000000800272c       0x1c ./Drivers/STM32F4xx_HAL_Driver/Src/stm32f4xx_hal_cortex.o
 .text.__NVIC_EnableIRQ
                0x0000000008002748       0x3c ./Drivers/STM32F4xx_HAL_Driver/Src/stm32f4xx_hal_cortex.o
 .text.__NVIC_SetPriority
                0x0000000008002784       0x54 ./Drivers/STM32F4xx_HAL_Driver/Src/stm32f4xx_hal_cortex.o
 .text.NVIC_EncodePriority
                0x00000000080027d8       0x66 ./Drivers/STM32F4xx_HAL_Driver/Src/stm32f4xx_hal_cortex.o
 *fill*         0x000000000800283e        0x2 
 .text.SysTick_Config
                0x0000000008002840       0x44 ./Drivers/STM32F4xx_HAL_Driver/Src/stm32f4xx_hal_cortex.o
 .text.HAL_NVIC_SetPriorityGrouping
                0x0000000008002884       0x16 ./Drivers/STM32F4xx_HAL_Driver/Src/stm32f4xx_hal_cortex.o
                0x0000000008002884                HAL_NVIC_SetPriorityGrouping
 .text.HAL_NVIC_SetPriority
                0x000000000800289a       0x38 ./Drivers/STM32F4xx_HAL_Driver/Src/stm32f4xx_hal_cortex.o
                0x000000000800289a                HAL_NVIC_SetPriority
 .text.HAL_NVIC_EnableIRQ
                0x00000000080028d2       0x1c ./Drivers/STM32F4xx_HAL_Driver/Src/stm32f4xx_hal_cortex.o
                0x00000000080028d2                HAL_NVIC_EnableIRQ
 .text.HAL_SYSTICK_Config
                0x00000000080028ee       0x18 ./Drivers/STM32F4xx_HAL_Driver/Src/stm32f4xx_hal_cortex.o
                0x00000000080028ee                HAL_SYSTICK_Config
 .text.HAL_DMA_Abort_IT
                0x0000000008002906       0x44 ./Drivers/STM32F4xx_HAL_Driver/Src/stm32f4xx_hal_dma.o
                0x0000000008002906                HAL_DMA_Abort_IT
 *fill*         0x000000000800294a        0x2 
 .text.HAL_GPIO_Init
                0x000000000800294c      0x328 ./Drivers/STM32F4xx_HAL_Driver/Src/stm32f4xx_hal_gpio.o
                0x000000000800294c                HAL_GPIO_Init
 .text.HAL_GPIO_WritePin
                0x0000000008002c74       0x32 ./Drivers/STM32F4xx_HAL_Driver/Src/stm32f4xx_hal_gpio.o
                0x0000000008002c74                HAL_GPIO_WritePin
 .text.HAL_PCD_Init
                0x0000000008002ca6      0x248 ./Drivers/STM32F4xx_HAL_Driver/Src/stm32f4xx_hal_pcd.o
                0x0000000008002ca6                HAL_PCD_Init
 .text.HAL_PCD_Start
                0x0000000008002eee       0x66 ./Drivers/STM32F4xx_HAL_Driver/Src/stm32f4xx_hal_pcd.o
                0x0000000008002eee                HAL_PCD_Start
 .text.HAL_PCD_IRQHandler
                0x0000000008002f54      0x998 ./Drivers/STM32F4xx_HAL_Driver/Src/stm32f4xx_hal_pcd.o
                0x0000000008002f54                HAL_PCD_IRQHandler
 .text.HAL_PCD_SetAddress
                0x00000000080038ec       0x4a ./Drivers/STM32F4xx_HAL_Driver/Src/stm32f4xx_hal_pcd.o
                0x00000000080038ec                HAL_PCD_SetAddress
 .text.HAL_PCD_EP_Open
                0x0000000008003936       0xd0 ./Drivers/STM32F4xx_HAL_Driver/Src/stm32f4xx_hal_pcd.o
                0x0000000008003936                HAL_PCD_EP_Open
 .text.HAL_PCD_EP_Close
                0x0000000008003a06       0x94 ./Drivers/STM32F4xx_HAL_Driver/Src/stm32f4xx_hal_pcd.o
                0x0000000008003a06                HAL_PCD_EP_Close
 .text.HAL_PCD_EP_Receive
                0x0000000008003a9a       0x96 ./Drivers/STM32F4xx_HAL_Driver/Src/stm32f4xx_hal_pcd.o
                0x0000000008003a9a                HAL_PCD_EP_Receive
 .text.HAL_PCD_EP_GetRxCount
                0x0000000008003b30       0x30 ./Drivers/STM32F4xx_HAL_Driver/Src/stm32f4xx_hal_pcd.o
                0x0000000008003b30                HAL_PCD_EP_GetRxCount
 .text.HAL_PCD_EP_Transmit
                0x0000000008003b60       0x94 ./Drivers/STM32F4xx_HAL_Driver/Src/stm32f4xx_hal_pcd.o
                0x0000000008003b60                HAL_PCD_EP_Transmit
 .text.HAL_PCD_EP_SetStall
                0x0000000008003bf4       0xc8 ./Drivers/STM32F4xx_HAL_Driver/Src/stm32f4xx_hal_pcd.o
                0x0000000008003bf4                HAL_PCD_EP_SetStall
 .text.HAL_PCD_EP_ClrStall
                0x0000000008003cbc       0xac ./Drivers/STM32F4xx_HAL_Driver/Src/stm32f4xx_hal_pcd.o
                0x0000000008003cbc                HAL_PCD_EP_ClrStall
 .text.HAL_PCD_EP_Abort
                0x0000000008003d68       0x62 ./Drivers/STM32F4xx_HAL_Driver/Src/stm32f4xx_hal_pcd.o
                0x0000000008003d68                HAL_PCD_EP_Abort
 .text.PCD_WriteEmptyTxFifo
                0x0000000008003dca      0x11a ./Drivers/STM32F4xx_HAL_Driver/Src/stm32f4xx_hal_pcd.o
 .text.PCD_EP_OutXfrComplete_int
                0x0000000008003ee4      0x1d0 ./Drivers/STM32F4xx_HAL_Driver/Src/stm32f4xx_hal_pcd.o
 .text.PCD_EP_OutSetupPacket_int
                0x00000000080040b4       0x8c ./Drivers/STM32F4xx_HAL_Driver/Src/stm32f4xx_hal_pcd.o
 .text.HAL_PCDEx_SetTxFiFo
                0x0000000008004140       0x8e ./Drivers/STM32F4xx_HAL_Driver/Src/stm32f4xx_hal_pcd_ex.o
                0x0000000008004140                HAL_PCDEx_SetTxFiFo
 .text.HAL_PCDEx_SetRxFiFo
                0x00000000080041ce       0x22 ./Drivers/STM32F4xx_HAL_Driver/Src/stm32f4xx_hal_pcd_ex.o
                0x00000000080041ce                HAL_PCDEx_SetRxFiFo
 .text.HAL_PCDEx_ActivateLPM
                0x00000000080041f0       0x48 ./Drivers/STM32F4xx_HAL_Driver/Src/stm32f4xx_hal_pcd_ex.o
                0x00000000080041f0                HAL_PCDEx_ActivateLPM
 .text.HAL_RCC_ClockConfig
                0x0000000008004238      0x1cc ./Drivers/STM32F4xx_HAL_Driver/Src/stm32f4xx_hal_rcc.o
                0x0000000008004238                HAL_RCC_ClockConfig
 .text.HAL_RCC_GetHCLKFreq
                0x0000000008004404       0x18 ./Drivers/STM32F4xx_HAL_Driver/Src/stm32f4xx_hal_rcc.o
                0x0000000008004404                HAL_RCC_GetHCLKFreq
 .text.HAL_RCC_GetPCLK1Freq
                0x000000000800441c       0x28 ./Drivers/STM32F4xx_HAL_Driver/Src/stm32f4xx_hal_rcc.o
                0x000000000800441c                HAL_RCC_GetPCLK1Freq
 .text.HAL_RCC_GetPCLK2Freq
                0x0000000008004444       0x28 ./Drivers/STM32F4xx_HAL_Driver/Src/stm32f4xx_hal_rcc.o
                0x0000000008004444                HAL_RCC_GetPCLK2Freq
 .text.HAL_RCCEx_PeriphCLKConfig
                0x000000000800446c      0x654 ./Drivers/STM32F4xx_HAL_Driver/Src/stm32f4xx_hal_rcc_ex.o
                0x000000000800446c                HAL_RCCEx_PeriphCLKConfig
 .text.HAL_RCC_GetSysClockFreq
                0x0000000008004ac0      0x460 ./Drivers/STM32F4xx_HAL_Driver/Src/stm32f4xx_hal_rcc_ex.o
                0x0000000008004ac0                HAL_RCC_GetSysClockFreq
 .text.HAL_RCC_OscConfig
                0x0000000008004f20      0x53c ./Drivers/STM32F4xx_HAL_Driver/Src/stm32f4xx_hal_rcc_ex.o
                0x0000000008004f20                HAL_RCC_OscConfig
 .text.HAL_SPI_Init
                0x000000000800545c      0x112 ./Drivers/STM32F4xx_HAL_Driver/Src/stm32f4xx_hal_spi.o
                0x000000000800545c                HAL_SPI_Init
 .text.HAL_SPI_Transmit
                0x000000000800556e      0x278 ./Drivers/STM32F4xx_HAL_Driver/Src/stm32f4xx_hal_spi.o
                0x000000000800556e                HAL_SPI_Transmit
 *fill*         0x00000000080057e6        0x2 
 .text.HAL_SPI_IRQHandler
                0x00000000080057e8      0x200 ./Drivers/STM32F4xx_HAL_Driver/Src/stm32f4xx_hal_spi.o
                0x00000000080057e8                HAL_SPI_IRQHandler
 .text.HAL_SPI_ErrorCallback
                0x00000000080059e8       0x14 ./Drivers/STM32F4xx_HAL_Driver/Src/stm32f4xx_hal_spi.o
                0x00000000080059e8                HAL_SPI_ErrorCallback
 .text.SPI_DMAAbortOnError
                0x00000000080059fc       0x28 ./Drivers/STM32F4xx_HAL_Driver/Src/stm32f4xx_hal_spi.o
 .text.SPI_WaitFlagStateUntilTimeout
                0x0000000008005a24      0x110 ./Drivers/STM32F4xx_HAL_Driver/Src/stm32f4xx_hal_spi.o
 .text.SPI_EndRxTxTransaction
                0x0000000008005b34       0x84 ./Drivers/STM32F4xx_HAL_Driver/Src/stm32f4xx_hal_spi.o
 .text.HAL_TIM_Base_Init
                0x0000000008005bb8       0x9e ./Drivers/STM32F4xx_HAL_Driver/Src/stm32f4xx_hal_tim.o
                0x0000000008005bb8                HAL_TIM_Base_Init
 *fill*         0x0000000008005c56        0x2 
 .text.HAL_TIM_Base_Start_IT
                0x0000000008005c58       0xe0 ./Drivers/STM32F4xx_HAL_Driver/Src/stm32f4xx_hal_tim.o
                0x0000000008005c58                HAL_TIM_Base_Start_IT
 .text.HAL_TIM_PWM_Init
                0x0000000008005d38       0x9e ./Drivers/STM32F4xx_HAL_Driver/Src/stm32f4xx_hal_tim.o
                0x0000000008005d38                HAL_TIM_PWM_Init
 .text.HAL_TIM_PWM_MspInit
                0x0000000008005dd6       0x14 ./Drivers/STM32F4xx_HAL_Driver/Src/stm32f4xx_hal_tim.o
                0x0000000008005dd6                HAL_TIM_PWM_MspInit
 *fill*         0x0000000008005dea        0x2 
 .text.HAL_TIM_PWM_Start
                0x0000000008005dec      0x190 ./Drivers/STM32F4xx_HAL_Driver/Src/stm32f4xx_hal_tim.o
                0x0000000008005dec                HAL_TIM_PWM_Start
 .text.HAL_TIM_Encoder_Init
                0x0000000008005f7c      0x14c ./Drivers/STM32F4xx_HAL_Driver/Src/stm32f4xx_hal_tim.o
                0x0000000008005f7c                HAL_TIM_Encoder_Init
 .text.HAL_TIM_Encoder_MspInit
                0x00000000080060c8       0x14 ./Drivers/STM32F4xx_HAL_Driver/Src/stm32f4xx_hal_tim.o
                0x00000000080060c8                HAL_TIM_Encoder_MspInit
 .text.HAL_TIM_Encoder_Start
                0x00000000080060dc      0x11c ./Drivers/STM32F4xx_HAL_Driver/Src/stm32f4xx_hal_tim.o
                0x00000000080060dc                HAL_TIM_Encoder_Start
 .text.HAL_TIM_IRQHandler
                0x00000000080061f8      0x210 ./Drivers/STM32F4xx_HAL_Driver/Src/stm32f4xx_hal_tim.o
                0x00000000080061f8                HAL_TIM_IRQHandler
 .text.HAL_TIM_PWM_ConfigChannel
                0x0000000008006408      0x184 ./Drivers/STM32F4xx_HAL_Driver/Src/stm32f4xx_hal_tim.o
                0x0000000008006408                HAL_TIM_PWM_ConfigChannel
 .text.HAL_TIM_OC_DelayElapsedCallback
                0x000000000800658c       0x14 ./Drivers/STM32F4xx_HAL_Driver/Src/stm32f4xx_hal_tim.o
                0x000000000800658c                HAL_TIM_OC_DelayElapsedCallback
 .text.HAL_TIM_IC_CaptureCallback
                0x00000000080065a0       0x14 ./Drivers/STM32F4xx_HAL_Driver/Src/stm32f4xx_hal_tim.o
                0x00000000080065a0                HAL_TIM_IC_CaptureCallback
 .text.HAL_TIM_PWM_PulseFinishedCallback
                0x00000000080065b4       0x14 ./Drivers/STM32F4xx_HAL_Driver/Src/stm32f4xx_hal_tim.o
                0x00000000080065b4                HAL_TIM_PWM_PulseFinishedCallback
 .text.HAL_TIM_TriggerCallback
                0x00000000080065c8       0x14 ./Drivers/STM32F4xx_HAL_Driver/Src/stm32f4xx_hal_tim.o
                0x00000000080065c8                HAL_TIM_TriggerCallback
 .text.TIM_Base_SetConfig
                0x00000000080065dc      0x140 ./Drivers/STM32F4xx_HAL_Driver/Src/stm32f4xx_hal_tim.o
                0x00000000080065dc                TIM_Base_SetConfig
 .text.TIM_OC1_SetConfig
                0x000000000800671c       0xe0 ./Drivers/STM32F4xx_HAL_Driver/Src/stm32f4xx_hal_tim.o
 .text.TIM_OC2_SetConfig
                0x00000000080067fc       0xec ./Drivers/STM32F4xx_HAL_Driver/Src/stm32f4xx_hal_tim.o
                0x00000000080067fc                TIM_OC2_SetConfig
 .text.TIM_OC3_SetConfig
                0x00000000080068e8       0xe8 ./Drivers/STM32F4xx_HAL_Driver/Src/stm32f4xx_hal_tim.o
 .text.TIM_OC4_SetConfig
                0x00000000080069d0       0xac ./Drivers/STM32F4xx_HAL_Driver/Src/stm32f4xx_hal_tim.o
 .text.TIM_CCxChannelCmd
                0x0000000008006a7c       0x4a ./Drivers/STM32F4xx_HAL_Driver/Src/stm32f4xx_hal_tim.o
                0x0000000008006a7c                TIM_CCxChannelCmd
 .text.HAL_TIMEx_CommutCallback
                0x0000000008006ac6       0x14 ./Drivers/STM32F4xx_HAL_Driver/Src/stm32f4xx_hal_tim_ex.o
                0x0000000008006ac6                HAL_TIMEx_CommutCallback
 .text.HAL_TIMEx_BreakCallback
                0x0000000008006ada       0x14 ./Drivers/STM32F4xx_HAL_Driver/Src/stm32f4xx_hal_tim_ex.o
                0x0000000008006ada                HAL_TIMEx_BreakCallback
 .text.HAL_UART_Init
                0x0000000008006aee       0x9a ./Drivers/STM32F4xx_HAL_Driver/Src/stm32f4xx_hal_uart.o
                0x0000000008006aee                HAL_UART_Init
 .text.UART_SetConfig
                0x0000000008006b88      0x4e8 ./Drivers/STM32F4xx_HAL_Driver/Src/stm32f4xx_hal_uart.o
 .text.USB_CoreInit
                0x0000000008007070       0xc2 ./Drivers/STM32F4xx_HAL_Driver/Src/stm32f4xx_ll_usb.o
                0x0000000008007070                USB_CoreInit
 *fill*         0x0000000008007132        0x2 
 .text.USB_SetTurnaroundTime
                0x0000000008007134      0x144 ./Drivers/STM32F4xx_HAL_Driver/Src/stm32f4xx_ll_usb.o
                0x0000000008007134                USB_SetTurnaroundTime
 .text.USB_EnableGlobalInt
                0x0000000008007278       0x22 ./Drivers/STM32F4xx_HAL_Driver/Src/stm32f4xx_ll_usb.o
                0x0000000008007278                USB_EnableGlobalInt
 .text.USB_DisableGlobalInt
                0x000000000800729a       0x22 ./Drivers/STM32F4xx_HAL_Driver/Src/stm32f4xx_ll_usb.o
                0x000000000800729a                USB_DisableGlobalInt
 .text.USB_SetCurrentMode
                0x00000000080072bc       0x98 ./Drivers/STM32F4xx_HAL_Driver/Src/stm32f4xx_ll_usb.o
                0x00000000080072bc                USB_SetCurrentMode
 .text.USB_DevInit
                0x0000000008007354      0x2bc ./Drivers/STM32F4xx_HAL_Driver/Src/stm32f4xx_ll_usb.o
                0x0000000008007354                USB_DevInit
 .text.USB_FlushTxFifo
                0x0000000008007610       0x68 ./Drivers/STM32F4xx_HAL_Driver/Src/stm32f4xx_ll_usb.o
                0x0000000008007610                USB_FlushTxFifo
 .text.USB_FlushRxFifo
                0x0000000008007678       0x60 ./Drivers/STM32F4xx_HAL_Driver/Src/stm32f4xx_ll_usb.o
                0x0000000008007678                USB_FlushRxFifo
 .text.USB_SetDevSpeed
                0x00000000080076d8       0x32 ./Drivers/STM32F4xx_HAL_Driver/Src/stm32f4xx_ll_usb.o
                0x00000000080076d8                USB_SetDevSpeed
 .text.USB_GetDevSpeed
                0x000000000800770a       0x4a ./Drivers/STM32F4xx_HAL_Driver/Src/stm32f4xx_ll_usb.o
                0x000000000800770a                USB_GetDevSpeed
 .text.USB_ActivateEndpoint
                0x0000000008007754      0x10e ./Drivers/STM32F4xx_HAL_Driver/Src/stm32f4xx_ll_usb.o
                0x0000000008007754                USB_ActivateEndpoint
 *fill*         0x0000000008007862        0x2 
 .text.USB_DeactivateEndpoint
                0x0000000008007864      0x1b8 ./Drivers/STM32F4xx_HAL_Driver/Src/stm32f4xx_ll_usb.o
                0x0000000008007864                USB_DeactivateEndpoint
 .text.USB_EPStartXfer
                0x0000000008007a1c      0x490 ./Drivers/STM32F4xx_HAL_Driver/Src/stm32f4xx_ll_usb.o
                0x0000000008007a1c                USB_EPStartXfer
 .text.USB_EP0StartXfer
                0x0000000008007eac      0x2b0 ./Drivers/STM32F4xx_HAL_Driver/Src/stm32f4xx_ll_usb.o
                0x0000000008007eac                USB_EP0StartXfer
 .text.USB_EPStopXfer
                0x000000000800815c      0x154 ./Drivers/STM32F4xx_HAL_Driver/Src/stm32f4xx_ll_usb.o
                0x000000000800815c                USB_EPStopXfer
 .text.USB_WritePacket
                0x00000000080082b0       0x7c ./Drivers/STM32F4xx_HAL_Driver/Src/stm32f4xx_ll_usb.o
                0x00000000080082b0                USB_WritePacket
 .text.USB_ReadPacket
                0x000000000800832c       0xb0 ./Drivers/STM32F4xx_HAL_Driver/Src/stm32f4xx_ll_usb.o
                0x000000000800832c                USB_ReadPacket
 .text.USB_EPSetStall
                0x00000000080083dc       0xdc ./Drivers/STM32F4xx_HAL_Driver/Src/stm32f4xx_ll_usb.o
                0x00000000080083dc                USB_EPSetStall
 .text.USB_EPClearStall
                0x00000000080084b8       0xcc ./Drivers/STM32F4xx_HAL_Driver/Src/stm32f4xx_ll_usb.o
                0x00000000080084b8                USB_EPClearStall
 .text.USB_SetDevAddress
                0x0000000008008584       0x4c ./Drivers/STM32F4xx_HAL_Driver/Src/stm32f4xx_ll_usb.o
                0x0000000008008584                USB_SetDevAddress
 .text.USB_DevConnect
                0x00000000080085d0       0x42 ./Drivers/STM32F4xx_HAL_Driver/Src/stm32f4xx_ll_usb.o
                0x00000000080085d0                USB_DevConnect
 .text.USB_DevDisconnect
                0x0000000008008612       0x42 ./Drivers/STM32F4xx_HAL_Driver/Src/stm32f4xx_ll_usb.o
                0x0000000008008612                USB_DevDisconnect
 .text.USB_ReadInterrupts
                0x0000000008008654       0x26 ./Drivers/STM32F4xx_HAL_Driver/Src/stm32f4xx_ll_usb.o
                0x0000000008008654                USB_ReadInterrupts
 .text.USB_ReadDevAllOutEpInterrupt
                0x000000000800867a       0x34 ./Drivers/STM32F4xx_HAL_Driver/Src/stm32f4xx_ll_usb.o
                0x000000000800867a                USB_ReadDevAllOutEpInterrupt
 .text.USB_ReadDevAllInEpInterrupt
                0x00000000080086ae       0x34 ./Drivers/STM32F4xx_HAL_Driver/Src/stm32f4xx_ll_usb.o
                0x00000000080086ae                USB_ReadDevAllInEpInterrupt
 .text.USB_ReadDevOutEPInterrupt
                0x00000000080086e2       0x3c ./Drivers/STM32F4xx_HAL_Driver/Src/stm32f4xx_ll_usb.o
                0x00000000080086e2                USB_ReadDevOutEPInterrupt
 .text.USB_ReadDevInEPInterrupt
                0x000000000800871e       0x5c ./Drivers/STM32F4xx_HAL_Driver/Src/stm32f4xx_ll_usb.o
                0x000000000800871e                USB_ReadDevInEPInterrupt
 .text.USB_GetMode
                0x000000000800877a       0x1c ./Drivers/STM32F4xx_HAL_Driver/Src/stm32f4xx_ll_usb.o
                0x000000000800877a                USB_GetMode
 .text.USB_ActivateSetup
                0x0000000008008796       0x46 ./Drivers/STM32F4xx_HAL_Driver/Src/stm32f4xx_ll_usb.o
                0x0000000008008796                USB_ActivateSetup
 .text.USB_EP0_OutStart
                0x00000000080087dc       0xbc ./Drivers/STM32F4xx_HAL_Driver/Src/stm32f4xx_ll_usb.o
                0x00000000080087dc                USB_EP0_OutStart
 .text.USB_CoreReset
                0x0000000008008898       0x68 ./Drivers/STM32F4xx_HAL_Driver/Src/stm32f4xx_ll_usb.o
 .text.USBD_CDC_Init
                0x0000000008008900      0x1f0 ./Middlewares/ST/STM32_USB_Device_Library/Class/CDC/Src/usbd_cdc.o
 .text.USBD_CDC_DeInit
                0x0000000008008af0      0x104 ./Middlewares/ST/STM32_USB_Device_Library/Class/CDC/Src/usbd_cdc.o
 .text.USBD_CDC_Setup
                0x0000000008008bf4      0x1b8 ./Middlewares/ST/STM32_USB_Device_Library/Class/CDC/Src/usbd_cdc.o
 .text.USBD_CDC_DataIn
                0x0000000008008dac       0xfe ./Middlewares/ST/STM32_USB_Device_Library/Class/CDC/Src/usbd_cdc.o
 .text.USBD_CDC_DataOut
                0x0000000008008eaa       0x70 ./Middlewares/ST/STM32_USB_Device_Library/Class/CDC/Src/usbd_cdc.o
 .text.USBD_CDC_EP0_RxReady
                0x0000000008008f1a       0x76 ./Middlewares/ST/STM32_USB_Device_Library/Class/CDC/Src/usbd_cdc.o
 .text.USBD_CDC_GetFSCfgDesc
                0x0000000008008f90       0x70 ./Middlewares/ST/STM32_USB_Device_Library/Class/CDC/Src/usbd_cdc.o
 .text.USBD_CDC_GetHSCfgDesc
                0x0000000008009000       0x70 ./Middlewares/ST/STM32_USB_Device_Library/Class/CDC/Src/usbd_cdc.o
 .text.USBD_CDC_GetOtherSpeedCfgDesc
                0x0000000008009070       0x70 ./Middlewares/ST/STM32_USB_Device_Library/Class/CDC/Src/usbd_cdc.o
 .text.USBD_CDC_GetDeviceQualifierDescriptor
                0x00000000080090e0       0x20 ./Middlewares/ST/STM32_USB_Device_Library/Class/CDC/Src/usbd_cdc.o
                0x00000000080090e0                USBD_CDC_GetDeviceQualifierDescriptor
 .text.USBD_CDC_RegisterInterface
                0x0000000008009100       0x34 ./Middlewares/ST/STM32_USB_Device_Library/Class/CDC/Src/usbd_cdc.o
                0x0000000008009100                USBD_CDC_RegisterInterface
 .text.USBD_CDC_SetTxBuffer
                0x0000000008009134       0x44 ./Middlewares/ST/STM32_USB_Device_Library/Class/CDC/Src/usbd_cdc.o
                0x0000000008009134                USBD_CDC_SetTxBuffer
 .text.USBD_CDC_SetRxBuffer
                0x0000000008009178       0x3a ./Middlewares/ST/STM32_USB_Device_Library/Class/CDC/Src/usbd_cdc.o
                0x0000000008009178                USBD_CDC_SetRxBuffer
 *fill*         0x00000000080091b2        0x2 
 .text.USBD_CDC_ReceivePacket
                0x00000000080091b4       0x6c ./Middlewares/ST/STM32_USB_Device_Library/Class/CDC/Src/usbd_cdc.o
                0x00000000080091b4                USBD_CDC_ReceivePacket
 .text.USBD_Init
                0x0000000008009220       0x60 ./Middlewares/ST/STM32_USB_Device_Library/Core/Src/usbd_core.o
                0x0000000008009220                USBD_Init
 .text.USBD_RegisterClass
                0x0000000008009280       0x6c ./Middlewares/ST/STM32_USB_Device_Library/Core/Src/usbd_core.o
                0x0000000008009280                USBD_RegisterClass
 .text.USBD_Start
                0x00000000080092ec       0x18 ./Middlewares/ST/STM32_USB_Device_Library/Core/Src/usbd_core.o
                0x00000000080092ec                USBD_Start
 .text.USBD_RunTestMode
                0x0000000008009304       0x16 ./Middlewares/ST/STM32_USB_Device_Library/Core/Src/usbd_core.o
                0x0000000008009304                USBD_RunTestMode
 .text.USBD_SetClassConfig
                0x000000000800931a       0x38 ./Middlewares/ST/STM32_USB_Device_Library/Core/Src/usbd_core.o
                0x000000000800931a                USBD_SetClassConfig
 .text.USBD_ClrClassConfig
                0x0000000008009352       0x34 ./Middlewares/ST/STM32_USB_Device_Library/Core/Src/usbd_core.o
                0x0000000008009352                USBD_ClrClassConfig
 .text.USBD_LL_SetupStage
                0x0000000008009386       0xaa ./Middlewares/ST/STM32_USB_Device_Library/Core/Src/usbd_core.o
                0x0000000008009386                USBD_LL_SetupStage
 .text.USBD_LL_DataOutStage
                0x0000000008009430      0x166 ./Middlewares/ST/STM32_USB_Device_Library/Core/Src/usbd_core.o
                0x0000000008009430                USBD_LL_DataOutStage
 .text.USBD_LL_DataInStage
                0x0000000008009596      0x164 ./Middlewares/ST/STM32_USB_Device_Library/Core/Src/usbd_core.o
                0x0000000008009596                USBD_LL_DataInStage
 .text.USBD_LL_Reset
                0x00000000080096fa       0xa4 ./Middlewares/ST/STM32_USB_Device_Library/Core/Src/usbd_core.o
                0x00000000080096fa                USBD_LL_Reset
 .text.USBD_LL_SetSpeed
                0x000000000800979e       0x20 ./Middlewares/ST/STM32_USB_Device_Library/Core/Src/usbd_core.o
                0x000000000800979e                USBD_LL_SetSpeed
 .text.USBD_LL_Suspend
                0x00000000080097be       0x2c ./Middlewares/ST/STM32_USB_Device_Library/Core/Src/usbd_core.o
                0x00000000080097be                USBD_LL_Suspend
 .text.USBD_LL_Resume
                0x00000000080097ea       0x30 ./Middlewares/ST/STM32_USB_Device_Library/Core/Src/usbd_core.o
                0x00000000080097ea                USBD_LL_Resume
 .text.USBD_LL_SOF
                0x000000000800981a       0x40 ./Middlewares/ST/STM32_USB_Device_Library/Core/Src/usbd_core.o
                0x000000000800981a                USBD_LL_SOF
 .text.USBD_LL_IsoINIncomplete
                0x000000000800985a       0x64 ./Middlewares/ST/STM32_USB_Device_Library/Core/Src/usbd_core.o
                0x000000000800985a                USBD_LL_IsoINIncomplete
 .text.USBD_LL_IsoOUTIncomplete
                0x00000000080098be       0x64 ./Middlewares/ST/STM32_USB_Device_Library/Core/Src/usbd_core.o
                0x00000000080098be                USBD_LL_IsoOUTIncomplete
 .text.USBD_LL_DevConnected
                0x0000000008009922       0x16 ./Middlewares/ST/STM32_USB_Device_Library/Core/Src/usbd_core.o
                0x0000000008009922                USBD_LL_DevConnected
 .text.USBD_LL_DevDisconnected
                0x0000000008009938       0x46 ./Middlewares/ST/STM32_USB_Device_Library/Core/Src/usbd_core.o
                0x0000000008009938                USBD_LL_DevDisconnected
 .text.USBD_CoreFindIF
                0x000000000800997e       0x1a ./Middlewares/ST/STM32_USB_Device_Library/Core/Src/usbd_core.o
                0x000000000800997e                USBD_CoreFindIF
 .text.USBD_CoreFindEP
                0x0000000008009998       0x1a ./Middlewares/ST/STM32_USB_Device_Library/Core/Src/usbd_core.o
                0x0000000008009998                USBD_CoreFindEP
 .text.USBD_GetEpDesc
                0x00000000080099b2       0x74 ./Middlewares/ST/STM32_USB_Device_Library/Core/Src/usbd_core.o
                0x00000000080099b2                USBD_GetEpDesc
 .text.USBD_GetNextDesc
                0x0000000008009a26       0x3a ./Middlewares/ST/STM32_USB_Device_Library/Core/Src/usbd_core.o
                0x0000000008009a26                USBD_GetNextDesc
 .text.SWAPBYTE
                0x0000000008009a60       0x3c ./Middlewares/ST/STM32_USB_Device_Library/Core/Src/usbd_ctlreq.o
 .text.USBD_StdDevReq
                0x0000000008009a9c       0xe4 ./Middlewares/ST/STM32_USB_Device_Library/Core/Src/usbd_ctlreq.o
                0x0000000008009a9c                USBD_StdDevReq
 .text.USBD_StdItfReq
                0x0000000008009b80       0xd8 ./Middlewares/ST/STM32_USB_Device_Library/Core/Src/usbd_ctlreq.o
                0x0000000008009b80                USBD_StdItfReq
 .text.USBD_StdEPReq
                0x0000000008009c58      0x33a ./Middlewares/ST/STM32_USB_Device_Library/Core/Src/usbd_ctlreq.o
                0x0000000008009c58                USBD_StdEPReq
 *fill*         0x0000000008009f92        0x2 
 .text.USBD_GetDescriptor
                0x0000000008009f94      0x328 ./Middlewares/ST/STM32_USB_Device_Library/Core/Src/usbd_ctlreq.o
 .text.USBD_SetAddress
                0x000000000800a2bc       0x88 ./Middlewares/ST/STM32_USB_Device_Library/Core/Src/usbd_ctlreq.o
 .text.USBD_SetConfig
                0x000000000800a344      0x154 ./Middlewares/ST/STM32_USB_Device_Library/Core/Src/usbd_ctlreq.o
 .text.USBD_GetConfig
                0x000000000800a498       0x6c ./Middlewares/ST/STM32_USB_Device_Library/Core/Src/usbd_ctlreq.o
 .text.USBD_GetStatus
                0x000000000800a504       0x68 ./Middlewares/ST/STM32_USB_Device_Library/Core/Src/usbd_ctlreq.o
 .text.USBD_SetFeature
                0x000000000800a56c       0x52 ./Middlewares/ST/STM32_USB_Device_Library/Core/Src/usbd_ctlreq.o
 .text.USBD_ClrFeature
                0x000000000800a5be       0x44 ./Middlewares/ST/STM32_USB_Device_Library/Core/Src/usbd_ctlreq.o
 .text.USBD_ParseSetupRequest
                0x000000000800a602       0x74 ./Middlewares/ST/STM32_USB_Device_Library/Core/Src/usbd_ctlreq.o
                0x000000000800a602                USBD_ParseSetupRequest
 .text.USBD_CtlError
                0x000000000800a676       0x22 ./Middlewares/ST/STM32_USB_Device_Library/Core/Src/usbd_ctlreq.o
                0x000000000800a676                USBD_CtlError
 .text.USBD_GetString
                0x000000000800a698       0x8c ./Middlewares/ST/STM32_USB_Device_Library/Core/Src/usbd_ctlreq.o
                0x000000000800a698                USBD_GetString
 .text.USBD_GetLen
                0x000000000800a724       0x34 ./Middlewares/ST/STM32_USB_Device_Library/Core/Src/usbd_ctlreq.o
 .text.USBD_CtlSendData
                0x000000000800a758       0x36 ./Middlewares/ST/STM32_USB_Device_Library/Core/Src/usbd_ioreq.o
                0x000000000800a758                USBD_CtlSendData
 .text.USBD_CtlContinueSendData
                0x000000000800a78e       0x22 ./Middlewares/ST/STM32_USB_Device_Library/Core/Src/usbd_ioreq.o
                0x000000000800a78e                USBD_CtlContinueSendData
 .text.USBD_CtlPrepareRx
                0x000000000800a7b0       0x3a ./Middlewares/ST/STM32_USB_Device_Library/Core/Src/usbd_ioreq.o
                0x000000000800a7b0                USBD_CtlPrepareRx
 .text.USBD_CtlContinueRx
                0x000000000800a7ea       0x22 ./Middlewares/ST/STM32_USB_Device_Library/Core/Src/usbd_ioreq.o
                0x000000000800a7ea                USBD_CtlContinueRx
 .text.USBD_CtlSendStatus
                0x000000000800a80c       0x26 ./Middlewares/ST/STM32_USB_Device_Library/Core/Src/usbd_ioreq.o
                0x000000000800a80c                USBD_CtlSendStatus
 .text.USBD_CtlReceiveStatus
                0x000000000800a832       0x26 ./Middlewares/ST/STM32_USB_Device_Library/Core/Src/usbd_ioreq.o
                0x000000000800a832                USBD_CtlReceiveStatus
 .text.MX_USB_DEVICE_Init
                0x000000000800a858       0x60 ./USB_DEVICE/App/usb_device.o
                0x000000000800a858                MX_USB_DEVICE_Init
 .text.CDC_Init_FS
                0x000000000800a8b8       0x28 ./USB_DEVICE/App/usbd_cdc_if.o
 .text.CDC_DeInit_FS
                0x000000000800a8e0       0x10 ./USB_DEVICE/App/usbd_cdc_if.o
 .text.CDC_Control_FS
                0x000000000800a8f0       0xbc ./USB_DEVICE/App/usbd_cdc_if.o
 .text.CDC_Receive_FS
                0x000000000800a9ac       0x3c ./USB_DEVICE/App/usbd_cdc_if.o
 .text.CDC_TransmitCplt_FS
                0x000000000800a9e8       0x22 ./USB_DEVICE/App/usbd_cdc_if.o
 *fill*         0x000000000800aa0a        0x2 
 .text.USBD_FS_DeviceDescriptor
                0x000000000800aa0c       0x24 ./USB_DEVICE/App/usbd_desc.o
                0x000000000800aa0c                USBD_FS_DeviceDescriptor
 .text.USBD_FS_LangIDStrDescriptor
                0x000000000800aa30       0x24 ./USB_DEVICE/App/usbd_desc.o
                0x000000000800aa30                USBD_FS_LangIDStrDescriptor
 .text.USBD_FS_ProductStrDescriptor
                0x000000000800aa54       0x3c ./USB_DEVICE/App/usbd_desc.o
                0x000000000800aa54                USBD_FS_ProductStrDescriptor
 .text.USBD_FS_ManufacturerStrDescriptor
                0x000000000800aa90       0x28 ./USB_DEVICE/App/usbd_desc.o
                0x000000000800aa90                USBD_FS_ManufacturerStrDescriptor
 .text.USBD_FS_SerialStrDescriptor
                0x000000000800aab8       0x24 ./USB_DEVICE/App/usbd_desc.o
                0x000000000800aab8                USBD_FS_SerialStrDescriptor
 .text.USBD_FS_ConfigStrDescriptor
                0x000000000800aadc       0x3c ./USB_DEVICE/App/usbd_desc.o
                0x000000000800aadc                USBD_FS_ConfigStrDescriptor
 .text.USBD_FS_InterfaceStrDescriptor
                0x000000000800ab18       0x3c ./USB_DEVICE/App/usbd_desc.o
                0x000000000800ab18                USBD_FS_InterfaceStrDescriptor
 .text.USBD_FS_USR_BOSDescriptor
                0x000000000800ab54       0x24 ./USB_DEVICE/App/usbd_desc.o
                0x000000000800ab54                USBD_FS_USR_BOSDescriptor
 .text.Get_SerialNum
                0x000000000800ab78       0x58 ./USB_DEVICE/App/usbd_desc.o
 .text.IntToUnicode
                0x000000000800abd0       0x7e ./USB_DEVICE/App/usbd_desc.o
 *fill*         0x000000000800ac4e        0x2 
 .text.HAL_PCD_MspInit
                0x000000000800ac50       0xd4 ./USB_DEVICE/Target/usbd_conf.o
                0x000000000800ac50                HAL_PCD_MspInit
 .text.HAL_PCD_SetupStageCallback
                0x000000000800ad24       0x24 ./USB_DEVICE/Target/usbd_conf.o
                0x000000000800ad24                HAL_PCD_SetupStageCallback
 .text.HAL_PCD_DataOutStageCallback
                0x000000000800ad48       0x36 ./USB_DEVICE/Target/usbd_conf.o
                0x000000000800ad48                HAL_PCD_DataOutStageCallback
 .text.HAL_PCD_DataInStageCallback
                0x000000000800ad7e       0x34 ./USB_DEVICE/Target/usbd_conf.o
                0x000000000800ad7e                HAL_PCD_DataInStageCallback
 .text.HAL_PCD_SOFCallback
                0x000000000800adb2       0x1c ./USB_DEVICE/Target/usbd_conf.o
                0x000000000800adb2                HAL_PCD_SOFCallback
 .text.HAL_PCD_ResetCallback
                0x000000000800adce       0x50 ./USB_DEVICE/Target/usbd_conf.o
                0x000000000800adce                HAL_PCD_ResetCallback
 *fill*         0x000000000800ae1e        0x2 
 .text.HAL_PCD_SuspendCallback
                0x000000000800ae20       0x4c ./USB_DEVICE/Target/usbd_conf.o
                0x000000000800ae20                HAL_PCD_SuspendCallback
 .text.HAL_PCD_ResumeCallback
                0x000000000800ae6c       0x1c ./USB_DEVICE/Target/usbd_conf.o
                0x000000000800ae6c                HAL_PCD_ResumeCallback
 .text.HAL_PCD_ISOOUTIncompleteCallback
                0x000000000800ae88       0x24 ./USB_DEVICE/Target/usbd_conf.o
                0x000000000800ae88                HAL_PCD_ISOOUTIncompleteCallback
 .text.HAL_PCD_ISOINIncompleteCallback
                0x000000000800aeac       0x24 ./USB_DEVICE/Target/usbd_conf.o
                0x000000000800aeac                HAL_PCD_ISOINIncompleteCallback
 .text.HAL_PCD_ConnectCallback
                0x000000000800aed0       0x1c ./USB_DEVICE/Target/usbd_conf.o
                0x000000000800aed0                HAL_PCD_ConnectCallback
 .text.HAL_PCD_DisconnectCallback
                0x000000000800aeec       0x1c ./USB_DEVICE/Target/usbd_conf.o
                0x000000000800aeec                HAL_PCD_DisconnectCallback
 .text.USBD_LL_Init
                0x000000000800af08       0x98 ./USB_DEVICE/Target/usbd_conf.o
                0x000000000800af08                USBD_LL_Init
 .text.USBD_LL_Start
                0x000000000800afa0       0x36 ./USB_DEVICE/Target/usbd_conf.o
                0x000000000800afa0                USBD_LL_Start
 .text.USBD_LL_OpenEP
                0x000000000800afd6       0x4c ./USB_DEVICE/Target/usbd_conf.o
                0x000000000800afd6                USBD_LL_OpenEP
 .text.USBD_LL_CloseEP
                0x000000000800b022       0x3e ./USB_DEVICE/Target/usbd_conf.o
                0x000000000800b022                USBD_LL_CloseEP
 .text.USBD_LL_StallEP
                0x000000000800b060       0x3e ./USB_DEVICE/Target/usbd_conf.o
                0x000000000800b060                USBD_LL_StallEP
 .text.USBD_LL_ClearStallEP
                0x000000000800b09e       0x3e ./USB_DEVICE/Target/usbd_conf.o
                0x000000000800b09e                USBD_LL_ClearStallEP
 .text.USBD_LL_IsStallEP
                0x000000000800b0dc       0x58 ./USB_DEVICE/Target/usbd_conf.o
                0x000000000800b0dc                USBD_LL_IsStallEP
 .text.USBD_LL_SetUSBAddress
                0x000000000800b134       0x3e ./USB_DEVICE/Target/usbd_conf.o
                0x000000000800b134                USBD_LL_SetUSBAddress
 .text.USBD_LL_Transmit
                0x000000000800b172       0x42 ./USB_DEVICE/Target/usbd_conf.o
                0x000000000800b172                USBD_LL_Transmit
 .text.USBD_LL_PrepareReceive
                0x000000000800b1b4       0x42 ./USB_DEVICE/Target/usbd_conf.o
                0x000000000800b1b4                USBD_LL_PrepareReceive
 .text.USBD_LL_GetRxDataSize
                0x000000000800b1f6       0x26 ./USB_DEVICE/Target/usbd_conf.o
                0x000000000800b1f6                USBD_LL_GetRxDataSize
 .text.HAL_PCDEx_LPM_Callback
                0x000000000800b21c       0x9c ./USB_DEVICE/Target/usbd_conf.o
                0x000000000800b21c                HAL_PCDEx_LPM_Callback
 .text.USBD_static_malloc
                0x000000000800b2b8       0x1c ./USB_DEVICE/Target/usbd_conf.o
                0x000000000800b2b8                USBD_static_malloc
 .text.USBD_static_free
                0x000000000800b2d4       0x14 ./USB_DEVICE/Target/usbd_conf.o
                0x000000000800b2d4                USBD_static_free
 .text.USBD_Get_USB_Status
                0x000000000800b2e8       0x58 ./USB_DEVICE/Target/usbd_conf.o
                0x000000000800b2e8                USBD_Get_USB_Status
 .text.__libc_init_array
                0x000000000800b340       0x48 c:/st/stm32cubeide_1.12.0/stm32cubeide/plugins/com.st.stm32cube.ide.mcu.externaltools.gnu-tools-for-stm32.10.3-2021.10.win32_1.0.200.202301161003/tools/bin/../lib/gcc/arm-none-eabi/10.3.1/../../../../arm-none-eabi/lib/thumb/v7e-m+fp/hard\libc_nano.a(lib_a-init.o)
                0x000000000800b340                __libc_init_array
 .text.memcpy   0x000000000800b388       0x1c c:/st/stm32cubeide_1.12.0/stm32cubeide/plugins/com.st.stm32cube.ide.mcu.externaltools.gnu-tools-for-stm32.10.3-2021.10.win32_1.0.200.202301161003/tools/bin/../lib/gcc/arm-none-eabi/10.3.1/../../../../arm-none-eabi/lib/thumb/v7e-m+fp/hard\libc_nano.a(lib_a-memcpy-stub.o)
                0x000000000800b388                memcpy
 .text.memset   0x000000000800b3a4       0x10 c:/st/stm32cubeide_1.12.0/stm32cubeide/plugins/com.st.stm32cube.ide.mcu.externaltools.gnu-tools-for-stm32.10.3-2021.10.win32_1.0.200.202301161003/tools/bin/../lib/gcc/arm-none-eabi/10.3.1/../../../../arm-none-eabi/lib/thumb/v7e-m+fp/hard\libc_nano.a(lib_a-memset.o)
                0x000000000800b3a4                memset
 *(.glue_7)
 .glue_7        0x000000000800b3b4        0x0 linker stubs
 *(.glue_7t)
 .glue_7t       0x000000000800b3b4        0x0 linker stubs
 *(.eh_frame)
 .eh_frame      0x000000000800b3b4        0x0 c:/st/stm32cubeide_1.12.0/stm32cubeide/plugins/com.st.stm32cube.ide.mcu.externaltools.gnu-tools-for-stm32.10.3-2021.10.win32_1.0.200.202301161003/tools/bin/../lib/gcc/arm-none-eabi/10.3.1/thumb/v7e-m+fp/hard/crtbegin.o
 *(.init)
 .init          0x000000000800b3b4        0x4 c:/st/stm32cubeide_1.12.0/stm32cubeide/plugins/com.st.stm32cube.ide.mcu.externaltools.gnu-tools-for-stm32.10.3-2021.10.win32_1.0.200.202301161003/tools/bin/../lib/gcc/arm-none-eabi/10.3.1/thumb/v7e-m+fp/hard/crti.o
                0x000000000800b3b4                _init
 .init          0x000000000800b3b8        0x8 c:/st/stm32cubeide_1.12.0/stm32cubeide/plugins/com.st.stm32cube.ide.mcu.externaltools.gnu-tools-for-stm32.10.3-2021.10.win32_1.0.200.202301161003/tools/bin/../lib/gcc/arm-none-eabi/10.3.1/thumb/v7e-m+fp/hard/crtn.o
 *(.fini)
 .fini          0x000000000800b3c0        0x4 c:/st/stm32cubeide_1.12.0/stm32cubeide/plugins/com.st.stm32cube.ide.mcu.externaltools.gnu-tools-for-stm32.10.3-2021.10.win32_1.0.200.202301161003/tools/bin/../lib/gcc/arm-none-eabi/10.3.1/thumb/v7e-m+fp/hard/crti.o
                0x000000000800b3c0                _fini
 .fini          0x000000000800b3c4        0x8 c:/st/stm32cubeide_1.12.0/stm32cubeide/plugins/com.st.stm32cube.ide.mcu.externaltools.gnu-tools-for-stm32.10.3-2021.10.win32_1.0.200.202301161003/tools/bin/../lib/gcc/arm-none-eabi/10.3.1/thumb/v7e-m+fp/hard/crtn.o
                0x000000000800b3cc                . = ALIGN (0x4)
                0x000000000800b3cc                _etext = .

.vfp11_veneer   0x000000000800b3cc        0x0
 .vfp11_veneer  0x000000000800b3cc        0x0 linker stubs

.v4_bx          0x000000000800b3cc        0x0
 .v4_bx         0x000000000800b3cc        0x0 linker stubs

.iplt           0x000000000800b3cc        0x0
 .iplt          0x000000000800b3cc        0x0 c:/st/stm32cubeide_1.12.0/stm32cubeide/plugins/com.st.stm32cube.ide.mcu.externaltools.gnu-tools-for-stm32.10.3-2021.10.win32_1.0.200.202301161003/tools/bin/../lib/gcc/arm-none-eabi/10.3.1/thumb/v7e-m+fp/hard/crtbegin.o

.rodata         0x000000000800b3cc       0x60
                0x000000000800b3cc                . = ALIGN (0x4)
 *(.rodata)
 .rodata        0x000000000800b3cc       0x46 ./USB_DEVICE/App/usbd_desc.o
 *(.rodata*)
 *fill*         0x000000000800b412        0x2 
 .rodata.AHBPrescTable
                0x000000000800b414       0x10 ./Core/Src/system_stm32f4xx.o
                0x000000000800b414                AHBPrescTable
 .rodata.APBPrescTable
                0x000000000800b424        0x8 ./Core/Src/system_stm32f4xx.o
                0x000000000800b424                APBPrescTable
                0x000000000800b42c                . = ALIGN (0x4)

.ARM.extab      0x000000000800b42c        0x0
                0x000000000800b42c                . = ALIGN (0x4)
 *(.ARM.extab* .gnu.linkonce.armextab.*)
                0x000000000800b42c                . = ALIGN (0x4)

.ARM            0x000000000800b42c        0x8
                0x000000000800b42c                . = ALIGN (0x4)
                0x000000000800b42c                __exidx_start = .
 *(.ARM.exidx*)
 .ARM.exidx     0x000000000800b42c        0x8 c:/st/stm32cubeide_1.12.0/stm32cubeide/plugins/com.st.stm32cube.ide.mcu.externaltools.gnu-tools-for-stm32.10.3-2021.10.win32_1.0.200.202301161003/tools/bin/../lib/gcc/arm-none-eabi/10.3.1/thumb/v7e-m+fp/hard\libgcc.a(_udivmoddi4.o)
                0x000000000800b434                __exidx_end = .
                0x000000000800b434                . = ALIGN (0x4)

.rel.dyn        0x000000000800b434        0x0
 .rel.iplt      0x000000000800b434        0x0 c:/st/stm32cubeide_1.12.0/stm32cubeide/plugins/com.st.stm32cube.ide.mcu.externaltools.gnu-tools-for-stm32.10.3-2021.10.win32_1.0.200.202301161003/tools/bin/../lib/gcc/arm-none-eabi/10.3.1/thumb/v7e-m+fp/hard/crtbegin.o

.preinit_array  0x000000000800b434        0x0
                0x000000000800b434                . = ALIGN (0x4)
                0x000000000800b434                PROVIDE (__preinit_array_start = .)
 *(.preinit_array*)
                0x000000000800b434                PROVIDE (__preinit_array_end = .)
                0x000000000800b434                . = ALIGN (0x4)

.init_array     0x000000000800b434        0x4
                0x000000000800b434                . = ALIGN (0x4)
                0x000000000800b434                PROVIDE (__init_array_start = .)
 *(SORT_BY_NAME(.init_array.*))
 *(.init_array*)
 .init_array    0x000000000800b434        0x4 c:/st/stm32cubeide_1.12.0/stm32cubeide/plugins/com.st.stm32cube.ide.mcu.externaltools.gnu-tools-for-stm32.10.3-2021.10.win32_1.0.200.202301161003/tools/bin/../lib/gcc/arm-none-eabi/10.3.1/thumb/v7e-m+fp/hard/crtbegin.o
                0x000000000800b438                PROVIDE (__init_array_end = .)
                0x000000000800b438                . = ALIGN (0x4)

.fini_array     0x000000000800b438        0x4
                0x000000000800b438                . = ALIGN (0x4)
                [!provide]                        PROVIDE (__fini_array_start = .)
 *(SORT_BY_NAME(.fini_array.*))
 *(.fini_array*)
 .fini_array    0x000000000800b438        0x4 c:/st/stm32cubeide_1.12.0/stm32cubeide/plugins/com.st.stm32cube.ide.mcu.externaltools.gnu-tools-for-stm32.10.3-2021.10.win32_1.0.200.202301161003/tools/bin/../lib/gcc/arm-none-eabi/10.3.1/thumb/v7e-m+fp/hard/crtbegin.o
                [!provide]                        PROVIDE (__fini_array_end = .)
                0x000000000800b43c                . = ALIGN (0x4)
                0x000000000800b43c                _sidata = LOADADDR (.data)

.data           0x0000000020000000      0x110 load address 0x000000000800b43c
                0x0000000020000000                . = ALIGN (0x4)
                0x0000000020000000                _sdata = .
 *(.data)
 *(.data*)
 .data.SystemCoreClock
                0x0000000020000000        0x4 ./Core/Src/system_stm32f4xx.o
                0x0000000020000000                SystemCoreClock
 .data.reset.2  0x0000000020000004        0x4 ./Core/Src/timer.o
 .data.uwTickPrio
                0x0000000020000008        0x4 ./Drivers/STM32F4xx_HAL_Driver/Src/stm32f4xx_hal.o
                0x0000000020000008                uwTickPrio
 .data.uwTickFreq
                0x000000002000000c        0x1 ./Drivers/STM32F4xx_HAL_Driver/Src/stm32f4xx_hal.o
                0x000000002000000c                uwTickFreq
 *fill*         0x000000002000000d        0x3 
 .data.USBD_CDC_DeviceQualifierDesc
                0x0000000020000010        0xa ./Middlewares/ST/STM32_USB_Device_Library/Class/CDC/Src/usbd_cdc.o
 *fill*         0x000000002000001a        0x2 
 .data.USBD_CDC
                0x000000002000001c       0x38 ./Middlewares/ST/STM32_USB_Device_Library/Class/CDC/Src/usbd_cdc.o
                0x000000002000001c                USBD_CDC
 .data.USBD_CDC_CfgDesc
                0x0000000020000054       0x43 ./Middlewares/ST/STM32_USB_Device_Library/Class/CDC/Src/usbd_cdc.o
 .data.CDCInEpAdd
                0x0000000020000097        0x1 ./Middlewares/ST/STM32_USB_Device_Library/Class/CDC/Src/usbd_cdc.o
 .data.CDCOutEpAdd
                0x0000000020000098        0x1 ./Middlewares/ST/STM32_USB_Device_Library/Class/CDC/Src/usbd_cdc.o
 .data.CDCCmdEpAdd
                0x0000000020000099        0x1 ./Middlewares/ST/STM32_USB_Device_Library/Class/CDC/Src/usbd_cdc.o
 *fill*         0x000000002000009a        0x2 
 .data.USBD_Interface_fops_FS
                0x000000002000009c       0x14 ./USB_DEVICE/App/usbd_cdc_if.o
                0x000000002000009c                USBD_Interface_fops_FS
 .data.FS_Desc  0x00000000200000b0       0x20 ./USB_DEVICE/App/usbd_desc.o
                0x00000000200000b0                FS_Desc
 .data.USBD_FS_DeviceDesc
                0x00000000200000d0       0x12 ./USB_DEVICE/App/usbd_desc.o
                0x00000000200000d0                USBD_FS_DeviceDesc
 *fill*         0x00000000200000e2        0x2 
 .data.USBD_FS_BOSDesc
                0x00000000200000e4        0xc ./USB_DEVICE/App/usbd_desc.o
                0x00000000200000e4                USBD_FS_BOSDesc
 .data.USBD_LangIDDesc
                0x00000000200000f0        0x4 ./USB_DEVICE/App/usbd_desc.o
                0x00000000200000f0                USBD_LangIDDesc
 .data.USBD_StringSerial
                0x00000000200000f4       0x1a ./USB_DEVICE/App/usbd_desc.o
                0x00000000200000f4                USBD_StringSerial
 *(.RamFunc)
 *(.RamFunc*)
                0x0000000020000110                . = ALIGN (0x4)
 *fill*         0x000000002000010e        0x2 
                0x0000000020000110                _edata = .

.igot.plt       0x0000000020000110        0x0 load address 0x000000000800b54c
 .igot.plt      0x0000000020000110        0x0 c:/st/stm32cubeide_1.12.0/stm32cubeide/plugins/com.st.stm32cube.ide.mcu.externaltools.gnu-tools-for-stm32.10.3-2021.10.win32_1.0.200.202301161003/tools/bin/../lib/gcc/arm-none-eabi/10.3.1/thumb/v7e-m+fp/hard/crtbegin.o
                0x0000000020000110                . = ALIGN (0x4)

.bss            0x0000000020000110     0x1f04 load address 0x000000000800b54c
                0x0000000020000110                _sbss = .
                0x0000000020000110                __bss_start__ = _sbss
 *(.bss)
 .bss           0x0000000020000110       0x1c c:/st/stm32cubeide_1.12.0/stm32cubeide/plugins/com.st.stm32cube.ide.mcu.externaltools.gnu-tools-for-stm32.10.3-2021.10.win32_1.0.200.202301161003/tools/bin/../lib/gcc/arm-none-eabi/10.3.1/thumb/v7e-m+fp/hard/crtbegin.o
 *(.bss*)
 .bss.PID       0x000000002000012c       0x20 ./Core/Src/PID.o
                0x000000002000012c                PID
 .bss.hadc1     0x000000002000014c       0x48 ./Core/Src/adc.o
                0x000000002000014c                hadc1
 .bss.characteristic
                0x0000000020000194       0x24 ./Core/Src/characteristic.o
                0x0000000020000194                characteristic
 .bss.counter.1
                0x00000000200001b8        0x4 ./Core/Src/characteristic.o
 .bss.setpoint.0
                0x00000000200001bc        0x4 ./Core/Src/characteristic.o
 .bss.Digits    0x00000000200001c0        0x2 ./Core/Src/display.o
                0x00000000200001c0                Digits
 *fill*         0x00000000200001c2        0x2 
 .bss.Tim1Handle
                0x00000000200001c4       0x48 ./Core/Src/encoder.o
                0x00000000200001c4                Tim1Handle
 .bss.prevCounterValue
                0x000000002000020c        0x4 ./Core/Src/encoder.o
                0x000000002000020c                prevCounterValue
 .bss.rpm       0x0000000020000210        0x4 ./Core/Src/encoder.o
                0x0000000020000210                rpm
 .bss.buffer    0x0000000020000214       0x40 ./Core/Src/main.o
                0x0000000020000214                buffer
 .bss.Tim3Handle
                0x0000000020000254       0x48 ./Core/Src/motor.o
                0x0000000020000254                Tim3Handle
 .bss.sConfigOC_PWM_Channel1
                0x000000002000029c       0x1c ./Core/Src/motor.o
                0x000000002000029c                sConfigOC_PWM_Channel1
 .bss.sConfigOC_PWM_Channel2
                0x00000000200002b8       0x1c ./Core/Src/motor.o
                0x00000000200002b8                sConfigOC_PWM_Channel2
 .bss.hspi2     0x00000000200002d4       0x58 ./Core/Src/spi.o
                0x00000000200002d4                hspi2
 .bss.htim10    0x000000002000032c       0x48 ./Core/Src/tim.o
                0x000000002000032c                htim10
 .bss.Tim7Handle
                0x0000000020000374       0x48 ./Core/Src/timer.o
                0x0000000020000374                Tim7Handle
 .bss.last_measurement.3
                0x00000000200003bc        0x4 ./Core/Src/timer.o
 .bss.huart2    0x00000000200003c0       0x44 ./Core/Src/usart.o
                0x00000000200003c0                huart2
 .bss.uwTick    0x0000000020000404        0x4 ./Drivers/STM32F4xx_HAL_Driver/Src/stm32f4xx_hal.o
                0x0000000020000404                uwTick
 .bss.cfgidx.0  0x0000000020000408        0x1 ./Middlewares/ST/STM32_USB_Device_Library/Core/Src/usbd_ctlreq.o
 *fill*         0x0000000020000409        0x3 
 .bss.hUsbDeviceFS
                0x000000002000040c      0x2dc ./USB_DEVICE/App/usb_device.o
                0x000000002000040c                hUsbDeviceFS
 .bss.UserRxBufferFS
                0x00000000200006e8      0x800 ./USB_DEVICE/App/usbd_cdc_if.o
                0x00000000200006e8                UserRxBufferFS
 .bss.UserTxBufferFS
                0x0000000020000ee8      0x800 ./USB_DEVICE/App/usbd_cdc_if.o
                0x0000000020000ee8                UserTxBufferFS
 .bss.USBD_StrDesc
                0x00000000200016e8      0x200 ./USB_DEVICE/App/usbd_desc.o
                0x00000000200016e8                USBD_StrDesc
 .bss.hpcd_USB_OTG_FS
                0x00000000200018e8      0x50c ./USB_DEVICE/Target/usbd_conf.o
                0x00000000200018e8                hpcd_USB_OTG_FS
 .bss.mem.0     0x0000000020001df4      0x220 ./USB_DEVICE/Target/usbd_conf.o
 *(COMMON)
                0x0000000020002014                . = ALIGN (0x4)
                0x0000000020002014                _ebss = .
                0x0000000020002014                __bss_end__ = _ebss

._user_heap_stack
                0x0000000020002014      0x604 load address 0x000000000800b54c
                0x0000000020002018                . = ALIGN (0x8)
 *fill*         0x0000000020002014        0x4 
                [!provide]                        PROVIDE (end = .)
                0x0000000020002018                PROVIDE (_end = .)
                0x0000000020002218                . = (. + _Min_Heap_Size)
 *fill*         0x0000000020002018      0x200 
                0x0000000020002618                . = (. + _Min_Stack_Size)
 *fill*         0x0000000020002218      0x400 
                0x0000000020002618                . = ALIGN (0x8)

/DISCARD/
 libc.a(*)
 libm.a(*)
 libgcc.a(*)

.ARM.attributes
                0x0000000000000000       0x30
 *(.ARM.attributes)
 .ARM.attributes
                0x0000000000000000       0x1e c:/st/stm32cubeide_1.12.0/stm32cubeide/plugins/com.st.stm32cube.ide.mcu.externaltools.gnu-tools-for-stm32.10.3-2021.10.win32_1.0.200.202301161003/tools/bin/../lib/gcc/arm-none-eabi/10.3.1/thumb/v7e-m+fp/hard/crti.o
 .ARM.attributes
                0x000000000000001e       0x34 c:/st/stm32cubeide_1.12.0/stm32cubeide/plugins/com.st.stm32cube.ide.mcu.externaltools.gnu-tools-for-stm32.10.3-2021.10.win32_1.0.200.202301161003/tools/bin/../lib/gcc/arm-none-eabi/10.3.1/thumb/v7e-m+fp/hard/crtbegin.o
 .ARM.attributes
                0x0000000000000052       0x34 ./Core/Src/PID.o
 .ARM.attributes
                0x0000000000000086       0x34 ./Core/Src/adc.o
 .ARM.attributes
                0x00000000000000ba       0x34 ./Core/Src/characteristic.o
 .ARM.attributes
                0x00000000000000ee       0x34 ./Core/Src/components.o
 .ARM.attributes
                0x0000000000000122       0x34 ./Core/Src/display.o
 .ARM.attributes
                0x0000000000000156       0x34 ./Core/Src/encoder.o
 .ARM.attributes
                0x000000000000018a       0x34 ./Core/Src/gpio.o
 .ARM.attributes
                0x00000000000001be       0x34 ./Core/Src/main.o
 .ARM.attributes
                0x00000000000001f2       0x34 ./Core/Src/motor.o
 .ARM.attributes
                0x0000000000000226       0x34 ./Core/Src/spi.o
 .ARM.attributes
                0x000000000000025a       0x34 ./Core/Src/stm32f4xx_hal_msp.o
 .ARM.attributes
                0x000000000000028e       0x34 ./Core/Src/stm32f4xx_it.o
 .ARM.attributes
                0x00000000000002c2       0x34 ./Core/Src/system_stm32f4xx.o
 .ARM.attributes
                0x00000000000002f6       0x34 ./Core/Src/tim.o
 .ARM.attributes
                0x000000000000032a       0x34 ./Core/Src/timer.o
 .ARM.attributes
                0x000000000000035e       0x34 ./Core/Src/usart.o
 .ARM.attributes
                0x0000000000000392       0x21 ./Core/Startup/startup_stm32f446retx.o
 .ARM.attributes
                0x00000000000003b3       0x34 ./Drivers/STM32F4xx_HAL_Driver/Src/stm32f4xx_hal.o
 .ARM.attributes
                0x00000000000003e7       0x34 ./Drivers/STM32F4xx_HAL_Driver/Src/stm32f4xx_hal_adc.o
 .ARM.attributes
                0x000000000000041b       0x34 ./Drivers/STM32F4xx_HAL_Driver/Src/stm32f4xx_hal_cortex.o
 .ARM.attributes
                0x000000000000044f       0x34 ./Drivers/STM32F4xx_HAL_Driver/Src/stm32f4xx_hal_dma.o
 .ARM.attributes
                0x0000000000000483       0x34 ./Drivers/STM32F4xx_HAL_Driver/Src/stm32f4xx_hal_gpio.o
 .ARM.attributes
                0x00000000000004b7       0x34 ./Drivers/STM32F4xx_HAL_Driver/Src/stm32f4xx_hal_pcd.o
 .ARM.attributes
                0x00000000000004eb       0x34 ./Drivers/STM32F4xx_HAL_Driver/Src/stm32f4xx_hal_pcd_ex.o
 .ARM.attributes
                0x000000000000051f       0x34 ./Drivers/STM32F4xx_HAL_Driver/Src/stm32f4xx_hal_rcc.o
 .ARM.attributes
                0x0000000000000553       0x34 ./Drivers/STM32F4xx_HAL_Driver/Src/stm32f4xx_hal_rcc_ex.o
 .ARM.attributes
                0x0000000000000587       0x34 ./Drivers/STM32F4xx_HAL_Driver/Src/stm32f4xx_hal_spi.o
 .ARM.attributes
                0x00000000000005bb       0x34 ./Drivers/STM32F4xx_HAL_Driver/Src/stm32f4xx_hal_tim.o
 .ARM.attributes
                0x00000000000005ef       0x34 ./Drivers/STM32F4xx_HAL_Driver/Src/stm32f4xx_hal_tim_ex.o
 .ARM.attributes
                0x0000000000000623       0x34 ./Drivers/STM32F4xx_HAL_Driver/Src/stm32f4xx_hal_uart.o
 .ARM.attributes
                0x0000000000000657       0x34 ./Drivers/STM32F4xx_HAL_Driver/Src/stm32f4xx_ll_usb.o
 .ARM.attributes
                0x000000000000068b       0x34 ./Middlewares/ST/STM32_USB_Device_Library/Class/CDC/Src/usbd_cdc.o
 .ARM.attributes
                0x00000000000006bf       0x34 ./Middlewares/ST/STM32_USB_Device_Library/Core/Src/usbd_core.o
 .ARM.attributes
                0x00000000000006f3       0x34 ./Middlewares/ST/STM32_USB_Device_Library/Core/Src/usbd_ctlreq.o
 .ARM.attributes
                0x0000000000000727       0x34 ./Middlewares/ST/STM32_USB_Device_Library/Core/Src/usbd_ioreq.o
 .ARM.attributes
                0x000000000000075b       0x34 ./USB_DEVICE/App/usb_device.o
 .ARM.attributes
                0x000000000000078f       0x34 ./USB_DEVICE/App/usbd_cdc_if.o
 .ARM.attributes
                0x00000000000007c3       0x34 ./USB_DEVICE/App/usbd_desc.o
 .ARM.attributes
                0x00000000000007f7       0x34 ./USB_DEVICE/Target/usbd_conf.o
 .ARM.attributes
                0x000000000000082b       0x34 c:/st/stm32cubeide_1.12.0/stm32cubeide/plugins/com.st.stm32cube.ide.mcu.externaltools.gnu-tools-for-stm32.10.3-2021.10.win32_1.0.200.202301161003/tools/bin/../lib/gcc/arm-none-eabi/10.3.1/../../../../arm-none-eabi/lib/thumb/v7e-m+fp/hard\libc_nano.a(lib_a-init.o)
 .ARM.attributes
                0x000000000000085f       0x34 c:/st/stm32cubeide_1.12.0/stm32cubeide/plugins/com.st.stm32cube.ide.mcu.externaltools.gnu-tools-for-stm32.10.3-2021.10.win32_1.0.200.202301161003/tools/bin/../lib/gcc/arm-none-eabi/10.3.1/../../../../arm-none-eabi/lib/thumb/v7e-m+fp/hard\libc_nano.a(lib_a-memcpy-stub.o)
 .ARM.attributes
                0x0000000000000893       0x34 c:/st/stm32cubeide_1.12.0/stm32cubeide/plugins/com.st.stm32cube.ide.mcu.externaltools.gnu-tools-for-stm32.10.3-2021.10.win32_1.0.200.202301161003/tools/bin/../lib/gcc/arm-none-eabi/10.3.1/../../../../arm-none-eabi/lib/thumb/v7e-m+fp/hard\libc_nano.a(lib_a-memset.o)
 .ARM.attributes
                0x00000000000008c7       0x1e c:/st/stm32cubeide_1.12.0/stm32cubeide/plugins/com.st.stm32cube.ide.mcu.externaltools.gnu-tools-for-stm32.10.3-2021.10.win32_1.0.200.202301161003/tools/bin/../lib/gcc/arm-none-eabi/10.3.1/thumb/v7e-m+fp/hard\libgcc.a(_arm_addsubdf3.o)
 .ARM.attributes
                0x00000000000008e5       0x1e c:/st/stm32cubeide_1.12.0/stm32cubeide/plugins/com.st.stm32cube.ide.mcu.externaltools.gnu-tools-for-stm32.10.3-2021.10.win32_1.0.200.202301161003/tools/bin/../lib/gcc/arm-none-eabi/10.3.1/thumb/v7e-m+fp/hard\libgcc.a(_arm_muldivdf3.o)
 .ARM.attributes
                0x0000000000000903       0x1e c:/st/stm32cubeide_1.12.0/stm32cubeide/plugins/com.st.stm32cube.ide.mcu.externaltools.gnu-tools-for-stm32.10.3-2021.10.win32_1.0.200.202301161003/tools/bin/../lib/gcc/arm-none-eabi/10.3.1/thumb/v7e-m+fp/hard\libgcc.a(_arm_cmpdf2.o)
 .ARM.attributes
                0x0000000000000921       0x1e c:/st/stm32cubeide_1.12.0/stm32cubeide/plugins/com.st.stm32cube.ide.mcu.externaltools.gnu-tools-for-stm32.10.3-2021.10.win32_1.0.200.202301161003/tools/bin/../lib/gcc/arm-none-eabi/10.3.1/thumb/v7e-m+fp/hard\libgcc.a(_arm_truncdfsf2.o)
 .ARM.attributes
                0x000000000000093f       0x1e c:/st/stm32cubeide_1.12.0/stm32cubeide/plugins/com.st.stm32cube.ide.mcu.externaltools.gnu-tools-for-stm32.10.3-2021.10.win32_1.0.200.202301161003/tools/bin/../lib/gcc/arm-none-eabi/10.3.1/thumb/v7e-m+fp/hard\libgcc.a(_aeabi_uldivmod.o)
 .ARM.attributes
                0x000000000000095d       0x34 c:/st/stm32cubeide_1.12.0/stm32cubeide/plugins/com.st.stm32cube.ide.mcu.externaltools.gnu-tools-for-stm32.10.3-2021.10.win32_1.0.200.202301161003/tools/bin/../lib/gcc/arm-none-eabi/10.3.1/thumb/v7e-m+fp/hard\libgcc.a(_udivmoddi4.o)
 .ARM.attributes
                0x0000000000000991       0x1e c:/st/stm32cubeide_1.12.0/stm32cubeide/plugins/com.st.stm32cube.ide.mcu.externaltools.gnu-tools-for-stm32.10.3-2021.10.win32_1.0.200.202301161003/tools/bin/../lib/gcc/arm-none-eabi/10.3.1/thumb/v7e-m+fp/hard\libgcc.a(_dvmd_tls.o)
 .ARM.attributes
                0x00000000000009af       0x1e c:/st/stm32cubeide_1.12.0/stm32cubeide/plugins/com.st.stm32cube.ide.mcu.externaltools.gnu-tools-for-stm32.10.3-2021.10.win32_1.0.200.202301161003/tools/bin/../lib/gcc/arm-none-eabi/10.3.1/thumb/v7e-m+fp/hard/crtn.o
OUTPUT(motor_control.elf elf32-littlearm)
LOAD linker stubs
LOAD c:/st/stm32cubeide_1.12.0/stm32cubeide/plugins/com.st.stm32cube.ide.mcu.externaltools.gnu-tools-for-stm32.10.3-2021.10.win32_1.0.200.202301161003/tools/bin/../lib/gcc/arm-none-eabi/10.3.1/../../../../arm-none-eabi/lib/thumb/v7e-m+fp/hard\libc.a
LOAD c:/st/stm32cubeide_1.12.0/stm32cubeide/plugins/com.st.stm32cube.ide.mcu.externaltools.gnu-tools-for-stm32.10.3-2021.10.win32_1.0.200.202301161003/tools/bin/../lib/gcc/arm-none-eabi/10.3.1/../../../../arm-none-eabi/lib/thumb/v7e-m+fp/hard\libm.a
LOAD c:/st/stm32cubeide_1.12.0/stm32cubeide/plugins/com.st.stm32cube.ide.mcu.externaltools.gnu-tools-for-stm32.10.3-2021.10.win32_1.0.200.202301161003/tools/bin/../lib/gcc/arm-none-eabi/10.3.1/thumb/v7e-m+fp/hard\libgcc.a

.debug_info     0x0000000000000000    0x1f5db
 .debug_info    0x0000000000000000      0x223 ./Core/Src/PID.o
 .debug_info    0x0000000000000223      0xa79 ./Core/Src/adc.o
 .debug_info    0x0000000000000c9c      0x2ed ./Core/Src/characteristic.o
 .debug_info    0x0000000000000f89       0xef ./Core/Src/components.o
 .debug_info    0x0000000000001078      0x32e ./Core/Src/display.o
 .debug_info    0x00000000000013a6      0xba1 ./Core/Src/encoder.o
 .debug_info    0x0000000000001f47      0x4fd ./Core/Src/gpio.o
 .debug_info    0x0000000000002444      0x733 ./Core/Src/main.o
 .debug_info    0x0000000000002b77      0xbf8 ./Core/Src/motor.o
 .debug_info    0x000000000000376f      0xdb2 ./Core/Src/spi.o
 .debug_info    0x0000000000004521      0x2f8 ./Core/Src/stm32f4xx_hal_msp.o
 .debug_info    0x0000000000004819      0xbdf ./Core/Src/stm32f4xx_it.o
 .debug_info    0x00000000000053f8      0x557 ./Core/Src/system_stm32f4xx.o
 .debug_info    0x000000000000594f      0x959 ./Core/Src/tim.o
 .debug_info    0x00000000000062a8      0xd45 ./Core/Src/timer.o
 .debug_info    0x0000000000006fed      0xa66 ./Core/Src/usart.o
 .debug_info    0x0000000000007a53       0x22 ./Core/Startup/startup_stm32f446retx.o
 .debug_info    0x0000000000007a75      0x9ce ./Drivers/STM32F4xx_HAL_Driver/Src/stm32f4xx_hal.o
 .debug_info    0x0000000000008443      0xd6c ./Drivers/STM32F4xx_HAL_Driver/Src/stm32f4xx_hal_adc.o
 .debug_info    0x00000000000091af      0xe35 ./Drivers/STM32F4xx_HAL_Driver/Src/stm32f4xx_hal_cortex.o
 .debug_info    0x0000000000009fe4      0x94b ./Drivers/STM32F4xx_HAL_Driver/Src/stm32f4xx_hal_dma.o
 .debug_info    0x000000000000a92f      0x7ba ./Drivers/STM32F4xx_HAL_Driver/Src/stm32f4xx_hal_gpio.o
 .debug_info    0x000000000000b0e9     0x170b ./Drivers/STM32F4xx_HAL_Driver/Src/stm32f4xx_hal_pcd.o
 .debug_info    0x000000000000c7f4      0x7ef ./Drivers/STM32F4xx_HAL_Driver/Src/stm32f4xx_hal_pcd_ex.o
 .debug_info    0x000000000000cfe3      0x9a7 ./Drivers/STM32F4xx_HAL_Driver/Src/stm32f4xx_hal_rcc.o
 .debug_info    0x000000000000d98a      0x9e8 ./Drivers/STM32F4xx_HAL_Driver/Src/stm32f4xx_hal_rcc_ex.o
 .debug_info    0x000000000000e372     0x1754 ./Drivers/STM32F4xx_HAL_Driver/Src/stm32f4xx_hal_spi.o
 .debug_info    0x000000000000fac6     0x2bba ./Drivers/STM32F4xx_HAL_Driver/Src/stm32f4xx_hal_tim.o
 .debug_info    0x0000000000012680     0x15dc ./Drivers/STM32F4xx_HAL_Driver/Src/stm32f4xx_hal_tim_ex.o
 .debug_info    0x0000000000013c5c     0x31b8 ./Drivers/STM32F4xx_HAL_Driver/Src/stm32f4xx_hal_uart.o
 .debug_info    0x0000000000016e14     0x1af7 ./Drivers/STM32F4xx_HAL_Driver/Src/stm32f4xx_ll_usb.o
 .debug_info    0x000000000001890b     0x138f ./Middlewares/ST/STM32_USB_Device_Library/Class/CDC/Src/usbd_cdc.o
 .debug_info    0x0000000000019c9a      0xf06 ./Middlewares/ST/STM32_USB_Device_Library/Core/Src/usbd_core.o
 .debug_info    0x000000000001aba0      0xb9e ./Middlewares/ST/STM32_USB_Device_Library/Core/Src/usbd_ctlreq.o
 .debug_info    0x000000000001b73e      0x7f9 ./Middlewares/ST/STM32_USB_Device_Library/Core/Src/usbd_ioreq.o
 .debug_info    0x000000000001bf37      0x789 ./USB_DEVICE/App/usb_device.o
 .debug_info    0x000000000001c6c0      0x9ed ./USB_DEVICE/App/usbd_cdc_if.o
 .debug_info    0x000000000001d0ad      0x516 ./USB_DEVICE/App/usbd_desc.o
 .debug_info    0x000000000001d5c3     0x2018 ./USB_DEVICE/Target/usbd_conf.o

.debug_abbrev   0x0000000000000000     0x4d00
 .debug_abbrev  0x0000000000000000      0x156 ./Core/Src/PID.o
 .debug_abbrev  0x0000000000000156      0x1dd ./Core/Src/adc.o
 .debug_abbrev  0x0000000000000333      0x148 ./Core/Src/characteristic.o
 .debug_abbrev  0x000000000000047b       0x66 ./Core/Src/components.o
 .debug_abbrev  0x00000000000004e1      0x17a ./Core/Src/display.o
 .debug_abbrev  0x000000000000065b      0x1d2 ./Core/Src/encoder.o
 .debug_abbrev  0x000000000000082d      0x16e ./Core/Src/gpio.o
 .debug_abbrev  0x000000000000099b      0x209 ./Core/Src/main.o
 .debug_abbrev  0x0000000000000ba4      0x1e8 ./Core/Src/motor.o
 .debug_abbrev  0x0000000000000d8c      0x219 ./Core/Src/spi.o
 .debug_abbrev  0x0000000000000fa5       0xd1 ./Core/Src/stm32f4xx_hal_msp.o
 .debug_abbrev  0x0000000000001076      0x1bf ./Core/Src/stm32f4xx_it.o
 .debug_abbrev  0x0000000000001235      0x113 ./Core/Src/system_stm32f4xx.o
 .debug_abbrev  0x0000000000001348      0x1bf ./Core/Src/tim.o
 .debug_abbrev  0x0000000000001507      0x268 ./Core/Src/timer.o
 .debug_abbrev  0x000000000000176f      0x200 ./Core/Src/usart.o
 .debug_abbrev  0x000000000000196f       0x12 ./Core/Startup/startup_stm32f446retx.o
 .debug_abbrev  0x0000000000001981      0x20a ./Drivers/STM32F4xx_HAL_Driver/Src/stm32f4xx_hal.o
 .debug_abbrev  0x0000000000001b8b      0x241 ./Drivers/STM32F4xx_HAL_Driver/Src/stm32f4xx_hal_adc.o
 .debug_abbrev  0x0000000000001dcc      0x313 ./Drivers/STM32F4xx_HAL_Driver/Src/stm32f4xx_hal_cortex.o
 .debug_abbrev  0x00000000000020df      0x258 ./Drivers/STM32F4xx_HAL_Driver/Src/stm32f4xx_hal_dma.o
 .debug_abbrev  0x0000000000002337      0x1c1 ./Drivers/STM32F4xx_HAL_Driver/Src/stm32f4xx_hal_gpio.o
 .debug_abbrev  0x00000000000024f8      0x2cf ./Drivers/STM32F4xx_HAL_Driver/Src/stm32f4xx_hal_pcd.o
 .debug_abbrev  0x00000000000027c7      0x1cb ./Drivers/STM32F4xx_HAL_Driver/Src/stm32f4xx_hal_pcd_ex.o
 .debug_abbrev  0x0000000000002992      0x2a7 ./Drivers/STM32F4xx_HAL_Driver/Src/stm32f4xx_hal_rcc.o
 .debug_abbrev  0x0000000000002c39      0x1f8 ./Drivers/STM32F4xx_HAL_Driver/Src/stm32f4xx_hal_rcc_ex.o
 .debug_abbrev  0x0000000000002e31      0x26b ./Drivers/STM32F4xx_HAL_Driver/Src/stm32f4xx_hal_spi.o
 .debug_abbrev  0x000000000000309c      0x25a ./Drivers/STM32F4xx_HAL_Driver/Src/stm32f4xx_hal_tim.o
 .debug_abbrev  0x00000000000032f6      0x262 ./Drivers/STM32F4xx_HAL_Driver/Src/stm32f4xx_hal_tim_ex.o
 .debug_abbrev  0x0000000000003558      0x2f1 ./Drivers/STM32F4xx_HAL_Driver/Src/stm32f4xx_hal_uart.o
 .debug_abbrev  0x0000000000003849      0x293 ./Drivers/STM32F4xx_HAL_Driver/Src/stm32f4xx_ll_usb.o
 .debug_abbrev  0x0000000000003adc      0x2bb ./Middlewares/ST/STM32_USB_Device_Library/Class/CDC/Src/usbd_cdc.o
 .debug_abbrev  0x0000000000003d97      0x260 ./Middlewares/ST/STM32_USB_Device_Library/Core/Src/usbd_core.o
 .debug_abbrev  0x0000000000003ff7      0x259 ./Middlewares/ST/STM32_USB_Device_Library/Core/Src/usbd_ctlreq.o
 .debug_abbrev  0x0000000000004250      0x187 ./Middlewares/ST/STM32_USB_Device_Library/Core/Src/usbd_ioreq.o
 .debug_abbrev  0x00000000000043d7      0x187 ./USB_DEVICE/App/usb_device.o
 .debug_abbrev  0x000000000000455e      0x2a3 ./USB_DEVICE/App/usbd_cdc_if.o
 .debug_abbrev  0x0000000000004801      0x1d7 ./USB_DEVICE/App/usbd_desc.o
 .debug_abbrev  0x00000000000049d8      0x328 ./USB_DEVICE/Target/usbd_conf.o

.debug_aranges  0x0000000000000000     0x18d8
 .debug_aranges
                0x0000000000000000       0x38 ./Core/Src/PID.o