Archive member included to satisfy reference by file (symbol)

c:/st/stm32cubeide_1.12.0/stm32cubeide/plugins/com.st.stm32cube.ide.mcu.externaltools.gnu-tools-for-stm32.10.3-2021.10.win32_1.0.200.202301161003/tools/bin/../lib/gcc/arm-none-eabi/10.3.1/../../../../arm-none-eabi/lib/thumb/v7e-m+fp/hard\libc_nano.a(lib_a-errno.o)
                              ./Core/Src/syscalls.o (__errno)
c:/st/stm32cubeide_1.12.0/stm32cubeide/plugins/com.st.stm32cube.ide.mcu.externaltools.gnu-tools-for-stm32.10.3-2021.10.win32_1.0.200.202301161003/tools/bin/../lib/gcc/arm-none-eabi/10.3.1/../../../../arm-none-eabi/lib/thumb/v7e-m+fp/hard\libc_nano.a(lib_a-exit.o)
                              c:/st/stm32cubeide_1.12.0/stm32cubeide/plugins/com.st.stm32cube.ide.mcu.externaltools.gnu-tools-for-stm32.10.3-2021.10.win32_1.0.200.202301161003/tools/bin/../lib/gcc/arm-none-eabi/10.3.1/../../../../arm-none-eabi/lib/thumb/v7e-m+fp/hard/crt0.o (exit)
c:/st/stm32cubeide_1.12.0/stm32cubeide/plugins/com.st.stm32cube.ide.mcu.externaltools.gnu-tools-for-stm32.10.3-2021.10.win32_1.0.200.202301161003/tools/bin/../lib/gcc/arm-none-eabi/10.3.1/../../../../arm-none-eabi/lib/thumb/v7e-m+fp/hard\libc_nano.a(lib_a-impure.o)
                              c:/st/stm32cubeide_1.12.0/stm32cubeide/plugins/com.st.stm32cube.ide.mcu.externaltools.gnu-tools-for-stm32.10.3-2021.10.win32_1.0.200.202301161003/tools/bin/../lib/gcc/arm-none-eabi/10.3.1/../../../../arm-none-eabi/lib/thumb/v7e-m+fp/hard\libc_nano.a(lib_a-exit.o) (_global_impure_ptr)
c:/st/stm32cubeide_1.12.0/stm32cubeide/plugins/com.st.stm32cube.ide.mcu.externaltools.gnu-tools-for-stm32.10.3-2021.10.win32_1.0.200.202301161003/tools/bin/../lib/gcc/arm-none-eabi/10.3.1/../../../../arm-none-eabi/lib/thumb/v7e-m+fp/hard\libc_nano.a(lib_a-init.o)
                              c:/st/stm32cubeide_1.12.0/stm32cubeide/plugins/com.st.stm32cube.ide.mcu.externaltools.gnu-tools-for-stm32.10.3-2021.10.win32_1.0.200.202301161003/tools/bin/../lib/gcc/arm-none-eabi/10.3.1/../../../../arm-none-eabi/lib/thumb/v7e-m+fp/hard/crt0.o (__libc_init_array)
c:/st/stm32cubeide_1.12.0/stm32cubeide/plugins/com.st.stm32cube.ide.mcu.externaltools.gnu-tools-for-stm32.10.3-2021.10.win32_1.0.200.202301161003/tools/bin/../lib/gcc/arm-none-eabi/10.3.1/../../../../arm-none-eabi/lib/thumb/v7e-m+fp/hard\libc_nano.a(lib_a-memset.o)
                              c:/st/stm32cubeide_1.12.0/stm32cubeide/plugins/com.st.stm32cube.ide.mcu.externaltools.gnu-tools-for-stm32.10.3-2021.10.win32_1.0.200.202301161003/tools/bin/../lib/gcc/arm-none-eabi/10.3.1/../../../../arm-none-eabi/lib/thumb/v7e-m+fp/hard/crt0.o (memset)
c:/st/stm32cubeide_1.12.0/stm32cubeide/plugins/com.st.stm32cube.ide.mcu.externaltools.gnu-tools-for-stm32.10.3-2021.10.win32_1.0.200.202301161003/tools/bin/../lib/gcc/arm-none-eabi/10.3.1/../../../../arm-none-eabi/lib/thumb/v7e-m+fp/hard\libm.a(lib_a-s_floor.o)
                              ./Core/Src/PID.o (floor)
c:/st/stm32cubeide_1.12.0/stm32cubeide/plugins/com.st.stm32cube.ide.mcu.externaltools.gnu-tools-for-stm32.10.3-2021.10.win32_1.0.200.202301161003/tools/bin/../lib/gcc/arm-none-eabi/10.3.1/thumb/v7e-m+fp/hard\libgcc.a(_arm_addsubdf3.o)
                              ./Core/Src/PID.o (__aeabi_dsub)
c:/st/stm32cubeide_1.12.0/stm32cubeide/plugins/com.st.stm32cube.ide.mcu.externaltools.gnu-tools-for-stm32.10.3-2021.10.win32_1.0.200.202301161003/tools/bin/../lib/gcc/arm-none-eabi/10.3.1/thumb/v7e-m+fp/hard\libgcc.a(_arm_cmpdf2.o)
                              c:/st/stm32cubeide_1.12.0/stm32cubeide/plugins/com.st.stm32cube.ide.mcu.externaltools.gnu-tools-for-stm32.10.3-2021.10.win32_1.0.200.202301161003/tools/bin/../lib/gcc/arm-none-eabi/10.3.1/../../../../arm-none-eabi/lib/thumb/v7e-m+fp/hard\libm.a(lib_a-s_floor.o) (__aeabi_dcmpgt)
c:/st/stm32cubeide_1.12.0/stm32cubeide/plugins/com.st.stm32cube.ide.mcu.externaltools.gnu-tools-for-stm32.10.3-2021.10.win32_1.0.200.202301161003/tools/bin/../lib/gcc/arm-none-eabi/10.3.1/thumb/v7e-m+fp/hard\libgcc.a(_arm_truncdfsf2.o)
                              ./Core/Src/PID.o (__aeabi_d2f)
c:/st/stm32cubeide_1.12.0/stm32cubeide/plugins/com.st.stm32cube.ide.mcu.externaltools.gnu-tools-for-stm32.10.3-2021.10.win32_1.0.200.202301161003/tools/bin/../lib/gcc/arm-none-eabi/10.3.1/thumb/v7e-m+fp/hard\libgcc.a(_aeabi_uldivmod.o)
                              ./Drivers/STM32F4xx_HAL_Driver/Src/stm32f4xx_hal_rcc.o (__aeabi_uldivmod)
c:/st/stm32cubeide_1.12.0/stm32cubeide/plugins/com.st.stm32cube.ide.mcu.externaltools.gnu-tools-for-stm32.10.3-2021.10.win32_1.0.200.202301161003/tools/bin/../lib/gcc/arm-none-eabi/10.3.1/thumb/v7e-m+fp/hard\libgcc.a(_udivmoddi4.o)
                              c:/st/stm32cubeide_1.12.0/stm32cubeide/plugins/com.st.stm32cube.ide.mcu.externaltools.gnu-tools-for-stm32.10.3-2021.10.win32_1.0.200.202301161003/tools/bin/../lib/gcc/arm-none-eabi/10.3.1/thumb/v7e-m+fp/hard\libgcc.a(_aeabi_uldivmod.o) (__udivmoddi4)
[...]
Memory Configuration

Name             Origin             Length             Attributes
RAM              0x0000000020000000 0x0000000000020000 xrw
FLASH            0x0000000008000000 0x0000000000080000 xr
*default*        0x0000000000000000 0xffffffffffffffff

Linker script and memory map

LOAD c:/st/stm32cubeide_1.12.0/stm32cubeide/plugins/com.st.stm32cube.ide.mcu.externaltools.gnu-tools-for-stm32.10.3-2021.10.win32_1.0.200.202301161003/tools/bin/../lib/gcc/arm-none-eabi/10.3.1/thumb/v7e-m+fp/hard/crti.o
LOAD c:/st/stm32cubeide_1.12.0/stm32cubeide/plugins/com.st.stm32cube.ide.mcu.externaltools.gnu-tools-for-stm32.10.3-2021.10.win32_1.0.200.202301161003/tools/bin/../lib/gcc/arm-none-eabi/10.3.1/thumb/v7e-m+fp/hard/crtbegin.o
LOAD c:/st/stm32cubeide_1.12.0/stm32cubeide/plugins/com.st.stm32cube.ide.mcu.externaltools.gnu-tools-for-stm32.10.3-2021.10.win32_1.0.200.202301161003/tools/bin/../lib/gcc/arm-none-eabi/10.3.1/../../../../arm-none-eabi/lib/thumb/v7e-m+fp/hard/crt0.o
LOAD ./Core/Src/PID.o
LOAD ./Core/Src/adc.o
LOAD ./Core/Src/characteristic.o
LOAD ./Core/Src/components.o
LOAD ./Core/Src/display.o
LOAD ./Core/Src/encoder.o
LOAD ./Core/Src/gpio.o
LOAD ./Core/Src/main.o
LOAD ./Core/Src/motor.o
LOAD ./Core/Src/spi.o
LOAD ./Core/Src/stm32f4xx_hal_msp.o
LOAD ./Core/Src/stm32f4xx_it.o
LOAD ./Core/Src/syscalls.o
LOAD ./Core/Src/sysmem.o
LOAD ./Core/Src/system_stm32f4xx.o
LOAD ./Core/Src/tim.o
LOAD ./Core/Src/timer.o
LOAD ./Core/Src/usart.o
LOAD ./Core/Startup/startup_stm32f446retx.o
LOAD ./Drivers/STM32F4xx_HAL_Driver/Src/stm32f4xx_hal.o
LOAD ./Drivers/STM32F4xx_HAL_Driver/Src/stm32f4xx_hal_adc.o
LOAD ./Drivers/STM32F4xx_HAL_Driver/Src/stm32f4xx_hal_adc_ex.o
LOAD ./Drivers/STM32F4xx_HAL_Driver/Src/stm32f4xx_hal_cortex.o
LOAD ./Drivers/STM32F4xx_HAL_Driver/Src/stm32f4xx_hal_dma.o
LOAD ./Drivers/STM32F4xx_HAL_Driver/Src/stm32f4xx_hal_dma_ex.o
LOAD ./Drivers/STM32F4xx_HAL_Driver/Src/stm32f4xx_hal_exti.o
LOAD ./Drivers/STM32F4xx_HAL_Driver/Src/stm32f4xx_hal_flash.o
LOAD ./Drivers/STM32F4xx_HAL_Driver/Src/stm32f4xx_hal_flash_ex.o
LOAD ./Drivers/STM32F4xx_HAL_Driver/Src/stm32f4xx_hal_flash_ramfunc.o
LOAD ./Drivers/STM32F4xx_HAL_Driver/Src/stm32f4xx_hal_gpio.o
LOAD ./Drivers/STM32F4xx_HAL_Driver/Src/stm32f4xx_hal_pcd.o
LOAD ./Drivers/STM32F4xx_HAL_Driver/Src/stm32f4xx_hal_pcd_ex.o
LOAD ./Drivers/STM32F4xx_HAL_Driver/Src/stm32f4xx_hal_pwr.o
LOAD ./Drivers/STM32F4xx_HAL_Driver/Src/stm32f4xx_hal_pwr_ex.o
LOAD ./Drivers/STM32F4xx_HAL_Driver/Src/stm32f4xx_hal_rcc.o
LOAD ./Drivers/STM32F4xx_HAL_Driver/Src/stm32f4xx_hal_rcc_ex.o
LOAD ./Drivers/STM32F4xx_HAL_Driver/Src/stm32f4xx_hal_spi.o
LOAD ./Drivers/STM32F4xx_HAL_Driver/Src/stm32f4xx_hal_tim.o
LOAD ./Drivers/STM32F4xx_HAL_Driver/Src/stm32f4xx_hal_tim_ex.o
LOAD ./Drivers/STM32F4xx_HAL_Driver/Src/stm32f4xx_hal_uart.o
LOAD ./Drivers/STM32F4xx_HAL_Driver/Src/stm32f4xx_ll_adc.o
LOAD ./Drivers/STM32F4xx_HAL_Driver/Src/stm32f4xx_ll_usb.o
LOAD ./Middlewares/ST/STM32_USB_Device_Library/Class/CDC/Src/usbd_cdc.o
LOAD ./Middlewares/ST/STM32_USB_Device_Library/Core/Src/usbd_core.o
LOAD ./Middlewares/ST/STM32_USB_Device_Library/Core/Src/usbd_ctlreq.o
LOAD ./Middlewares/ST/STM32_USB_Device_Library/Core/Src/usbd_ioreq.o
LOAD ./USB_DEVICE/App/usb_device.o
LOAD ./USB_DEVICE/App/usbd_cdc_if.o
LOAD ./USB_DEVICE/App/usbd_desc.o
LOAD ./USB_DEVICE/Target/usbd_conf.o
START GROUP
LOAD c:/st/stm32cubeide_1.12.0/stm32cubeide/plugins/com.st.stm32cube.ide.mcu.externaltools.gnu-tools-for-stm32.10.3-2021.10.win32_1.0.200.202301161003/tools/bin/../lib/gcc/arm-none-eabi/10.3.1/../../../../arm-none-eabi/lib/thumb/v7e-m+fp/hard\libc_nano.a
LOAD c:/st/stm32cubeide_1.12.0/stm32cubeide/plugins/com.st.stm32cube.ide.mcu.externaltools.gnu-tools-for-stm32.10.3-2021.10.win32_1.0.200.202301161003/tools/bin/../lib/gcc/arm-none-eabi/10.3.1/../../../../arm-none-eabi/lib/thumb/v7e-m+fp/hard\libm.a
END GROUP
START GROUP
LOAD c:/st/stm32cubeide_1.12.0/stm32cubeide/plugins/com.st.stm32cube.ide.mcu.externaltools.gnu-tools-for-stm32.10.3-2021.10.win32_1.0.200.202301161003/tools/bin/../lib/gcc/arm-none-eabi/10.3.1/thumb/v7e-m+fp/hard\libgcc.a
LOAD c:/st/stm32cubeide_1.12.0/stm32cubeide/plugins/com.st.stm32cube.ide.mcu.externaltools.gnu-tools-for-stm32.10.3-2021.10.win32_1.0.200.202301161003/tools/bin/../lib/gcc/arm-none-eabi/10.3.1/../../../../arm-none-eabi/lib/thumb/v7e-m+fp/hard\libc_nano.a
END GROUP
START GROUP
LOAD c:/st/stm32cubeide_1.12.0/stm32cubeide/plugins/com.st.stm32cube.ide.mcu.externaltools.gnu-tools-for-stm32.10.3-2021.10.win32_1.0.200.202301161003/tools/bin/../lib/gcc/arm-none-eabi/10.3.1/thumb/v7e-m+fp/hard\libgcc.a
LOAD c:/st/stm32cubeide_1.12.0/stm32cubeide/plugins/com.st.stm32cube.ide.mcu.externaltools.gnu-tools-for-stm32.10.3-2021.10.win32_1.0.200.202301161003/tools/bin/../lib/gcc/arm-none-eabi/10.3.1/../../../../arm-none-eabi/lib/thumb/v7e-m+fp/hard\libc_nano.a
LOAD c:/st/stm32cubeide_1.12.0/stm32cubeide/plugins/com.st.stm32cube.ide.mcu.externaltools.gnu-tools-for-stm32.10.3-2021.10.win32_1.0.200.202301161003/tools/bin/../lib/gcc/arm-none-eabi/10.3.1/../../../../arm-none-eabi/lib/thumb/v7e-m+fp/hard\libnosys.a
END GROUP
START GROUP
LOAD c:/st/stm32cubeide_1.12.0/stm32cubeide/plugins/com.st.stm32cube.ide.mcu.externaltools.gnu-tools-for-stm32.10.3-2021.10.win32_1.0.200.202301161003/tools/bin/../lib/gcc/arm-none-eabi/10.3.1/thumb/v7e-m+fp/hard\libgcc.a
LOAD c:/st/stm32cubeide_1.12.0/stm32cubeide/plugins/com.st.stm32cube.ide.mcu.externaltools.gnu-tools-for-stm32.10.3-2021.10.win32_1.0.200.202301161003/tools/bin/../lib/gcc/arm-none-eabi/10.3.1/../../../../arm-none-eabi/lib/thumb/v7e-m+fp/hard\libc_nano.a
LOAD c:/st/stm32cubeide_1.12.0/stm32cubeide/plugins/com.st.stm32cube.ide.mcu.externaltools.gnu-tools-for-stm32.10.3-2021.10.win32_1.0.200.202301161003/tools/bin/../lib/gcc/arm-none-eabi/10.3.1/../../../../arm-none-eabi/lib/thumb/v7e-m+fp/hard\libnosys.a
END GROUP
LOAD c:/st/stm32cubeide_1.12.0/stm32cubeide/plugins/com.st.stm32cube.ide.mcu.externaltools.gnu-tools-for-stm32.10.3-2021.10.win32_1.0.200.202301161003/tools/bin/../lib/gcc/arm-none-eabi/10.3.1/thumb/v7e-m+fp/hard/crtend.o
LOAD c:/st/stm32cubeide_1.12.0/stm32cubeide/plugins/com.st.stm32cube.ide.mcu.externaltools.gnu-tools-for-stm32.10.3-2021.10.win32_1.0.200.202301161003/tools/bin/../lib/gcc/arm-none-eabi/10.3.1/thumb/v7e-m+fp/hard/crtn.o
                0x0000000020020000                _estack = (ORIGIN (RAM) + LENGTH (RAM))
                0x0000000000000200                _Min_Heap_Size = 0x200
                0x0000000000000400                _Min_Stack_Size = 0x400

.isr_vector     0x0000000008000000      0x1c4
                0x0000000008000000                . = ALIGN (0x4)
 *(.isr_vector)
 .isr_vector    0x0000000008000000      0x1c4 ./Core/Startup/startup_stm32f446retx.o
                0x0000000008000000                g_pfnVectors
                0x00000000080001c4                . = ALIGN (0x4)

.text           0x00000000080001c4     0x999c
                0x00000000080001c4                . = ALIGN (0x4)
 *(.text)
 .text          0x00000000080001c4       0x40 c:/st/stm32cubeide_1.12.0/stm32cubeide/plugins/com.st.stm32cube.ide.mcu.externaltools.gnu-tools-for-stm32.10.3-2021.10.win32_1.0.200.202301161003/tools/bin/../lib/gcc/arm-none-eabi/10.3.1/thumb/v7e-m+fp/hard/crtbegin.o
 .text          0x0000000008000204       0x30 c:/st/stm32cubeide_1.12.0/stm32cubeide/plugins/com.st.stm32cube.ide.mcu.externaltools.gnu-tools-for-stm32.10.3-2021.10.win32_1.0.200.202301161003/tools/bin/../lib/gcc/arm-none-eabi/10.3.1/thumb/v7e-m+fp/hard\libgcc.a(_aeabi_uldivmod.o)
                0x0000000008000204                __aeabi_uldivmod
 .text          0x0000000008000234      0x2d0 c:/st/stm32cubeide_1.12.0/stm32cubeide/plugins/com.st.stm32cube.ide.mcu.externaltools.gnu-tools-for-stm32.10.3-2021.10.win32_1.0.200.202301161003/tools/bin/../lib/gcc/arm-none-eabi/10.3.1/thumb/v7e-m+fp/hard\libgcc.a(_udivmoddi4.o)
                0x0000000008000234                __udivmoddi4
 .text          0x0000000008000504        0x4 c:/st/stm32cubeide_1.12.0/stm32cubeide/plugins/com.st.stm32cube.ide.mcu.externaltools.gnu-tools-for-stm32.10.3-2021.10.win32_1.0.200.202301161003/tools/bin/../lib/gcc/arm-none-eabi/10.3.1/thumb/v7e-m+fp/hard\libgcc.a(_dvmd_tls.o)
                0x0000000008000504                __aeabi_idiv0
                0x0000000008000504                __aeabi_ldiv0
 *(.text*)
 .text.PIDContollerUpdate
                0x0000000008000508      0x100 ./Core/Src/PID.o
                0x0000000008000508                PIDContollerUpdate
 .text.MX_ADC1_Init
                0x0000000008000608       0xa4 ./Core/Src/adc.o
                0x0000000008000608                MX_ADC1_Init
 .text.HAL_ADC_MspInit
                0x00000000080006ac       0x88 ./Core/Src/adc.o
                0x00000000080006ac                HAL_ADC_MspInit
 .text.GetTotalTime
                0x0000000008000734       0x24 ./Core/Src/characteristic.o
                0x0000000008000734                GetTotalTime
 .text.isCharacteristicUpdated
                0x0000000008000758       0x50 ./Core/Src/characteristic.o
                0x0000000008000758                isCharacteristicUpdated
 .text.CalculateSetPoint
                0x00000000080007a8       0xe0 ./Core/Src/characteristic.o
                0x00000000080007a8                CalculateSetPoint
 .text.enterCriticalSection
                0x0000000008000888       0x12 ./Core/Src/components.o
                0x0000000008000888                enterCriticalSection
 .text.exitCriticalSection
                0x000000000800089a       0x12 ./Core/Src/components.o
                0x000000000800089a                exitCriticalSection
 .text.GetDigits
                0x00000000080008ac       0x60 ./Core/Src/display.o
                0x00000000080008ac                GetDigits
 .text.convertTo7Segment
                0x000000000800090c       0x90 ./Core/Src/display.o
                0x000000000800090c                convertTo7Segment
 .text.DisplayValue
                0x000000000800099c       0x44 ./Core/Src/display.o
                0x000000000800099c                DisplayValue
 .text.EnableDisplays
                0x00000000080009e0       0x2c ./Core/Src/display.o
                0x00000000080009e0                EnableDisplays
 .text.GetQEPValue
                0x0000000008000a0c       0x9c ./Core/Src/encoder.o
                0x0000000008000a0c                GetQEPValue
 .text.MX_GPIO_Init
                0x0000000008000aa8      0x158 ./Core/Src/gpio.o
                0x0000000008000aa8                MX_GPIO_Init
 .text.InitAF   0x0000000008000c00       0x3c ./Core/Src/gpio.o
                0x0000000008000c00                InitAF
 .text.main     0x0000000008000c3c       0xbc ./Core/Src/main.o
                0x0000000008000c3c                main
 .text.SystemClock_Config
                0x0000000008000cf8       0xd8 ./Core/Src/main.o
                0x0000000008000cf8                SystemClock_Config
 .text.Error_Handler
                0x0000000008000dd0        0xa ./Core/Src/main.o
                0x0000000008000dd0                Error_Handler
 .text.SetPWM   0x0000000008000dda       0x3e ./Core/Src/motor.o
                0x0000000008000dda                SetPWM
 .text.SetMotorCh1
                0x0000000008000e18       0x24 ./Core/Src/motor.o
                0x0000000008000e18                SetMotorCh1
 .text.SetMotorCh2
                0x0000000008000e3c       0x24 ./Core/Src/motor.o
                0x0000000008000e3c                SetMotorCh2
 .text.MX_SPI2_Init
                0x0000000008000e60       0x6c ./Core/Src/spi.o
                0x0000000008000e60                MX_SPI2_Init
 .text.HAL_SPI_MspInit
                0x0000000008000ecc       0xe0 ./Core/Src/spi.o
                0x0000000008000ecc                HAL_SPI_MspInit
 .text.SPI_EnableChip
                0x0000000008000fac       0x24 ./Core/Src/spi.o
                0x0000000008000fac                SPI_EnableChip
 .text.SPI_SEND
                0x0000000008000fd0       0x28 ./Core/Src/spi.o
                0x0000000008000fd0                SPI_SEND
 .text.HAL_MspInit
                0x0000000008000ff8       0x50 ./Core/Src/stm32f4xx_hal_msp.o
                0x0000000008000ff8                HAL_MspInit
 .text.NMI_Handler
                0x0000000008001048        0x6 ./Core/Src/stm32f4xx_it.o
                0x0000000008001048                NMI_Handler
 .text.HardFault_Handler
                0x000000000800104e        0x6 ./Core/Src/stm32f4xx_it.o
                0x000000000800104e                HardFault_Handler
 .text.MemManage_Handler
                0x0000000008001054        0x6 ./Core/Src/stm32f4xx_it.o
                0x0000000008001054                MemManage_Handler
 .text.BusFault_Handler
                0x000000000800105a        0x6 ./Core/Src/stm32f4xx_it.o
                0x000000000800105a                BusFault_Handler
 .text.UsageFault_Handler
                0x0000000008001060        0x6 ./Core/Src/stm32f4xx_it.o
                0x0000000008001060                UsageFault_Handler
 .text.SVC_Handler
                0x0000000008001066        0xe ./Core/Src/stm32f4xx_it.o
                0x0000000008001066                SVC_Handler
 .text.DebugMon_Handler
                0x0000000008001074        0xe ./Core/Src/stm32f4xx_it.o
                0x0000000008001074                DebugMon_Handler
 .text.PendSV_Handler
                0x0000000008001082        0xe ./Core/Src/stm32f4xx_it.o
                0x0000000008001082                PendSV_Handler
 .text.SysTick_Handler
                0x0000000008001090        0xc ./Core/Src/stm32f4xx_it.o
                0x0000000008001090                SysTick_Handler
 .text.SPI2_IRQHandler
                0x000000000800109c       0x14 ./Core/Src/stm32f4xx_it.o
                0x000000000800109c                SPI2_IRQHandler
 .text.OTG_FS_IRQHandler
                0x00000000080010b0       0x14 ./Core/Src/stm32f4xx_it.o
                0x00000000080010b0                OTG_FS_IRQHandler
 .text.SystemInit
                0x00000000080010c4       0x24 ./Core/Src/system_stm32f4xx.o
                0x00000000080010c4                SystemInit
 .text.MX_TIM10_Init
                0x00000000080010e8       0x48 ./Core/Src/tim.o
                0x00000000080010e8                MX_TIM10_Init
 .text.HAL_TIM_Base_MspInit
                0x0000000008001130       0x44 ./Core/Src/tim.o
                0x0000000008001130                HAL_TIM_Base_MspInit
 .text.TIM7_IRQHandler
                0x0000000008001174       0x14 ./Core/Src/timer.o
                0x0000000008001174                TIM7_IRQHandler
 .text.TimerHandler
                0x0000000008001188       0x70 ./Core/Src/timer.o
                0x0000000008001188                TimerHandler
 .text.HAL_TIM_PeriodElapsedCallback
                0x00000000080011f8       0x24 ./Core/Src/timer.o
                0x00000000080011f8                HAL_TIM_PeriodElapsedCallback
 .text.MX_USART2_UART_Init
                0x000000000800121c       0x64 ./Core/Src/usart.o
                0x000000000800121c                MX_USART2_UART_Init
 .text.HAL_UART_MspInit
                0x0000000008001280       0x90 ./Core/Src/usart.o
                0x0000000008001280                HAL_UART_MspInit
 .text.Reset_Handler
                0x0000000008001310       0x50 ./Core/Startup/startup_stm32f446retx.o
                0x0000000008001310                Reset_Handler
 .text.Default_Handler
                0x0000000008001360        0x2 ./Core/Startup/startup_stm32f446retx.o
                0x0000000008001360                RTC_Alarm_IRQHandler
                0x0000000008001360                EXTI2_IRQHandler
                0x0000000008001360                TIM8_CC_IRQHandler
                0x0000000008001360                FMPI2C1_EV_IRQHandler
                0x0000000008001360                SPI4_IRQHandler
                0x0000000008001360                TIM1_CC_IRQHandler
                0x0000000008001360                DMA2_Stream5_IRQHandler
                0x0000000008001360                DMA1_Stream5_IRQHandler
                0x0000000008001360                PVD_IRQHandler
                0x0000000008001360                SDIO_IRQHandler
                0x0000000008001360                TAMP_STAMP_IRQHandler
                0x0000000008001360                CAN2_RX1_IRQHandler
                0x0000000008001360                EXTI3_IRQHandler
                0x0000000008001360                TIM8_TRG_COM_TIM14_IRQHandler
                0x0000000008001360                TIM1_UP_TIM10_IRQHandler
                0x0000000008001360                TIM8_UP_TIM13_IRQHandler
                0x0000000008001360                I2C3_ER_IRQHandler
                0x0000000008001360                EXTI0_IRQHandler
                0x0000000008001360                I2C2_EV_IRQHandler
                0x0000000008001360                DMA1_Stream2_IRQHandler
                0x0000000008001360                CAN1_RX0_IRQHandler
                0x0000000008001360                FPU_IRQHandler
                0x0000000008001360                OTG_HS_WKUP_IRQHandler
                0x0000000008001360                CAN2_SCE_IRQHandler
                0x0000000008001360                DMA2_Stream2_IRQHandler
                0x0000000008001360                SPI1_IRQHandler
                0x0000000008001360                TIM6_DAC_IRQHandler
                0x0000000008001360                TIM1_BRK_TIM9_IRQHandler
                0x0000000008001360                DCMI_IRQHandler
                0x0000000008001360                CAN2_RX0_IRQHandler
                0x0000000008001360                DMA2_Stream3_IRQHandler
                0x0000000008001360                SAI2_IRQHandler
                0x0000000008001360                USART6_IRQHandler
                0x0000000008001360                USART3_IRQHandler
                0x0000000008001360                CAN1_RX1_IRQHandler
                0x0000000008001360                UART5_IRQHandler
                0x0000000008001360                DMA2_Stream0_IRQHandler
                0x0000000008001360                TIM4_IRQHandler
                0x0000000008001360                QUADSPI_IRQHandler
                0x0000000008001360                I2C1_EV_IRQHandler
                0x0000000008001360                DMA1_Stream6_IRQHandler
                0x0000000008001360                DMA1_Stream1_IRQHandler
                0x0000000008001360                UART4_IRQHandler
                0x0000000008001360                TIM3_IRQHandler
                0x0000000008001360                RCC_IRQHandler
                0x0000000008001360                TIM8_BRK_TIM12_IRQHandler
                0x0000000008001360                Default_Handler
                0x0000000008001360                CEC_IRQHandler
                0x0000000008001360                EXTI15_10_IRQHandler
                0x0000000008001360                ADC_IRQHandler
                0x0000000008001360                DMA1_Stream7_IRQHandler
                0x0000000008001360                CAN2_TX_IRQHandler
                0x0000000008001360                TIM5_IRQHandler
                0x0000000008001360                DMA2_Stream7_IRQHandler
                0x0000000008001360                I2C3_EV_IRQHandler
                0x0000000008001360                EXTI9_5_IRQHandler
                0x0000000008001360                RTC_WKUP_IRQHandler
                0x0000000008001360                SPDIF_RX_IRQHandler
                0x0000000008001360                OTG_HS_EP1_IN_IRQHandler
                0x0000000008001360                DMA1_Stream0_IRQHandler
                0x0000000008001360                CAN1_TX_IRQHandler
                0x0000000008001360                FMPI2C1_ER_IRQHandler
                0x0000000008001360                EXTI4_IRQHandler
                0x0000000008001360                OTG_HS_EP1_OUT_IRQHandler
                0x0000000008001360                WWDG_IRQHandler
                0x0000000008001360                TIM2_IRQHandler
                0x0000000008001360                OTG_FS_WKUP_IRQHandler
                0x0000000008001360                TIM1_TRG_COM_TIM11_IRQHandler
                0x0000000008001360                OTG_HS_IRQHandler
                0x0000000008001360                EXTI1_IRQHandler
                0x0000000008001360                USART2_IRQHandler
                0x0000000008001360                I2C2_ER_IRQHandler
                0x0000000008001360                DMA2_Stream1_IRQHandler
                0x0000000008001360                CAN1_SCE_IRQHandler
                0x0000000008001360                FLASH_IRQHandler
                0x0000000008001360                DMA2_Stream4_IRQHandler
                0x0000000008001360                USART1_IRQHandler
                0x0000000008001360                SPI3_IRQHandler
                0x0000000008001360                DMA1_Stream4_IRQHandler
                0x0000000008001360                I2C1_ER_IRQHandler
                0x0000000008001360                FMC_IRQHandler
                0x0000000008001360                DMA2_Stream6_IRQHandler
                0x0000000008001360                SAI1_IRQHandler
                0x0000000008001360                DMA1_Stream3_IRQHandler
 *fill*         0x0000000008001362        0x2 
 .text.HAL_Init
                0x0000000008001364       0x44 ./Drivers/STM32F4xx_HAL_Driver/Src/stm32f4xx_hal.o
                0x0000000008001364                HAL_Init
 .text.HAL_InitTick
                0x00000000080013a8       0x60 ./Drivers/STM32F4xx_HAL_Driver/Src/stm32f4xx_hal.o
                0x00000000080013a8                HAL_InitTick
 .text.HAL_IncTick
                0x0000000008001408       0x28 ./Drivers/STM32F4xx_HAL_Driver/Src/stm32f4xx_hal.o
                0x0000000008001408                HAL_IncTick
 .text.HAL_GetTick
                0x0000000008001430       0x18 ./Drivers/STM32F4xx_HAL_Driver/Src/stm32f4xx_hal.o
                0x0000000008001430                HAL_GetTick
 .text.HAL_Delay
                0x0000000008001448       0x48 ./Drivers/STM32F4xx_HAL_Driver/Src/stm32f4xx_hal.o
                0x0000000008001448                HAL_Delay
 .text.HAL_ADC_Init
                0x0000000008001490       0x86 ./Drivers/STM32F4xx_HAL_Driver/Src/stm32f4xx_hal_adc.o
                0x0000000008001490                HAL_ADC_Init
 *fill*         0x0000000008001516        0x2 
 .text.HAL_ADC_ConfigChannel
                0x0000000008001518      0x264 ./Drivers/STM32F4xx_HAL_Driver/Src/stm32f4xx_hal_adc.o
                0x0000000008001518                HAL_ADC_ConfigChannel
 .text.ADC_Init
                0x000000000800177c      0x1f8 ./Drivers/STM32F4xx_HAL_Driver/Src/stm32f4xx_hal_adc.o
 .text.__NVIC_SetPriorityGrouping
                0x0000000008001974       0x48 ./Drivers/STM32F4xx_HAL_Driver/Src/stm32f4xx_hal_cortex.o
 .text.__NVIC_GetPriorityGrouping
                0x00000000080019bc       0x1c ./Drivers/STM32F4xx_HAL_Driver/Src/stm32f4xx_hal_cortex.o
 .text.__NVIC_EnableIRQ
                0x00000000080019d8       0x3c ./Drivers/STM32F4xx_HAL_Driver/Src/stm32f4xx_hal_cortex.o
 .text.__NVIC_SetPriority
                0x0000000008001a14       0x54 ./Drivers/STM32F4xx_HAL_Driver/Src/stm32f4xx_hal_cortex.o
 .text.NVIC_EncodePriority
                0x0000000008001a68       0x66 ./Drivers/STM32F4xx_HAL_Driver/Src/stm32f4xx_hal_cortex.o
 *fill*         0x0000000008001ace        0x2 
 .text.SysTick_Config
                0x0000000008001ad0       0x44 ./Drivers/STM32F4xx_HAL_Driver/Src/stm32f4xx_hal_cortex.o
 .text.HAL_NVIC_SetPriorityGrouping
                0x0000000008001b14       0x16 ./Drivers/STM32F4xx_HAL_Driver/Src/stm32f4xx_hal_cortex.o
                0x0000000008001b14                HAL_NVIC_SetPriorityGrouping
 .text.HAL_NVIC_SetPriority
                0x0000000008001b2a       0x38 ./Drivers/STM32F4xx_HAL_Driver/Src/stm32f4xx_hal_cortex.o
                0x0000000008001b2a                HAL_NVIC_SetPriority
 .text.HAL_NVIC_EnableIRQ
                0x0000000008001b62       0x1c ./Drivers/STM32F4xx_HAL_Driver/Src/stm32f4xx_hal_cortex.o
                0x0000000008001b62                HAL_NVIC_EnableIRQ
 .text.HAL_SYSTICK_Config
                0x0000000008001b7e       0x18 ./Drivers/STM32F4xx_HAL_Driver/Src/stm32f4xx_hal_cortex.o
                0x0000000008001b7e                HAL_SYSTICK_Config
 .text.HAL_DMA_Abort_IT
                0x0000000008001b96       0x44 ./Drivers/STM32F4xx_HAL_Driver/Src/stm32f4xx_hal_dma.o
                0x0000000008001b96                HAL_DMA_Abort_IT
 *fill*         0x0000000008001bda        0x2 
 .text.HAL_GPIO_Init
                0x0000000008001bdc      0x328 ./Drivers/STM32F4xx_HAL_Driver/Src/stm32f4xx_hal_gpio.o
                0x0000000008001bdc                HAL_GPIO_Init
 .text.HAL_GPIO_WritePin
                0x0000000008001f04       0x32 ./Drivers/STM32F4xx_HAL_Driver/Src/stm32f4xx_hal_gpio.o
                0x0000000008001f04                HAL_GPIO_WritePin
 .text.HAL_PCD_Init
                0x0000000008001f36      0x248 ./Drivers/STM32F4xx_HAL_Driver/Src/stm32f4xx_hal_pcd.o
                0x0000000008001f36                HAL_PCD_Init
 .text.HAL_PCD_Start
                0x000000000800217e       0x66 ./Drivers/STM32F4xx_HAL_Driver/Src/stm32f4xx_hal_pcd.o
                0x000000000800217e                HAL_PCD_Start
 .text.HAL_PCD_IRQHandler
                0x00000000080021e4      0x998 ./Drivers/STM32F4xx_HAL_Driver/Src/stm32f4xx_hal_pcd.o
                0x00000000080021e4                HAL_PCD_IRQHandler
 .text.HAL_PCD_SetAddress
                0x0000000008002b7c       0x4a ./Drivers/STM32F4xx_HAL_Driver/Src/stm32f4xx_hal_pcd.o
                0x0000000008002b7c                HAL_PCD_SetAddress
 .text.HAL_PCD_EP_Open
                0x0000000008002bc6       0xd0 ./Drivers/STM32F4xx_HAL_Driver/Src/stm32f4xx_hal_pcd.o
                0x0000000008002bc6                HAL_PCD_EP_Open
 .text.HAL_PCD_EP_Close
                0x0000000008002c96       0x94 ./Drivers/STM32F4xx_HAL_Driver/Src/stm32f4xx_hal_pcd.o
                0x0000000008002c96                HAL_PCD_EP_Close
 .text.HAL_PCD_EP_Receive
                0x0000000008002d2a       0x96 ./Drivers/STM32F4xx_HAL_Driver/Src/stm32f4xx_hal_pcd.o
                0x0000000008002d2a                HAL_PCD_EP_Receive
 .text.HAL_PCD_EP_GetRxCount
                0x0000000008002dc0       0x30 ./Drivers/STM32F4xx_HAL_Driver/Src/stm32f4xx_hal_pcd.o
                0x0000000008002dc0                HAL_PCD_EP_GetRxCount
 .text.HAL_PCD_EP_Transmit
                0x0000000008002df0       0x94 ./Drivers/STM32F4xx_HAL_Driver/Src/stm32f4xx_hal_pcd.o
                0x0000000008002df0                HAL_PCD_EP_Transmit
 .text.HAL_PCD_EP_SetStall
                0x0000000008002e84       0xc8 ./Drivers/STM32F4xx_HAL_Driver/Src/stm32f4xx_hal_pcd.o
                0x0000000008002e84                HAL_PCD_EP_SetStall
 .text.HAL_PCD_EP_ClrStall
                0x0000000008002f4c       0xac ./Drivers/STM32F4xx_HAL_Driver/Src/stm32f4xx_hal_pcd.o
                0x0000000008002f4c                HAL_PCD_EP_ClrStall
 .text.HAL_PCD_EP_Abort
                0x0000000008002ff8       0x62 ./Drivers/STM32F4xx_HAL_Driver/Src/stm32f4xx_hal_pcd.o
                0x0000000008002ff8                HAL_PCD_EP_Abort
 .text.PCD_WriteEmptyTxFifo
                0x000000000800305a      0x11a ./Drivers/STM32F4xx_HAL_Driver/Src/stm32f4xx_hal_pcd.o
 .text.PCD_EP_OutXfrComplete_int
                0x0000000008003174      0x1d0 ./Drivers/STM32F4xx_HAL_Driver/Src/stm32f4xx_hal_pcd.o
 .text.PCD_EP_OutSetupPacket_int
                0x0000000008003344       0x8c ./Drivers/STM32F4xx_HAL_Driver/Src/stm32f4xx_hal_pcd.o
 .text.HAL_PCDEx_SetTxFiFo
                0x00000000080033d0       0x8e ./Drivers/STM32F4xx_HAL_Driver/Src/stm32f4xx_hal_pcd_ex.o
                0x00000000080033d0                HAL_PCDEx_SetTxFiFo
 .text.HAL_PCDEx_SetRxFiFo
                0x000000000800345e       0x22 ./Drivers/STM32F4xx_HAL_Driver/Src/stm32f4xx_hal_pcd_ex.o
                0x000000000800345e                HAL_PCDEx_SetRxFiFo
 .text.HAL_PCDEx_ActivateLPM
                0x0000000008003480       0x48 ./Drivers/STM32F4xx_HAL_Driver/Src/stm32f4xx_hal_pcd_ex.o
                0x0000000008003480                HAL_PCDEx_ActivateLPM
 .text.HAL_RCC_ClockConfig
                0x00000000080034c8      0x1cc ./Drivers/STM32F4xx_HAL_Driver/Src/stm32f4xx_hal_rcc.o
                0x00000000080034c8                HAL_RCC_ClockConfig
 .text.HAL_RCC_GetHCLKFreq
                0x0000000008003694       0x18 ./Drivers/STM32F4xx_HAL_Driver/Src/stm32f4xx_hal_rcc.o
                0x0000000008003694                HAL_RCC_GetHCLKFreq
 .text.HAL_RCC_GetPCLK1Freq
                0x00000000080036ac       0x28 ./Drivers/STM32F4xx_HAL_Driver/Src/stm32f4xx_hal_rcc.o
                0x00000000080036ac                HAL_RCC_GetPCLK1Freq
 .text.HAL_RCC_GetPCLK2Freq
                0x00000000080036d4       0x28 ./Drivers/STM32F4xx_HAL_Driver/Src/stm32f4xx_hal_rcc.o
                0x00000000080036d4                HAL_RCC_GetPCLK2Freq
 .text.HAL_RCCEx_PeriphCLKConfig
                0x00000000080036fc      0x654 ./Drivers/STM32F4xx_HAL_Driver/Src/stm32f4xx_hal_rcc_ex.o
                0x00000000080036fc                HAL_RCCEx_PeriphCLKConfig
 .text.HAL_RCC_GetSysClockFreq
                0x0000000008003d50      0x460 ./Drivers/STM32F4xx_HAL_Driver/Src/stm32f4xx_hal_rcc_ex.o
                0x0000000008003d50                HAL_RCC_GetSysClockFreq
 .text.HAL_RCC_OscConfig
                0x00000000080041b0      0x53c ./Drivers/STM32F4xx_HAL_Driver/Src/stm32f4xx_hal_rcc_ex.o
                0x00000000080041b0                HAL_RCC_OscConfig
 .text.HAL_SPI_Init
                0x00000000080046ec      0x112 ./Drivers/STM32F4xx_HAL_Driver/Src/stm32f4xx_hal_spi.o
                0x00000000080046ec                HAL_SPI_Init
 .text.HAL_SPI_Transmit
                0x00000000080047fe      0x278 ./Drivers/STM32F4xx_HAL_Driver/Src/stm32f4xx_hal_spi.o
                0x00000000080047fe                HAL_SPI_Transmit
 *fill*         0x0000000008004a76        0x2 
 .text.HAL_SPI_IRQHandler
                0x0000000008004a78      0x200 ./Drivers/STM32F4xx_HAL_Driver/Src/stm32f4xx_hal_spi.o
                0x0000000008004a78                HAL_SPI_IRQHandler
 .text.HAL_SPI_ErrorCallback
                0x0000000008004c78       0x14 ./Drivers/STM32F4xx_HAL_Driver/Src/stm32f4xx_hal_spi.o
                0x0000000008004c78                HAL_SPI_ErrorCallback
 .text.SPI_DMAAbortOnError
                0x0000000008004c8c       0x28 ./Drivers/STM32F4xx_HAL_Driver/Src/stm32f4xx_hal_spi.o
 .text.SPI_WaitFlagStateUntilTimeout
                0x0000000008004cb4      0x110 ./Drivers/STM32F4xx_HAL_Driver/Src/stm32f4xx_hal_spi.o
 .text.SPI_EndRxTxTransaction
                0x0000000008004dc4       0x84 ./Drivers/STM32F4xx_HAL_Driver/Src/stm32f4xx_hal_spi.o
 .text.HAL_TIM_Base_Init
                0x0000000008004e48       0x9e ./Drivers/STM32F4xx_HAL_Driver/Src/stm32f4xx_hal_tim.o
                0x0000000008004e48                HAL_TIM_Base_Init
 .text.HAL_TIM_IRQHandler
                0x0000000008004ee6      0x210 ./Drivers/STM32F4xx_HAL_Driver/Src/stm32f4xx_hal_tim.o
                0x0000000008004ee6                HAL_TIM_IRQHandler
 .text.HAL_TIM_OC_DelayElapsedCallback
                0x00000000080050f6       0x14 ./Drivers/STM32F4xx_HAL_Driver/Src/stm32f4xx_hal_tim.o
                0x00000000080050f6                HAL_TIM_OC_DelayElapsedCallback
 .text.HAL_TIM_IC_CaptureCallback
                0x000000000800510a       0x14 ./Drivers/STM32F4xx_HAL_Driver/Src/stm32f4xx_hal_tim.o
                0x000000000800510a                HAL_TIM_IC_CaptureCallback
 .text.HAL_TIM_PWM_PulseFinishedCallback
                0x000000000800511e       0x14 ./Drivers/STM32F4xx_HAL_Driver/Src/stm32f4xx_hal_tim.o
                0x000000000800511e                HAL_TIM_PWM_PulseFinishedCallback
 .text.HAL_TIM_TriggerCallback
                0x0000000008005132       0x14 ./Drivers/STM32F4xx_HAL_Driver/Src/stm32f4xx_hal_tim.o
                0x0000000008005132                HAL_TIM_TriggerCallback
 *fill*         0x0000000008005146        0x2 
 .text.TIM_Base_SetConfig
                0x0000000008005148      0x140 ./Drivers/STM32F4xx_HAL_Driver/Src/stm32f4xx_hal_tim.o
                0x0000000008005148                TIM_Base_SetConfig
 .text.HAL_TIMEx_CommutCallback
                0x0000000008005288       0x14 ./Drivers/STM32F4xx_HAL_Driver/Src/stm32f4xx_hal_tim_ex.o
                0x0000000008005288                HAL_TIMEx_CommutCallback
 .text.HAL_TIMEx_BreakCallback
                0x000000000800529c       0x14 ./Drivers/STM32F4xx_HAL_Driver/Src/stm32f4xx_hal_tim_ex.o
                0x000000000800529c                HAL_TIMEx_BreakCallback
 .text.HAL_UART_Init
                0x00000000080052b0       0x9a ./Drivers/STM32F4xx_HAL_Driver/Src/stm32f4xx_hal_uart.o
                0x00000000080052b0                HAL_UART_Init
 *fill*         0x000000000800534a        0x2 
 .text.UART_SetConfig
                0x000000000800534c      0x4e8 ./Drivers/STM32F4xx_HAL_Driver/Src/stm32f4xx_hal_uart.o
 .text.USB_CoreInit
                0x0000000008005834       0xc2 ./Drivers/STM32F4xx_HAL_Driver/Src/stm32f4xx_ll_usb.o
                0x0000000008005834                USB_CoreInit
 *fill*         0x00000000080058f6        0x2 
 .text.USB_SetTurnaroundTime
                0x00000000080058f8      0x144 ./Drivers/STM32F4xx_HAL_Driver/Src/stm32f4xx_ll_usb.o
                0x00000000080058f8                USB_SetTurnaroundTime
 .text.USB_EnableGlobalInt
                0x0000000008005a3c       0x22 ./Drivers/STM32F4xx_HAL_Driver/Src/stm32f4xx_ll_usb.o
                0x0000000008005a3c                USB_EnableGlobalInt
 .text.USB_DisableGlobalInt
                0x0000000008005a5e       0x22 ./Drivers/STM32F4xx_HAL_Driver/Src/stm32f4xx_ll_usb.o
                0x0000000008005a5e                USB_DisableGlobalInt
 .text.USB_SetCurrentMode
                0x0000000008005a80       0x98 ./Drivers/STM32F4xx_HAL_Driver/Src/stm32f4xx_ll_usb.o
                0x0000000008005a80                USB_SetCurrentMode
 .text.USB_DevInit
                0x0000000008005b18      0x2bc ./Drivers/STM32F4xx_HAL_Driver/Src/stm32f4xx_ll_usb.o
                0x0000000008005b18                USB_DevInit
 .text.USB_FlushTxFifo
                0x0000000008005dd4       0x68 ./Drivers/STM32F4xx_HAL_Driver/Src/stm32f4xx_ll_usb.o
                0x0000000008005dd4                USB_FlushTxFifo
 .text.USB_FlushRxFifo
                0x0000000008005e3c       0x60 ./Drivers/STM32F4xx_HAL_Driver/Src/stm32f4xx_ll_usb.o
                0x0000000008005e3c                USB_FlushRxFifo
 .text.USB_SetDevSpeed
                0x0000000008005e9c       0x32 ./Drivers/STM32F4xx_HAL_Driver/Src/stm32f4xx_ll_usb.o
                0x0000000008005e9c                USB_SetDevSpeed
 .text.USB_GetDevSpeed
                0x0000000008005ece       0x4a ./Drivers/STM32F4xx_HAL_Driver/Src/stm32f4xx_ll_usb.o
                0x0000000008005ece                USB_GetDevSpeed
 .text.USB_ActivateEndpoint
                0x0000000008005f18      0x10e ./Drivers/STM32F4xx_HAL_Driver/Src/stm32f4xx_ll_usb.o
                0x0000000008005f18                USB_ActivateEndpoint
 *fill*         0x0000000008006026        0x2 
 .text.USB_DeactivateEndpoint
                0x0000000008006028      0x1b8 ./Drivers/STM32F4xx_HAL_Driver/Src/stm32f4xx_ll_usb.o
                0x0000000008006028                USB_DeactivateEndpoint
 .text.USB_EPStartXfer
                0x00000000080061e0      0x490 ./Drivers/STM32F4xx_HAL_Driver/Src/stm32f4xx_ll_usb.o
                0x00000000080061e0                USB_EPStartXfer
 .text.USB_EP0StartXfer
                0x0000000008006670      0x2b0 ./Drivers/STM32F4xx_HAL_Driver/Src/stm32f4xx_ll_usb.o
                0x0000000008006670                USB_EP0StartXfer
 .text.USB_EPStopXfer
                0x0000000008006920      0x154 ./Drivers/STM32F4xx_HAL_Driver/Src/stm32f4xx_ll_usb.o
                0x0000000008006920                USB_EPStopXfer
 .text.USB_WritePacket
                0x0000000008006a74       0x7c ./Drivers/STM32F4xx_HAL_Driver/Src/stm32f4xx_ll_usb.o
                0x0000000008006a74                USB_WritePacket
 .text.USB_ReadPacket
                0x0000000008006af0       0xb0 ./Drivers/STM32F4xx_HAL_Driver/Src/stm32f4xx_ll_usb.o
                0x0000000008006af0                USB_ReadPacket
 .text.USB_EPSetStall
                0x0000000008006ba0       0xdc ./Drivers/STM32F4xx_HAL_Driver/Src/stm32f4xx_ll_usb.o
                0x0000000008006ba0                USB_EPSetStall
 .text.USB_EPClearStall
                0x0000000008006c7c       0xcc ./Drivers/STM32F4xx_HAL_Driver/Src/stm32f4xx_ll_usb.o
                0x0000000008006c7c                USB_EPClearStall
 .text.USB_SetDevAddress
                0x0000000008006d48       0x4c ./Drivers/STM32F4xx_HAL_Driver/Src/stm32f4xx_ll_usb.o
                0x0000000008006d48                USB_SetDevAddress
 .text.USB_DevConnect
                0x0000000008006d94       0x42 ./Drivers/STM32F4xx_HAL_Driver/Src/stm32f4xx_ll_usb.o
                0x0000000008006d94                USB_DevConnect
 .text.USB_DevDisconnect
                0x0000000008006dd6       0x42 ./Drivers/STM32F4xx_HAL_Driver/Src/stm32f4xx_ll_usb.o
                0x0000000008006dd6                USB_DevDisconnect
 .text.USB_ReadInterrupts
                0x0000000008006e18       0x26 ./Drivers/STM32F4xx_HAL_Driver/Src/stm32f4xx_ll_usb.o
                0x0000000008006e18                USB_ReadInterrupts
 .text.USB_ReadDevAllOutEpInterrupt
                0x0000000008006e3e       0x34 ./Drivers/STM32F4xx_HAL_Driver/Src/stm32f4xx_ll_usb.o
                0x0000000008006e3e                USB_ReadDevAllOutEpInterrupt
 .text.USB_ReadDevAllInEpInterrupt
                0x0000000008006e72       0x34 ./Drivers/STM32F4xx_HAL_Driver/Src/stm32f4xx_ll_usb.o
                0x0000000008006e72                USB_ReadDevAllInEpInterrupt
 .text.USB_ReadDevOutEPInterrupt
                0x0000000008006ea6       0x3c ./Drivers/STM32F4xx_HAL_Driver/Src/stm32f4xx_ll_usb.o
                0x0000000008006ea6                USB_ReadDevOutEPInterrupt
 .text.USB_ReadDevInEPInterrupt
                0x0000000008006ee2       0x5c ./Drivers/STM32F4xx_HAL_Driver/Src/stm32f4xx_ll_usb.o
                0x0000000008006ee2                USB_ReadDevInEPInterrupt
 .text.USB_GetMode
                0x0000000008006f3e       0x1c ./Drivers/STM32F4xx_HAL_Driver/Src/stm32f4xx_ll_usb.o
                0x0000000008006f3e                USB_GetMode
 .text.USB_ActivateSetup
                0x0000000008006f5a       0x46 ./Drivers/STM32F4xx_HAL_Driver/Src/stm32f4xx_ll_usb.o
                0x0000000008006f5a                USB_ActivateSetup
 .text.USB_EP0_OutStart
                0x0000000008006fa0       0xbc ./Drivers/STM32F4xx_HAL_Driver/Src/stm32f4xx_ll_usb.o
                0x0000000008006fa0                USB_EP0_OutStart
 .text.USB_CoreReset
                0x000000000800705c       0x68 ./Drivers/STM32F4xx_HAL_Driver/Src/stm32f4xx_ll_usb.o
 .text.USBD_CDC_Init
                0x00000000080070c4      0x1f0 ./Middlewares/ST/STM32_USB_Device_Library/Class/CDC/Src/usbd_cdc.o
 .text.USBD_CDC_DeInit
                0x00000000080072b4      0x104 ./Middlewares/ST/STM32_USB_Device_Library/Class/CDC/Src/usbd_cdc.o
 .text.USBD_CDC_Setup
                0x00000000080073b8      0x1b8 ./Middlewares/ST/STM32_USB_Device_Library/Class/CDC/Src/usbd_cdc.o
 .text.USBD_CDC_DataIn
                0x0000000008007570       0xfe ./Middlewares/ST/STM32_USB_Device_Library/Class/CDC/Src/usbd_cdc.o
 .text.USBD_CDC_DataOut
                0x000000000800766e       0x70 ./Middlewares/ST/STM32_USB_Device_Library/Class/CDC/Src/usbd_cdc.o
 .text.USBD_CDC_EP0_RxReady
                0x00000000080076de       0x76 ./Middlewares/ST/STM32_USB_Device_Library/Class/CDC/Src/usbd_cdc.o
 .text.USBD_CDC_GetFSCfgDesc
                0x0000000008007754       0x70 ./Middlewares/ST/STM32_USB_Device_Library/Class/CDC/Src/usbd_cdc.o
 .text.USBD_CDC_GetHSCfgDesc
                0x00000000080077c4       0x70 ./Middlewares/ST/STM32_USB_Device_Library/Class/CDC/Src/usbd_cdc.o
 .text.USBD_CDC_GetOtherSpeedCfgDesc
                0x0000000008007834       0x70 ./Middlewares/ST/STM32_USB_Device_Library/Class/CDC/Src/usbd_cdc.o
 .text.USBD_CDC_GetDeviceQualifierDescriptor
                0x00000000080078a4       0x20 ./Middlewares/ST/STM32_USB_Device_Library/Class/CDC/Src/usbd_cdc.o
                0x00000000080078a4                USBD_CDC_GetDeviceQualifierDescriptor
 .text.USBD_CDC_RegisterInterface
                0x00000000080078c4       0x34 ./Middlewares/ST/STM32_USB_Device_Library/Class/CDC/Src/usbd_cdc.o
                0x00000000080078c4                USBD_CDC_RegisterInterface
 .text.USBD_CDC_SetTxBuffer
                0x00000000080078f8       0x44 ./Middlewares/ST/STM32_USB_Device_Library/Class/CDC/Src/usbd_cdc.o
                0x00000000080078f8                USBD_CDC_SetTxBuffer
 .text.USBD_CDC_SetRxBuffer
                0x000000000800793c       0x3a ./Middlewares/ST/STM32_USB_Device_Library/Class/CDC/Src/usbd_cdc.o
                0x000000000800793c                USBD_CDC_SetRxBuffer
 *fill*         0x0000000008007976        0x2 
 .text.USBD_CDC_ReceivePacket
                0x0000000008007978       0x6c ./Middlewares/ST/STM32_USB_Device_Library/Class/CDC/Src/usbd_cdc.o
                0x0000000008007978                USBD_CDC_ReceivePacket
 .text.USBD_Init
                0x00000000080079e4       0x60 ./Middlewares/ST/STM32_USB_Device_Library/Core/Src/usbd_core.o
                0x00000000080079e4                USBD_Init
 .text.USBD_RegisterClass
                0x0000000008007a44       0x6c ./Middlewares/ST/STM32_USB_Device_Library/Core/Src/usbd_core.o
                0x0000000008007a44                USBD_RegisterClass
 .text.USBD_Start
                0x0000000008007ab0       0x18 ./Middlewares/ST/STM32_USB_Device_Library/Core/Src/usbd_core.o
                0x0000000008007ab0                USBD_Start
 .text.USBD_RunTestMode
                0x0000000008007ac8       0x16 ./Middlewares/ST/STM32_USB_Device_Library/Core/Src/usbd_core.o
                0x0000000008007ac8                USBD_RunTestMode
 .text.USBD_SetClassConfig
                0x0000000008007ade       0x38 ./Middlewares/ST/STM32_USB_Device_Library/Core/Src/usbd_core.o
                0x0000000008007ade                USBD_SetClassConfig
 .text.USBD_ClrClassConfig
                0x0000000008007b16       0x34 ./Middlewares/ST/STM32_USB_Device_Library/Core/Src/usbd_core.o
                0x0000000008007b16                USBD_ClrClassConfig
 .text.USBD_LL_SetupStage
                0x0000000008007b4a       0xaa ./Middlewares/ST/STM32_USB_Device_Library/Core/Src/usbd_core.o
                0x0000000008007b4a                USBD_LL_SetupStage
 .text.USBD_LL_DataOutStage
                0x0000000008007bf4      0x166 ./Middlewares/ST/STM32_USB_Device_Library/Core/Src/usbd_core.o
                0x0000000008007bf4                USBD_LL_DataOutStage
 .text.USBD_LL_DataInStage
                0x0000000008007d5a      0x164 ./Middlewares/ST/STM32_USB_Device_Library/Core/Src/usbd_core.o
                0x0000000008007d5a                USBD_LL_DataInStage
 .text.USBD_LL_Reset
                0x0000000008007ebe       0xa4 ./Middlewares/ST/STM32_USB_Device_Library/Core/Src/usbd_core.o
                0x0000000008007ebe                USBD_LL_Reset
 .text.USBD_LL_SetSpeed
                0x0000000008007f62       0x20 ./Middlewares/ST/STM32_USB_Device_Library/Core/Src/usbd_core.o
                0x0000000008007f62                USBD_LL_SetSpeed
 .text.USBD_LL_Suspend
                0x0000000008007f82       0x2c ./Middlewares/ST/STM32_USB_Device_Library/Core/Src/usbd_core.o
                0x0000000008007f82                USBD_LL_Suspend
 .text.USBD_LL_Resume
                0x0000000008007fae       0x30 ./Middlewares/ST/STM32_USB_Device_Library/Core/Src/usbd_core.o
                0x0000000008007fae                USBD_LL_Resume
 .text.USBD_LL_SOF
                0x0000000008007fde       0x40 ./Middlewares/ST/STM32_USB_Device_Library/Core/Src/usbd_core.o
                0x0000000008007fde                USBD_LL_SOF
 .text.USBD_LL_IsoINIncomplete
                0x000000000800801e       0x64 ./Middlewares/ST/STM32_USB_Device_Library/Core/Src/usbd_core.o
                0x000000000800801e                USBD_LL_IsoINIncomplete
 .text.USBD_LL_IsoOUTIncomplete
                0x0000000008008082       0x64 ./Middlewares/ST/STM32_USB_Device_Library/Core/Src/usbd_core.o
                0x0000000008008082                USBD_LL_IsoOUTIncomplete
 .text.USBD_LL_DevConnected
                0x00000000080080e6       0x16 ./Middlewares/ST/STM32_USB_Device_Library/Core/Src/usbd_core.o
                0x00000000080080e6                USBD_LL_DevConnected
 .text.USBD_LL_DevDisconnected
                0x00000000080080fc       0x46 ./Middlewares/ST/STM32_USB_Device_Library/Core/Src/usbd_core.o
                0x00000000080080fc                USBD_LL_DevDisconnected
 .text.USBD_CoreFindIF
                0x0000000008008142       0x1a ./Middlewares/ST/STM32_USB_Device_Library/Core/Src/usbd_core.o
                0x0000000008008142                USBD_CoreFindIF
 .text.USBD_CoreFindEP
                0x000000000800815c       0x1a ./Middlewares/ST/STM32_USB_Device_Library/Core/Src/usbd_core.o
                0x000000000800815c                USBD_CoreFindEP
 .text.USBD_GetEpDesc
                0x0000000008008176       0x74 ./Middlewares/ST/STM32_USB_Device_Library/Core/Src/usbd_core.o
                0x0000000008008176                USBD_GetEpDesc
 .text.USBD_GetNextDesc
                0x00000000080081ea       0x3a ./Middlewares/ST/STM32_USB_Device_Library/Core/Src/usbd_core.o
                0x00000000080081ea                USBD_GetNextDesc
 .text.SWAPBYTE
                0x0000000008008224       0x3c ./Middlewares/ST/STM32_USB_Device_Library/Core/Src/usbd_ctlreq.o
 .text.USBD_StdDevReq
                0x0000000008008260       0xe4 ./Middlewares/ST/STM32_USB_Device_Library/Core/Src/usbd_ctlreq.o
                0x0000000008008260                USBD_StdDevReq
 .text.USBD_StdItfReq
                0x0000000008008344       0xd8 ./Middlewares/ST/STM32_USB_Device_Library/Core/Src/usbd_ctlreq.o
                0x0000000008008344                USBD_StdItfReq
 .text.USBD_StdEPReq
                0x000000000800841c      0x33a ./Middlewares/ST/STM32_USB_Device_Library/Core/Src/usbd_ctlreq.o
                0x000000000800841c                USBD_StdEPReq
 *fill*         0x0000000008008756        0x2 
 .text.USBD_GetDescriptor
                0x0000000008008758      0x328 ./Middlewares/ST/STM32_USB_Device_Library/Core/Src/usbd_ctlreq.o
 .text.USBD_SetAddress
                0x0000000008008a80       0x88 ./Middlewares/ST/STM32_USB_Device_Library/Core/Src/usbd_ctlreq.o
 .text.USBD_SetConfig
                0x0000000008008b08      0x154 ./Middlewares/ST/STM32_USB_Device_Library/Core/Src/usbd_ctlreq.o
 .text.USBD_GetConfig
                0x0000000008008c5c       0x6c ./Middlewares/ST/STM32_USB_Device_Library/Core/Src/usbd_ctlreq.o
 .text.USBD_GetStatus
                0x0000000008008cc8       0x68 ./Middlewares/ST/STM32_USB_Device_Library/Core/Src/usbd_ctlreq.o
 .text.USBD_SetFeature
                0x0000000008008d30       0x52 ./Middlewares/ST/STM32_USB_Device_Library/Core/Src/usbd_ctlreq.o
 .text.USBD_ClrFeature
                0x0000000008008d82       0x44 ./Middlewares/ST/STM32_USB_Device_Library/Core/Src/usbd_ctlreq.o
 .text.USBD_ParseSetupRequest
                0x0000000008008dc6       0x74 ./Middlewares/ST/STM32_USB_Device_Library/Core/Src/usbd_ctlreq.o
                0x0000000008008dc6                USBD_ParseSetupRequest
 .text.USBD_CtlError
                0x0000000008008e3a       0x22 ./Middlewares/ST/STM32_USB_Device_Library/Core/Src/usbd_ctlreq.o
                0x0000000008008e3a                USBD_CtlError
 .text.USBD_GetString
                0x0000000008008e5c       0x8c ./Middlewares/ST/STM32_USB_Device_Library/Core/Src/usbd_ctlreq.o
                0x0000000008008e5c                USBD_GetString
 .text.USBD_GetLen
                0x0000000008008ee8       0x34 ./Middlewares/ST/STM32_USB_Device_Library/Core/Src/usbd_ctlreq.o
 .text.USBD_CtlSendData
                0x0000000008008f1c       0x36 ./Middlewares/ST/STM32_USB_Device_Library/Core/Src/usbd_ioreq.o
                0x0000000008008f1c                USBD_CtlSendData
 .text.USBD_CtlContinueSendData
                0x0000000008008f52       0x22 ./Middlewares/ST/STM32_USB_Device_Library/Core/Src/usbd_ioreq.o
                0x0000000008008f52                USBD_CtlContinueSendData
 .text.USBD_CtlPrepareRx
                0x0000000008008f74       0x3a ./Middlewares/ST/STM32_USB_Device_Library/Core/Src/usbd_ioreq.o
                0x0000000008008f74                USBD_CtlPrepareRx
 .text.USBD_CtlContinueRx
                0x0000000008008fae       0x22 ./Middlewares/ST/STM32_USB_Device_Library/Core/Src/usbd_ioreq.o
                0x0000000008008fae                USBD_CtlContinueRx
 .text.USBD_CtlSendStatus
                0x0000000008008fd0       0x26 ./Middlewares/ST/STM32_USB_Device_Library/Core/Src/usbd_ioreq.o
                0x0000000008008fd0                USBD_CtlSendStatus
 .text.USBD_CtlReceiveStatus
                0x0000000008008ff6       0x26 ./Middlewares/ST/STM32_USB_Device_Library/Core/Src/usbd_ioreq.o
                0x0000000008008ff6                USBD_CtlReceiveStatus
 .text.MX_USB_DEVICE_Init
                0x000000000800901c       0x60 ./USB_DEVICE/App/usb_device.o
                0x000000000800901c                MX_USB_DEVICE_Init
 .text.CDC_Init_FS
                0x000000000800907c       0x28 ./USB_DEVICE/App/usbd_cdc_if.o
 .text.CDC_DeInit_FS
                0x00000000080090a4       0x10 ./USB_DEVICE/App/usbd_cdc_if.o
 .text.CDC_Control_FS
                0x00000000080090b4       0xbc ./USB_DEVICE/App/usbd_cdc_if.o
 .text.CDC_Receive_FS
                0x0000000008009170       0x28 ./USB_DEVICE/App/usbd_cdc_if.o
 .text.CDC_TransmitCplt_FS
                0x0000000008009198       0x22 ./USB_DEVICE/App/usbd_cdc_if.o
 *fill*         0x00000000080091ba        0x2 
 .text.USBD_FS_DeviceDescriptor
                0x00000000080091bc       0x24 ./USB_DEVICE/App/usbd_desc.o
                0x00000000080091bc                USBD_FS_DeviceDescriptor
 .text.USBD_FS_LangIDStrDescriptor
                0x00000000080091e0       0x24 ./USB_DEVICE/App/usbd_desc.o
                0x00000000080091e0                USBD_FS_LangIDStrDescriptor
 .text.USBD_FS_ProductStrDescriptor
                0x0000000008009204       0x3c ./USB_DEVICE/App/usbd_desc.o
                0x0000000008009204                USBD_FS_ProductStrDescriptor
 .text.USBD_FS_ManufacturerStrDescriptor
                0x0000000008009240       0x28 ./USB_DEVICE/App/usbd_desc.o
                0x0000000008009240                USBD_FS_ManufacturerStrDescriptor
 .text.USBD_FS_SerialStrDescriptor
                0x0000000008009268       0x24 ./USB_DEVICE/App/usbd_desc.o
                0x0000000008009268                USBD_FS_SerialStrDescriptor
 .text.USBD_FS_ConfigStrDescriptor
                0x000000000800928c       0x3c ./USB_DEVICE/App/usbd_desc.o
                0x000000000800928c                USBD_FS_ConfigStrDescriptor
 .text.USBD_FS_InterfaceStrDescriptor
                0x00000000080092c8       0x3c ./USB_DEVICE/App/usbd_desc.o
                0x00000000080092c8                USBD_FS_InterfaceStrDescriptor
 .text.USBD_FS_USR_BOSDescriptor
                0x0000000008009304       0x24 ./USB_DEVICE/App/usbd_desc.o
                0x0000000008009304                USBD_FS_USR_BOSDescriptor
 .text.Get_SerialNum
                0x0000000008009328       0x58 ./USB_DEVICE/App/usbd_desc.o
 .text.IntToUnicode
                0x0000000008009380       0x7e ./USB_DEVICE/App/usbd_desc.o
 *fill*         0x00000000080093fe        0x2 
 .text.HAL_PCD_MspInit
                0x0000000008009400       0xd4 ./USB_DEVICE/Target/usbd_conf.o
                0x0000000008009400                HAL_PCD_MspInit
 .text.HAL_PCD_SetupStageCallback
                0x00000000080094d4       0x24 ./USB_DEVICE/Target/usbd_conf.o
                0x00000000080094d4                HAL_PCD_SetupStageCallback
 .text.HAL_PCD_DataOutStageCallback
                0x00000000080094f8       0x36 ./USB_DEVICE/Target/usbd_conf.o
                0x00000000080094f8                HAL_PCD_DataOutStageCallback
 .text.HAL_PCD_DataInStageCallback
                0x000000000800952e       0x34 ./USB_DEVICE/Target/usbd_conf.o
                0x000000000800952e                HAL_PCD_DataInStageCallback
 .text.HAL_PCD_SOFCallback
                0x0000000008009562       0x1c ./USB_DEVICE/Target/usbd_conf.o
                0x0000000008009562                HAL_PCD_SOFCallback
 .text.HAL_PCD_ResetCallback
                0x000000000800957e       0x50 ./USB_DEVICE/Target/usbd_conf.o
                0x000000000800957e                HAL_PCD_ResetCallback
 *fill*         0x00000000080095ce        0x2 
 .text.HAL_PCD_SuspendCallback
                0x00000000080095d0       0x4c ./USB_DEVICE/Target/usbd_conf.o
                0x00000000080095d0                HAL_PCD_SuspendCallback
 .text.HAL_PCD_ResumeCallback
                0x000000000800961c       0x1c ./USB_DEVICE/Target/usbd_conf.o
                0x000000000800961c                HAL_PCD_ResumeCallback
 .text.HAL_PCD_ISOOUTIncompleteCallback
                0x0000000008009638       0x24 ./USB_DEVICE/Target/usbd_conf.o
                0x0000000008009638                HAL_PCD_ISOOUTIncompleteCallback
 .text.HAL_PCD_ISOINIncompleteCallback
                0x000000000800965c       0x24 ./USB_DEVICE/Target/usbd_conf.o
                0x000000000800965c                HAL_PCD_ISOINIncompleteCallback
 .text.HAL_PCD_ConnectCallback
                0x0000000008009680       0x1c ./USB_DEVICE/Target/usbd_conf.o
                0x0000000008009680                HAL_PCD_ConnectCallback
 .text.HAL_PCD_DisconnectCallback
                0x000000000800969c       0x1c ./USB_DEVICE/Target/usbd_conf.o
                0x000000000800969c                HAL_PCD_DisconnectCallback
 .text.USBD_LL_Init
                0x00000000080096b8       0x98 ./USB_DEVICE/Target/usbd_conf.o
                0x00000000080096b8                USBD_LL_Init
 .text.USBD_LL_Start
                0x0000000008009750       0x36 ./USB_DEVICE/Target/usbd_conf.o
                0x0000000008009750                USBD_LL_Start
 .text.USBD_LL_OpenEP
                0x0000000008009786       0x4c ./USB_DEVICE/Target/usbd_conf.o
                0x0000000008009786                USBD_LL_OpenEP
 .text.USBD_LL_CloseEP
                0x00000000080097d2       0x3e ./USB_DEVICE/Target/usbd_conf.o
                0x00000000080097d2                USBD_LL_CloseEP
 .text.USBD_LL_StallEP
                0x0000000008009810       0x3e ./USB_DEVICE/Target/usbd_conf.o
                0x0000000008009810                USBD_LL_StallEP
 .text.USBD_LL_ClearStallEP
                0x000000000800984e       0x3e ./USB_DEVICE/Target/usbd_conf.o
                0x000000000800984e                USBD_LL_ClearStallEP
 .text.USBD_LL_IsStallEP
                0x000000000800988c       0x58 ./USB_DEVICE/Target/usbd_conf.o
                0x000000000800988c                USBD_LL_IsStallEP
 .text.USBD_LL_SetUSBAddress
                0x00000000080098e4       0x3e ./USB_DEVICE/Target/usbd_conf.o
                0x00000000080098e4                USBD_LL_SetUSBAddress
 .text.USBD_LL_Transmit
                0x0000000008009922       0x42 ./USB_DEVICE/Target/usbd_conf.o
                0x0000000008009922                USBD_LL_Transmit
 .text.USBD_LL_PrepareReceive
                0x0000000008009964       0x42 ./USB_DEVICE/Target/usbd_conf.o
                0x0000000008009964                USBD_LL_PrepareReceive
 .text.USBD_LL_GetRxDataSize
                0x00000000080099a6       0x26 ./USB_DEVICE/Target/usbd_conf.o
                0x00000000080099a6                USBD_LL_GetRxDataSize
 .text.HAL_PCDEx_LPM_Callback
                0x00000000080099cc       0x9c ./USB_DEVICE/Target/usbd_conf.o
                0x00000000080099cc                HAL_PCDEx_LPM_Callback
 .text.USBD_static_malloc
                0x0000000008009a68       0x1c ./USB_DEVICE/Target/usbd_conf.o
                0x0000000008009a68                USBD_static_malloc
 .text.USBD_static_free
                0x0000000008009a84       0x14 ./USB_DEVICE/Target/usbd_conf.o
                0x0000000008009a84                USBD_static_free
 .text.USBD_Get_USB_Status
                0x0000000008009a98       0x58 ./USB_DEVICE/Target/usbd_conf.o
                0x0000000008009a98                USBD_Get_USB_Status
 .text.__libc_init_array
                0x0000000008009af0       0x48 c:/st/stm32cubeide_1.12.0/stm32cubeide/plugins/com.st.stm32cube.ide.mcu.externaltools.gnu-tools-for-stm32.10.3-2021.10.win32_1.0.200.202301161003/tools/bin/../lib/gcc/arm-none-eabi/10.3.1/../../../../arm-none-eabi/lib/thumb/v7e-m+fp/hard\libc_nano.a(lib_a-init.o)
                0x0000000008009af0                __libc_init_array
 .text.memset   0x0000000008009b38       0x10 c:/st/stm32cubeide_1.12.0/stm32cubeide/plugins/com.st.stm32cube.ide.mcu.externaltools.gnu-tools-for-stm32.10.3-2021.10.win32_1.0.200.202301161003/tools/bin/../lib/gcc/arm-none-eabi/10.3.1/../../../../arm-none-eabi/lib/thumb/v7e-m+fp/hard\libc_nano.a(lib_a-memset.o)
                0x0000000008009b38                memset
 *(.glue_7)
 .glue_7        0x0000000008009b48        0x0 linker stubs
 *(.glue_7t)
 .glue_7t       0x0000000008009b48        0x0 linker stubs
 *(.eh_frame)
 .eh_frame      0x0000000008009b48        0x0 c:/st/stm32cubeide_1.12.0/stm32cubeide/plugins/com.st.stm32cube.ide.mcu.externaltools.gnu-tools-for-stm32.10.3-2021.10.win32_1.0.200.202301161003/tools/bin/../lib/gcc/arm-none-eabi/10.3.1/thumb/v7e-m+fp/hard/crtbegin.o
 *(.init)
 .init          0x0000000008009b48        0x4 c:/st/stm32cubeide_1.12.0/stm32cubeide/plugins/com.st.stm32cube.ide.mcu.externaltools.gnu-tools-for-stm32.10.3-2021.10.win32_1.0.200.202301161003/tools/bin/../lib/gcc/arm-none-eabi/10.3.1/thumb/v7e-m+fp/hard/crti.o
                0x0000000008009b48                _init
 .init          0x0000000008009b4c        0x8 c:/st/stm32cubeide_1.12.0/stm32cubeide/plugins/com.st.stm32cube.ide.mcu.externaltools.gnu-tools-for-stm32.10.3-2021.10.win32_1.0.200.202301161003/tools/bin/../lib/gcc/arm-none-eabi/10.3.1/thumb/v7e-m+fp/hard/crtn.o
 *(.fini)
 .fini          0x0000000008009b54        0x4 c:/st/stm32cubeide_1.12.0/stm32cubeide/plugins/com.st.stm32cube.ide.mcu.externaltools.gnu-tools-for-stm32.10.3-2021.10.win32_1.0.200.202301161003/tools/bin/../lib/gcc/arm-none-eabi/10.3.1/thumb/v7e-m+fp/hard/crti.o
                0x0000000008009b54                _fini
 .fini          0x0000000008009b58        0x8 c:/st/stm32cubeide_1.12.0/stm32cubeide/plugins/com.st.stm32cube.ide.mcu.externaltools.gnu-tools-for-stm32.10.3-2021.10.win32_1.0.200.202301161003/tools/bin/../lib/gcc/arm-none-eabi/10.3.1/thumb/v7e-m+fp/hard/crtn.o
                0x0000000008009b60                . = ALIGN (0x4)
                0x0000000008009b60                _etext = .

.vfp11_veneer   0x0000000008009b60        0x0
 .vfp11_veneer  0x0000000008009b60        0x0 linker stubs

.v4_bx          0x0000000008009b60        0x0
 .v4_bx         0x0000000008009b60        0x0 linker stubs

.iplt           0x0000000008009b60        0x0
 .iplt          0x0000000008009b60        0x0 c:/st/stm32cubeide_1.12.0/stm32cubeide/plugins/com.st.stm32cube.ide.mcu.externaltools.gnu-tools-for-stm32.10.3-2021.10.win32_1.0.200.202301161003/tools/bin/../lib/gcc/arm-none-eabi/10.3.1/thumb/v7e-m+fp/hard/crtbegin.o

.rodata         0x0000000008009b60       0x60
                0x0000000008009b60                . = ALIGN (0x4)
 *(.rodata)
 .rodata        0x0000000008009b60       0x46 ./USB_DEVICE/App/usbd_desc.o
 *(.rodata*)
 *fill*         0x0000000008009ba6        0x2 
 .rodata.AHBPrescTable
                0x0000000008009ba8       0x10 ./Core/Src/system_stm32f4xx.o
                0x0000000008009ba8                AHBPrescTable
 .rodata.APBPrescTable
                0x0000000008009bb8        0x8 ./Core/Src/system_stm32f4xx.o
                0x0000000008009bb8                APBPrescTable
                0x0000000008009bc0                . = ALIGN (0x4)

.ARM.extab      0x0000000008009bc0        0x0
                0x0000000008009bc0                . = ALIGN (0x4)
 *(.ARM.extab* .gnu.linkonce.armextab.*)
                0x0000000008009bc0                . = ALIGN (0x4)

.ARM            0x0000000008009bc0        0x8
                0x0000000008009bc0                . = ALIGN (0x4)
                0x0000000008009bc0                __exidx_start = .
 *(.ARM.exidx*)
 .ARM.exidx     0x0000000008009bc0        0x8 c:/st/stm32cubeide_1.12.0/stm32cubeide/plugins/com.st.stm32cube.ide.mcu.externaltools.gnu-tools-for-stm32.10.3-2021.10.win32_1.0.200.202301161003/tools/bin/../lib/gcc/arm-none-eabi/10.3.1/thumb/v7e-m+fp/hard\libgcc.a(_udivmoddi4.o)
                0x0000000008009bc8                __exidx_end = .
                0x0000000008009bc8                . = ALIGN (0x4)

.rel.dyn        0x0000000008009bc8        0x0
 .rel.iplt      0x0000000008009bc8        0x0 c:/st/stm32cubeide_1.12.0/stm32cubeide/plugins/com.st.stm32cube.ide.mcu.externaltools.gnu-tools-for-stm32.10.3-2021.10.win32_1.0.200.202301161003/tools/bin/../lib/gcc/arm-none-eabi/10.3.1/thumb/v7e-m+fp/hard/crtbegin.o

.preinit_array  0x0000000008009bc8        0x0
                0x0000000008009bc8                . = ALIGN (0x4)
                0x0000000008009bc8                PROVIDE (__preinit_array_start = .)
 *(.preinit_array*)
                0x0000000008009bc8                PROVIDE (__preinit_array_end = .)
                0x0000000008009bc8                . = ALIGN (0x4)

.init_array     0x0000000008009bc8        0x4
                0x0000000008009bc8                . = ALIGN (0x4)
                0x0000000008009bc8                PROVIDE (__init_array_start = .)
 *(SORT_BY_NAME(.init_array.*))
 *(.init_array*)
 .init_array    0x0000000008009bc8        0x4 c:/st/stm32cubeide_1.12.0/stm32cubeide/plugins/com.st.stm32cube.ide.mcu.externaltools.gnu-tools-for-stm32.10.3-2021.10.win32_1.0.200.202301161003/tools/bin/../lib/gcc/arm-none-eabi/10.3.1/thumb/v7e-m+fp/hard/crtbegin.o
                0x0000000008009bcc                PROVIDE (__init_array_end = .)
                0x0000000008009bcc                . = ALIGN (0x4)

.fini_array     0x0000000008009bcc        0x4
                0x0000000008009bcc                . = ALIGN (0x4)
                [!provide]                        PROVIDE (__fini_array_start = .)
 *(SORT_BY_NAME(.fini_array.*))
 *(.fini_array*)
 .fini_array    0x0000000008009bcc        0x4 c:/st/stm32cubeide_1.12.0/stm32cubeide/plugins/com.st.stm32cube.ide.mcu.externaltools.gnu-tools-for-stm32.10.3-2021.10.win32_1.0.200.202301161003/tools/bin/../lib/gcc/arm-none-eabi/10.3.1/thumb/v7e-m+fp/hard/crtbegin.o
                [!provide]                        PROVIDE (__fini_array_end = .)
                0x0000000008009bd0                . = ALIGN (0x4)
                0x0000000008009bd0                _sidata = LOADADDR (.data)

.data           0x0000000020000000      0x110 load address 0x0000000008009bd0
                0x0000000020000000                . = ALIGN (0x4)
                0x0000000020000000                _sdata = .
 *(.data)
 *(.data*)
 .data.a.0      0x0000000020000000        0x1 ./Core/Src/main.o
 *fill*         0x0000000020000001        0x3 
 .data.SystemCoreClock
                0x0000000020000004        0x4 ./Core/Src/system_stm32f4xx.o
                0x0000000020000004                SystemCoreClock
 .data.uwTickPrio
                0x0000000020000008        0x4 ./Drivers/STM32F4xx_HAL_Driver/Src/stm32f4xx_hal.o
                0x0000000020000008                uwTickPrio
 .data.uwTickFreq
                0x000000002000000c        0x1 ./Drivers/STM32F4xx_HAL_Driver/Src/stm32f4xx_hal.o
                0x000000002000000c                uwTickFreq
 *fill*         0x000000002000000d        0x3 
 .data.USBD_CDC_DeviceQualifierDesc
                0x0000000020000010        0xa ./Middlewares/ST/STM32_USB_Device_Library/Class/CDC/Src/usbd_cdc.o
 *fill*         0x000000002000001a        0x2 
 .data.USBD_CDC
                0x000000002000001c       0x38 ./Middlewares/ST/STM32_USB_Device_Library/Class/CDC/Src/usbd_cdc.o
                0x000000002000001c                USBD_CDC
 .data.USBD_CDC_CfgDesc
                0x0000000020000054       0x43 ./Middlewares/ST/STM32_USB_Device_Library/Class/CDC/Src/usbd_cdc.o
 .data.CDCInEpAdd
                0x0000000020000097        0x1 ./Middlewares/ST/STM32_USB_Device_Library/Class/CDC/Src/usbd_cdc.o
 .data.CDCOutEpAdd
                0x0000000020000098        0x1 ./Middlewares/ST/STM32_USB_Device_Library/Class/CDC/Src/usbd_cdc.o
 .data.CDCCmdEpAdd
                0x0000000020000099        0x1 ./Middlewares/ST/STM32_USB_Device_Library/Class/CDC/Src/usbd_cdc.o
 *fill*         0x000000002000009a        0x2 
 .data.USBD_Interface_fops_FS
                0x000000002000009c       0x14 ./USB_DEVICE/App/usbd_cdc_if.o
                0x000000002000009c                USBD_Interface_fops_FS
 .data.FS_Desc  0x00000000200000b0       0x20 ./USB_DEVICE/App/usbd_desc.o
                0x00000000200000b0                FS_Desc
 .data.USBD_FS_DeviceDesc
                0x00000000200000d0       0x12 ./USB_DEVICE/App/usbd_desc.o
                0x00000000200000d0                USBD_FS_DeviceDesc
 *fill*         0x00000000200000e2        0x2 
 .data.USBD_FS_BOSDesc
                0x00000000200000e4        0xc ./USB_DEVICE/App/usbd_desc.o
                0x00000000200000e4                USBD_FS_BOSDesc
 .data.USBD_LangIDDesc
                0x00000000200000f0        0x4 ./USB_DEVICE/App/usbd_desc.o
                0x00000000200000f0                USBD_LangIDDesc
 .data.USBD_StringSerial
                0x00000000200000f4       0x1a ./USB_DEVICE/App/usbd_desc.o
                0x00000000200000f4                USBD_StringSerial
 *(.RamFunc)
 *(.RamFunc*)
                0x0000000020000110                . = ALIGN (0x4)
 *fill*         0x000000002000010e        0x2 
                0x0000000020000110                _edata = .

.igot.plt       0x0000000020000110        0x0 load address 0x0000000008009ce0
 .igot.plt      0x0000000020000110        0x0 c:/st/stm32cubeide_1.12.0/stm32cubeide/plugins/com.st.stm32cube.ide.mcu.externaltools.gnu-tools-for-stm32.10.3-2021.10.win32_1.0.200.202301161003/tools/bin/../lib/gcc/arm-none-eabi/10.3.1/thumb/v7e-m+fp/hard/crtbegin.o
                0x0000000020000110                . = ALIGN (0x4)

.bss            0x0000000020000110     0x1e9c load address 0x0000000008009ce0
                0x0000000020000110                _sbss = .
                0x0000000020000110                __bss_start__ = _sbss
 *(.bss)
 .bss           0x0000000020000110       0x1c c:/st/stm32cubeide_1.12.0/stm32cubeide/plugins/com.st.stm32cube.ide.mcu.externaltools.gnu-tools-for-stm32.10.3-2021.10.win32_1.0.200.202301161003/tools/bin/../lib/gcc/arm-none-eabi/10.3.1/thumb/v7e-m+fp/hard/crtbegin.o
 *(.bss*)
 .bss.PID       0x000000002000012c       0x20 ./Core/Src/PID.o
                0x000000002000012c                PID
 .bss.hadc1     0x000000002000014c       0x48 ./Core/Src/adc.o
                0x000000002000014c                hadc1
 .bss.characteristic
                0x0000000020000194       0x24 ./Core/Src/characteristic.o
                0x0000000020000194                characteristic
 .bss.counter.1
                0x00000000200001b8        0x4 ./Core/Src/characteristic.o
 .bss.setpoint.0
                0x00000000200001bc        0x4 ./Core/Src/characteristic.o
 .bss.Digits    0x00000000200001c0        0x2 ./Core/Src/display.o
                0x00000000200001c0                Digits
 *fill*         0x00000000200001c2        0x2 
 .bss.Tim1Handle
                0x00000000200001c4       0x48 ./Core/Src/encoder.o
                0x00000000200001c4                Tim1Handle
 .bss.previousCount.1
                0x000000002000020c        0x2 ./Core/Src/encoder.o
 *fill*         0x000000002000020e        0x2 
 .bss.previousTime.0
                0x0000000020000210        0x4 ./Core/Src/encoder.o
 .bss.GPIO_InitStructure
                0x0000000020000214       0x14 ./Core/Src/gpio.o
                0x0000000020000214                GPIO_InitStructure
 .bss.Tim3Handle
                0x0000000020000228       0x48 ./Core/Src/motor.o
                0x0000000020000228                Tim3Handle
 .bss.hspi2     0x0000000020000270       0x58 ./Core/Src/spi.o
                0x0000000020000270                hspi2
 .bss.htim10    0x00000000200002c8       0x48 ./Core/Src/tim.o
                0x00000000200002c8                htim10
 .bss.Tim7Handle
                0x0000000020000310       0x48 ./Core/Src/timer.o
                0x0000000020000310                Tim7Handle
 .bss.huart2    0x0000000020000358       0x44 ./Core/Src/usart.o
                0x0000000020000358                huart2
 .bss.uwTick    0x000000002000039c        0x4 ./Drivers/STM32F4xx_HAL_Driver/Src/stm32f4xx_hal.o
                0x000000002000039c                uwTick
 .bss.cfgidx.0  0x00000000200003a0        0x1 ./Middlewares/ST/STM32_USB_Device_Library/Core/Src/usbd_ctlreq.o
 *fill*         0x00000000200003a1        0x3 
 .bss.hUsbDeviceFS
                0x00000000200003a4      0x2dc ./USB_DEVICE/App/usb_device.o
                0x00000000200003a4                hUsbDeviceFS
 .bss.UserRxBufferFS
                0x0000000020000680      0x800 ./USB_DEVICE/App/usbd_cdc_if.o
                0x0000000020000680                UserRxBufferFS
 .bss.UserTxBufferFS
                0x0000000020000e80      0x800 ./USB_DEVICE/App/usbd_cdc_if.o
                0x0000000020000e80                UserTxBufferFS
 .bss.USBD_StrDesc
                0x0000000020001680      0x200 ./USB_DEVICE/App/usbd_desc.o
                0x0000000020001680                USBD_StrDesc
 .bss.hpcd_USB_OTG_FS
                0x0000000020001880      0x50c ./USB_DEVICE/Target/usbd_conf.o
                0x0000000020001880                hpcd_USB_OTG_FS
 .bss.mem.0     0x0000000020001d8c      0x220 ./USB_DEVICE/Target/usbd_conf.o
 *(COMMON)
                0x0000000020001fac                . = ALIGN (0x4)
                0x0000000020001fac                _ebss = .
                0x0000000020001fac                __bss_end__ = _ebss

._user_heap_stack
                0x0000000020001fac      0x604 load address 0x0000000008009ce0
                0x0000000020001fb0                . = ALIGN (0x8)
 *fill*         0x0000000020001fac        0x4 
                [!provide]                        PROVIDE (end = .)
                0x0000000020001fb0                PROVIDE (_end = .)
                0x00000000200021b0                . = (. + _Min_Heap_Size)
 *fill*         0x0000000020001fb0      0x200 
                0x00000000200025b0                . = (. + _Min_Stack_Size)
 *fill*         0x00000000200021b0      0x400 
                0x00000000200025b0                . = ALIGN (0x8)

/DISCARD/
 libc.a(*)
 libm.a(*)
 libgcc.a(*)

.ARM.attributes
                0x0000000000000000       0x30
 *(.ARM.attributes)
 .ARM.attributes
                0x0000000000000000       0x1e c:/st/stm32cubeide_1.12.0/stm32cubeide/plugins/com.st.stm32cube.ide.mcu.externaltools.gnu-tools-for-stm32.10.3-2021.10.win32_1.0.200.202301161003/tools/bin/../lib/gcc/arm-none-eabi/10.3.1/thumb/v7e-m+fp/hard/crti.o
 .ARM.attributes
                0x000000000000001e       0x34 c:/st/stm32cubeide_1.12.0/stm32cubeide/plugins/com.st.stm32cube.ide.mcu.externaltools.gnu-tools-for-stm32.10.3-2021.10.win32_1.0.200.202301161003/tools/bin/../lib/gcc/arm-none-eabi/10.3.1/thumb/v7e-m+fp/hard/crtbegin.o
 .ARM.attributes
                0x0000000000000052       0x34 ./Core/Src/PID.o
 .ARM.attributes
                0x0000000000000086       0x34 ./Core/Src/adc.o
 .ARM.attributes
                0x00000000000000ba       0x34 ./Core/Src/characteristic.o
 .ARM.attributes
                0x00000000000000ee       0x34 ./Core/Src/components.o
 .ARM.attributes
                0x0000000000000122       0x34 ./Core/Src/display.o
 .ARM.attributes
                0x0000000000000156       0x34 ./Core/Src/encoder.o
 .ARM.attributes
                0x000000000000018a       0x34 ./Core/Src/gpio.o
 .ARM.attributes
                0x00000000000001be       0x34 ./Core/Src/main.o
 .ARM.attributes
                0x00000000000001f2       0x34 ./Core/Src/motor.o
 .ARM.attributes
                0x0000000000000226       0x34 ./Core/Src/spi.o
 .ARM.attributes
                0x000000000000025a       0x34 ./Core/Src/stm32f4xx_hal_msp.o
 .ARM.attributes
                0x000000000000028e       0x34 ./Core/Src/stm32f4xx_it.o
 .ARM.attributes
                0x00000000000002c2       0x34 ./Core/Src/system_stm32f4xx.o
 .ARM.attributes
                0x00000000000002f6       0x34 ./Core/Src/tim.o
 .ARM.attributes
                0x000000000000032a       0x34 ./Core/Src/timer.o
 .ARM.attributes
                0x000000000000035e       0x34 ./Core/Src/usart.o
 .ARM.attributes
                0x0000000000000392       0x21 ./Core/Startup/startup_stm32f446retx.o
 .ARM.attributes
                0x00000000000003b3       0x34 ./Drivers/STM32F4xx_HAL_Driver/Src/stm32f4xx_hal.o
 .ARM.attributes
                0x00000000000003e7       0x34 ./Drivers/STM32F4xx_HAL_Driver/Src/stm32f4xx_hal_adc.o
 .ARM.attributes
                0x000000000000041b       0x34 ./Drivers/STM32F4xx_HAL_Driver/Src/stm32f4xx_hal_cortex.o
 .ARM.attributes
                0x000000000000044f       0x34 ./Drivers/STM32F4xx_HAL_Driver/Src/stm32f4xx_hal_dma.o
 .ARM.attributes
                0x0000000000000483       0x34 ./Drivers/STM32F4xx_HAL_Driver/Src/stm32f4xx_hal_gpio.o
 .ARM.attributes
                0x00000000000004b7       0x34 ./Drivers/STM32F4xx_HAL_Driver/Src/stm32f4xx_hal_pcd.o
 .ARM.attributes
                0x00000000000004eb       0x34 ./Drivers/STM32F4xx_HAL_Driver/Src/stm32f4xx_hal_pcd_ex.o
 .ARM.attributes
                0x000000000000051f       0x34 ./Drivers/STM32F4xx_HAL_Driver/Src/stm32f4xx_hal_rcc.o
 .ARM.attributes
                0x0000000000000553       0x34 ./Drivers/STM32F4xx_HAL_Driver/Src/stm32f4xx_hal_rcc_ex.o
 .ARM.attributes
                0x0000000000000587       0x34 ./Drivers/STM32F4xx_HAL_Driver/Src/stm32f4xx_hal_spi.o
 .ARM.attributes
                0x00000000000005bb       0x34 ./Drivers/STM32F4xx_HAL_Driver/Src/stm32f4xx_hal_tim.o
 .ARM.attributes
                0x00000000000005ef       0x34 ./Drivers/STM32F4xx_HAL_Driver/Src/stm32f4xx_hal_tim_ex.o
 .ARM.attributes
                0x0000000000000623       0x34 ./Drivers/STM32F4xx_HAL_Driver/Src/stm32f4xx_hal_uart.o
 .ARM.attributes
                0x0000000000000657       0x34 ./Drivers/STM32F4xx_HAL_Driver/Src/stm32f4xx_ll_usb.o
 .ARM.attributes
                0x000000000000068b       0x34 ./Middlewares/ST/STM32_USB_Device_Library/Class/CDC/Src/usbd_cdc.o
 .ARM.attributes
                0x00000000000006bf       0x34 ./Middlewares/ST/STM32_USB_Device_Library/Core/Src/usbd_core.o
 .ARM.attributes
                0x00000000000006f3       0x34 ./Middlewares/ST/STM32_USB_Device_Library/Core/Src/usbd_ctlreq.o
 .ARM.attributes
                0x0000000000000727       0x34 ./Middlewares/ST/STM32_USB_Device_Library/Core/Src/usbd_ioreq.o
 .ARM.attributes
                0x000000000000075b       0x34 ./USB_DEVICE/App/usb_device.o
 .ARM.attributes
                0x000000000000078f       0x34 ./USB_DEVICE/App/usbd_cdc_if.o
 .ARM.attributes
                0x00000000000007c3       0x34 ./USB_DEVICE/App/usbd_desc.o
 .ARM.attributes
                0x00000000000007f7       0x34 ./USB_DEVICE/Target/usbd_conf.o
 .ARM.attributes
                0x000000000000082b       0x34 c:/st/stm32cubeide_1.12.0/stm32cubeide/plugins/com.st.stm32cube.ide.mcu.externaltools.gnu-tools-for-stm32.10.3-2021.10.win32_1.0.200.202301161003/tools/bin/../lib/gcc/arm-none-eabi/10.3.1/../../../../arm-none-eabi/lib/thumb/v7e-m+fp/hard\libc_nano.a(lib_a-init.o)
 .ARM.attributes
                0x000000000000085f       0x34 c:/st/stm32cubeide_1.12.0/stm32cubeide/plugins/com.st.stm32cube.ide.mcu.externaltools.gnu-tools-for-stm32.10.3-2021.10.win32_1.0.200.202301161003/tools/bin/../lib/gcc/arm-none-eabi/10.3.1/../../../../arm-none-eabi/lib/thumb/v7e-m+fp/hard\libc_nano.a(lib_a-memset.o)
 .ARM.attributes
                0x0000000000000893       0x1e c:/st/stm32cubeide_1.12.0/stm32cubeide/plugins/com.st.stm32cube.ide.mcu.externaltools.gnu-tools-for-stm32.10.3-2021.10.win32_1.0.200.202301161003/tools/bin/../lib/gcc/arm-none-eabi/10.3.1/thumb/v7e-m+fp/hard\libgcc.a(_aeabi_uldivmod.o)
 .ARM.attributes
                0x00000000000008b1       0x34 c:/st/stm32cubeide_1.12.0/stm32cubeide/plugins/com.st.stm32cube.ide.mcu.externaltools.gnu-tools-for-stm32.10.3-2021.10.win32_1.0.200.202301161003/tools/bin/../lib/gcc/arm-none-eabi/10.3.1/thumb/v7e-m+fp/hard\libgcc.a(_udivmoddi4.o)
 .ARM.attributes
                0x00000000000008e5       0x1e c:/st/stm32cubeide_1.12.0/stm32cubeide/plugins/com.st.stm32cube.ide.mcu.externaltools.gnu-tools-for-stm32.10.3-2021.10.win32_1.0.200.202301161003/tools/bin/../lib/gcc/arm-none-eabi/10.3.1/thumb/v7e-m+fp/hard\libgcc.a(_dvmd_tls.o)
 .ARM.attributes
                0x0000000000000903       0x1e c:/st/stm32cubeide_1.12.0/stm32cubeide/plugins/com.st.stm32cube.ide.mcu.externaltools.gnu-tools-for-stm32.10.3-2021.10.win32_1.0.200.202301161003/tools/bin/../lib/gcc/arm-none-eabi/10.3.1/thumb/v7e-m+fp/hard/crtn.o
OUTPUT(motor_control.elf elf32-littlearm)
LOAD linker stubs
LOAD c:/st/stm32cubeide_1.12.0/stm32cubeide/plugins/com.st.stm32cube.ide.mcu.externaltools.gnu-tools-for-stm32.10.3-2021.10.win32_1.0.200.202301161003/tools/bin/../lib/gcc/arm-none-eabi/10.3.1/../../../../arm-none-eabi/lib/thumb/v7e-m+fp/hard\libc.a
LOAD c:/st/stm32cubeide_1.12.0/stm32cubeide/plugins/com.st.stm32cube.ide.mcu.externaltools.gnu-tools-for-stm32.10.3-2021.10.win32_1.0.200.202301161003/tools/bin/../lib/gcc/arm-none-eabi/10.3.1/../../../../arm-none-eabi/lib/thumb/v7e-m+fp/hard\libm.a
LOAD c:/st/stm32cubeide_1.12.0/stm32cubeide/plugins/com.st.stm32cube.ide.mcu.externaltools.gnu-tools-for-stm32.10.3-2021.10.win32_1.0.200.202301161003/tools/bin/../lib/gcc/arm-none-eabi/10.3.1/thumb/v7e-m+fp/hard\libgcc.a

.debug_info     0x0000000000000000    0x1f0ed
 .debug_info    0x0000000000000000      0x223 ./Core/Src/PID.o
 .debug_info    0x0000000000000223      0xa5d ./Core/Src/adc.o
 .debug_info    0x0000000000000c80      0x283 ./Core/Src/characteristic.o
 .debug_info    0x0000000000000f03       0xef ./Core/Src/components.o
 .debug_info    0x0000000000000ff2      0x32e ./Core/Src/display.o
 .debug_info    0x0000000000001320      0xa8d ./Core/Src/encoder.o
 .debug_info    0x0000000000001dad      0x4e1 ./Core/Src/gpio.o
 .debug_info    0x000000000000228e      0x722 ./Core/Src/main.o
 .debug_info    0x00000000000029b0      0xa74 ./Core/Src/motor.o
 .debug_info    0x0000000000003424      0xd96 ./Core/Src/spi.o
 .debug_info    0x00000000000041ba      0x2dc ./Core/Src/stm32f4xx_hal_msp.o
 .debug_info    0x0000000000004496      0xbc3 ./Core/Src/stm32f4xx_it.o
 .debug_info    0x0000000000005059      0x557 ./Core/Src/system_stm32f4xx.o
 .debug_info    0x00000000000055b0      0x93d ./Core/Src/tim.o
 .debug_info    0x0000000000005eed      0xd35 ./Core/Src/timer.o
 .debug_info    0x0000000000006c22      0xa4a ./Core/Src/usart.o
 .debug_info    0x000000000000766c       0x22 ./Core/Startup/startup_stm32f446retx.o
 .debug_info    0x000000000000768e      0x9ce ./Drivers/STM32F4xx_HAL_Driver/Src/stm32f4xx_hal.o
 .debug_info    0x000000000000805c      0xd6c ./Drivers/STM32F4xx_HAL_Driver/Src/stm32f4xx_hal_adc.o
 .debug_info    0x0000000000008dc8      0xe35 ./Drivers/STM32F4xx_HAL_Driver/Src/stm32f4xx_hal_cortex.o
 .debug_info    0x0000000000009bfd      0x94b ./Drivers/STM32F4xx_HAL_Driver/Src/stm32f4xx_hal_dma.o
 .debug_info    0x000000000000a548      0x7ba ./Drivers/STM32F4xx_HAL_Driver/Src/stm32f4xx_hal_gpio.o
 .debug_info    0x000000000000ad02     0x170b ./Drivers/STM32F4xx_HAL_Driver/Src/stm32f4xx_hal_pcd.o
 .debug_info    0x000000000000c40d      0x7ef ./Drivers/STM32F4xx_HAL_Driver/Src/stm32f4xx_hal_pcd_ex.o
 .debug_info    0x000000000000cbfc      0x9a7 ./Drivers/STM32F4xx_HAL_Driver/Src/stm32f4xx_hal_rcc.o
 .debug_info    0x000000000000d5a3      0x9e8 ./Drivers/STM32F4xx_HAL_Driver/Src/stm32f4xx_hal_rcc_ex.o
 .debug_info    0x000000000000df8b     0x1754 ./Drivers/STM32F4xx_HAL_Driver/Src/stm32f4xx_hal_spi.o
 .debug_info    0x000000000000f6df     0x2bba ./Drivers/STM32F4xx_HAL_Driver/Src/stm32f4xx_hal_tim.o
 .debug_info    0x0000000000012299     0x15dc ./Drivers/STM32F4xx_HAL_Driver/Src/stm32f4xx_hal_tim_ex.o
 .debug_info    0x0000000000013875     0x31b8 ./Drivers/STM32F4xx_HAL_Driver/Src/stm32f4xx_hal_uart.o
 .debug_info    0x0000000000016a2d     0x1af7 ./Drivers/STM32F4xx_HAL_Driver/Src/stm32f4xx_ll_usb.o
 .debug_info    0x0000000000018524     0x137a ./Middlewares/ST/STM32_USB_Device_Library/Class/CDC/Src/usbd_cdc.o
 .debug_info    0x000000000001989e      0xef1 ./Middlewares/ST/STM32_USB_Device_Library/Core/Src/usbd_core.o
 .debug_info    0x000000000001a78f      0xb89 ./Middlewares/ST/STM32_USB_Device_Library/Core/Src/usbd_ctlreq.o
 .debug_info    0x000000000001b318      0x7e4 ./Middlewares/ST/STM32_USB_Device_Library/Core/Src/usbd_ioreq.o
 .debug_info    0x000000000001bafc      0x774 ./USB_DEVICE/App/usb_device.o
 .debug_info    0x000000000001c270      0x979 ./USB_DEVICE/App/usbd_cdc_if.o
 .debug_info    0x000000000001cbe9      0x501 ./USB_DEVICE/App/usbd_desc.o
 .debug_info    0x000000000001d0ea     0x2003 ./USB_DEVICE/Target/usbd_conf.o

.debug_abbrev   0x0000000000000000     0x4ca3
 .debug_abbrev  0x0000000000000000      0x156 ./Core/Src/PID.o
 .debug_abbrev  0x0000000000000156      0x1dd ./Core/Src/adc.o
 .debug_abbrev  0x0000000000000333      0x13f ./Core/Src/characteristic.o
 .debug_abbrev  0x0000000000000472       0x66 ./Core/Src/components.o
 .debug_abbrev  0x00000000000004d8      0x17a ./Core/Src/display.o
 .debug_abbrev  0x0000000000000652      0x1b0 ./Core/Src/encoder.o
 .debug_abbrev  0x0000000000000802      0x16e ./Core/Src/gpio.o
 .debug_abbrev  0x0000000000000970      0x22f ./Core/Src/main.o
 .debug_abbrev  0x0000000000000b9f      0x1b7 ./Core/Src/motor.o
 .debug_abbrev  0x0000000000000d56      0x219 ./Core/Src/spi.o
 .debug_abbrev  0x0000000000000f6f       0xd1 ./Core/Src/stm32f4xx_hal_msp.o
 .debug_abbrev  0x0000000000001040      0x1bf ./Core/Src/stm32f4xx_it.o
 .debug_abbrev  0x00000000000011ff      0x113 ./Core/Src/system_stm32f4xx.o
 .debug_abbrev  0x0000000000001312      0x1bf ./Core/Src/tim.o
 .debug_abbrev  0x00000000000014d1      0x257 ./Core/Src/timer.o
 .debug_abbrev  0x0000000000001728      0x200 ./Core/Src/usart.o
 .debug_abbrev  0x0000000000001928       0x12 ./Core/Startup/startup_stm32f446retx.o
 .debug_abbrev  0x000000000000193a      0x20a ./Drivers/STM32F4xx_HAL_Driver/Src/stm32f4xx_hal.o
 .debug_abbrev  0x0000000000001b44      0x241 ./Drivers/STM32F4xx_HAL_Driver/Src/stm32f4xx_hal_adc.o
 .debug_abbrev  0x0000000000001d85      0x313 ./Drivers/STM32F4xx_HAL_Driver/Src/stm32f4xx_hal_cortex.o
 .debug_abbrev  0x0000000000002098      0x258 ./Drivers/STM32F4xx_HAL_Driver/Src/stm32f4xx_hal_dma.o
 .debug_abbrev  0x00000000000022f0      0x1c1 ./Drivers/STM32F4xx_HAL_Driver/Src/stm32f4xx_hal_gpio.o
 .debug_abbrev  0x00000000000024b1      0x2cf ./Drivers/STM32F4xx_HAL_Driver/Src/stm32f4xx_hal_pcd.o
 .debug_abbrev  0x0000000000002780      0x1cb ./Drivers/STM32F4xx_HAL_Driver/Src/stm32f4xx_hal_pcd_ex.o
 .debug_abbrev  0x000000000000294b      0x2a7 ./Drivers/STM32F4xx_HAL_Driver/Src/stm32f4xx_hal_rcc.o
 .debug_abbrev  0x0000000000002bf2      0x1f8 ./Drivers/STM32F4xx_HAL_Driver/Src/stm32f4xx_hal_rcc_ex.o
 .debug_abbrev  0x0000000000002dea      0x26b ./Drivers/STM32F4xx_HAL_Driver/Src/stm32f4xx_hal_spi.o
 .debug_abbrev  0x0000000000003055      0x25a ./Drivers/STM32F4xx_HAL_Driver/Src/stm32f4xx_hal_tim.o
 .debug_abbrev  0x00000000000032af      0x262 ./Drivers/STM32F4xx_HAL_Driver/Src/stm32f4xx_hal_tim_ex.o
 .debug_abbrev  0x0000000000003511      0x2f1 ./Drivers/STM32F4xx_HAL_Driver/Src/stm32f4xx_hal_uart.o
 .debug_abbrev  0x0000000000003802      0x293 ./Drivers/STM32F4xx_HAL_Driver/Src/stm32f4xx_ll_usb.o
 .debug_abbrev  0x0000000000003a95      0x2bb ./Middlewares/ST/STM32_USB_Device_Library/Class/CDC/Src/usbd_cdc.o
 .debug_abbrev  0x0000000000003d50      0x260 ./Middlewares/ST/STM32_USB_Device_Library/Core/Src/usbd_core.o
 .debug_abbrev  0x0000000000003fb0      0x259 ./Middlewares/ST/STM32_USB_Device_Library/Core/Src/usbd_ctlreq.o
 .debug_abbrev  0x0000000000004209      0x187 ./Middlewares/ST/STM32_USB_Device_Library/Core/Src/usbd_ioreq.o
 .debug_abbrev  0x0000000000004390      0x187 ./USB_DEVICE/App/usb_device.o
 .debug_abbrev  0x0000000000004517      0x28d ./USB_DEVICE/App/usbd_cdc_if.o
 .debug_abbrev  0x00000000000047a4      0x1d7 ./USB_DEVICE/App/usbd_desc.o
 .debug_abbrev  0x000000000000497b      0x328 ./USB_DEVICE/Target/usbd_conf.o

.debug_aranges  0x0000000000000000     0x18d0
 .debug_aranges
                0x0000000000000000       0x38 ./Core/Src/PID.o
 .debug_aranges
                0x0000000000000038       0x30 ./Core/Src/adc.o
 .debug_aranges
                0x0000000000000068       0x50 ./Core/Src/characteristic.o
 .debug_aranges
                0x00000000000000b8       0x28 ./Core/Src/components.o
 .debug_aranges
                0x00000000000000e0       0x38 ./Core/Src/display.o
 .debug_aranges
                0x0000000000000118       0x28 ./Core/Src/encoder.o
 .debug_aranges
                0x0000000000000140       0x28 ./Core/Src/gpio.o
 .debug_aranges
                0x0000000000000168       0x30 ./Core/Src/main.o
 .debug_aranges
                0x0000000000000198       0x38 ./Core/Src/motor.o
 .debug_aranges
                0x00000000000001d0       0x40 ./Core/Src/spi.o
 .debug_aranges
                0x0000000000000210       0x20 ./Core/Src/stm32f4xx_hal_msp.o
 .debug_aranges
                0x0000000000000230       0x70 ./Core/Src/stm32f4xx_it.o
 .debug_aranges
                0x00000000000002a0       0x28 ./Core/Src/system_stm32f4xx.o
 .debug_aranges
                0x00000000000002c8       0x30 ./Core/Src/tim.o
 .debug_aranges
                0x00000000000002f8       0x38 ./Core/Src/timer.o
 .debug_aranges
                0x0000000000000330       0x38 ./Core/Src/usart.o
 .debug_aranges
                0x0000000000000368       0x28 ./Core/Startup/startup_stm32f446retx.o
 .debug_aranges
                0x0000000000000390       0xf0 ./Drivers/STM32F4xx_HAL_Driver/Src/stm32f4xx_hal.o
 .debug_aranges
                0x0000000000000480       0xe8 ./Drivers/STM32F4xx_HAL_Driver/Src/stm32f4xx_hal_adc.o
 .debug_aranges
                0x0000000000000568      0x118 ./Drivers/STM32F4xx_HAL_Driver/Src/stm32f4xx_hal_cortex.o
 .debug_aranges
                0x0000000000000680       0x90 ./Drivers/STM32F4xx_HAL_Driver/Src/stm32f4xx_hal_dma.o
 .debug_aranges
                0x0000000000000710       0x58 ./Drivers/STM32F4xx_HAL_Driver/Src/stm32f4xx_hal_gpio.o
 .debug_aranges
                0x0000000000000768      0x148 ./Drivers/STM32F4xx_HAL_Driver/Src/stm32f4xx_hal_pcd.o
 .debug_aranges
                0x00000000000008b0       0x48 ./Drivers/STM32F4xx_HAL_Driver/Src/stm32f4xx_hal_pcd_ex.o
 .debug_aranges
                0x00000000000008f8       0x88 ./Drivers/STM32F4xx_HAL_Driver/Src/stm32f4xx_hal_rcc.o
 .debug_aranges
                0x0000000000000980       0x78 ./Drivers/STM32F4xx_HAL_Driver/Src/stm32f4xx_hal_rcc_ex.o
 .debug_aranges
                0x00000000000009f8      0x1d0 ./Drivers/STM32F4xx_HAL_Driver/Src/stm32f4xx_hal_spi.o
 .debug_aranges
                0x0000000000000bc8      0x3d0 ./Drivers/STM32F4xx_HAL_Driver/Src/stm32f4xx_hal_tim.o
 .debug_aranges
                0x0000000000000f98      0x168 ./Drivers/STM32F4xx_HAL_Driver/Src/stm32f4xx_hal_tim_ex.o
 .debug_aranges
                0x0000000000001100      0x200 ./Drivers/STM32F4xx_HAL_Driver/Src/stm32f4xx_hal_uart.o
 .debug_aranges
                0x0000000000001300      0x1a0 ./Drivers/STM32F4xx_HAL_Driver/Src/stm32f4xx_ll_usb.o
 .debug_aranges
                0x00000000000014a0       0x90 ./Middlewares/ST/STM32_USB_Device_Library/Class/CDC/Src/usbd_cdc.o
 .debug_aranges
                0x0000000000001530       0xd8 ./Middlewares/ST/STM32_USB_Device_Library/Core/Src/usbd_core.o
 .debug_aranges
                0x0000000000001608       0x90 ./Middlewares/ST/STM32_USB_Device_Library/Core/Src/usbd_ctlreq.o
 .debug_aranges
                0x0000000000001698       0x50 ./Middlewares/ST/STM32_USB_Device_Library/Core/Src/usbd_ioreq.o
 .debug_aranges
                0x00000000000016e8       0x20 ./USB_DEVICE/App/usb_device.o
 .debug_aranges
                0x0000000000001708       0x48 ./USB_DEVICE/App/usbd_cdc_if.o
 .debug_aranges
                0x0000000000001750       0x68 ./USB_DEVICE/App/usbd_desc.o
 .debug_aranges
                0x00000000000017b8      0x118 ./USB_DEVICE/Target/usbd_conf.o

.debug_ranges   0x0000000000000000     0x1698
 .debug_ranges  0x0000000000000000       0x28 ./Core/Src/PID.o
 .debug_ranges  0x0000000000000028       0x20 ./Core/Src/adc.o
 .debug_ranges  0x0000000000000048       0x40 ./Core/Src/characteristic.o
 .debug_ranges  0x0000000000000088       0x18 ./Core/Src/components.o
 .debug_ranges  0x00000000000000a0       0x28 ./Core/Src/display.o
 .debug_ranges  0x00000000000000c8       0x18 ./Core/Src/encoder.o
 .debug_ranges  0x00000000000000e0       0x18 ./Core/Src/gpio.o
 .debug_ranges  0x00000000000000f8       0x20 ./Core/Src/main.o
 .debug_ranges  0x0000000000000118       0x28 ./Core/Src/motor.o
 .debug_ranges  0x0000000000000140       0x30 ./Core/Src/spi.o
 .debug_ranges  0x0000000000000170       0x10 ./Core/Src/stm32f4xx_hal_msp.o
 .debug_ranges  0x0000000000000180       0x60 ./Core/Src/stm32f4xx_it.o
 .debug_ranges  0x00000000000001e0       0x18 ./Core/Src/system_stm32f4xx.o
 .debug_ranges  0x00000000000001f8       0x20 ./Core/Src/tim.o
 .debug_ranges  0x0000000000000218       0x28 ./Core/Src/timer.o
 .debug_ranges  0x0000000000000240       0x28 ./Core/Src/usart.o
 .debug_ranges  0x0000000000000268       0x20 ./Core/Startup/startup_stm32f446retx.o
 .debug_ranges  0x0000000000000288       0xe0 ./Drivers/STM32F4xx_HAL_Driver/Src/stm32f4xx_hal.o
 .debug_ranges  0x0000000000000368       0xd8 ./Drivers/STM32F4xx_HAL_Driver/Src/stm32f4xx_hal_adc.o
 .debug_ranges  0x0000000000000440      0x108 ./Drivers/STM32F4xx_HAL_Driver/Src/stm32f4xx_hal_cortex.o
 .debug_ranges  0x0000000000000548       0x80 ./Drivers/STM32F4xx_HAL_Driver/Src/stm32f4xx_hal_dma.o
 .debug_ranges  0x00000000000005c8       0x48 ./Drivers/STM32F4xx_HAL_Driver/Src/stm32f4xx_hal_gpio.o
 .debug_ranges  0x0000000000000610      0x138 ./Drivers/STM32F4xx_HAL_Driver/Src/stm32f4xx_hal_pcd.o
 .debug_ranges  0x0000000000000748       0x38 ./Drivers/STM32F4xx_HAL_Driver/Src/stm32f4xx_hal_pcd_ex.o
 .debug_ranges  0x0000000000000780       0x78 ./Drivers/STM32F4xx_HAL_Driver/Src/stm32f4xx_hal_rcc.o
 .debug_ranges  0x00000000000007f8       0x68 ./Drivers/STM32F4xx_HAL_Driver/Src/stm32f4xx_hal_rcc_ex.o
 .debug_ranges  0x0000000000000860      0x1c0 ./Drivers/STM32F4xx_HAL_Driver/Src/stm32f4xx_hal_spi.o
 .debug_ranges  0x0000000000000a20      0x3c0 ./Drivers/STM32F4xx_HAL_Driver/Src/stm32f4xx_hal_tim.o
 .debug_ranges  0x0000000000000de0      0x158 ./Drivers/STM32F4xx_HAL_Driver/Src/stm32f4xx_hal_tim_ex.o
 .debug_ranges  0x0000000000000f38      0x220 ./Drivers/STM32F4xx_HAL_Driver/Src/stm32f4xx_hal_uart.o
 .debug_ranges  0x0000000000001158      0x190 ./Drivers/STM32F4xx_HAL_Driver/Src/stm32f4xx_ll_usb.o
 .debug_ranges  0x00000000000012e8       0x80 ./Middlewares/ST/STM32_USB_Device_Library/Class/CDC/Src/usbd_cdc.o
 .debug_ranges  0x0000000000001368       0xc8 ./Middlewares/ST/STM32_USB_Device_Library/Core/Src/usbd_core.o
 .debug_ranges  0x0000000000001430       0x80 ./Middlewares/ST/STM32_USB_Device_Library/Core/Src/usbd_ctlreq.o
 .debug_ranges  0x00000000000014b0       0x40 ./Middlewares/ST/STM32_USB_Device_Library/Core/Src/usbd_ioreq.o
 .debug_ranges  0x00000000000014f0       0x10 ./USB_DEVICE/App/usb_device.o
 .debug_ranges  0x0000000000001500       0x38 ./USB_DEVICE/App/usbd_cdc_if.o
 .debug_ranges  0x0000000000001538       0x58 ./USB_DEVICE/App/usbd_desc.o
 .debug_ranges  0x0000000000001590      0x108 ./USB_DEVICE/Target/usbd_conf.o

.debug_line     0x0000000000000000    0x15a77
 .debug_line    0x0000000000000000      0x35b ./Core/Src/PID.o
 .debug_line    0x000000000000035b      0x345 ./Core/Src/adc.o
 .debug_line    0x00000000000006a0      0x382 ./Core/Src/characteristic.o
 .debug_line    0x0000000000000a22       0xa3 ./Core/Src/components.o
 .debug_line    0x0000000000000ac5      0x335 ./Core/Src/display.o
 .debug_line    0x0000000000000dfa      0x305 ./Core/Src/encoder.o
 .debug_line    0x00000000000010ff      0x2b7 ./Core/Src/gpio.o
 .debug_line    0x00000000000013b6      0x3f1 ./Core/Src/main.o
 .debug_line    0x00000000000017a7      0x30b ./Core/Src/motor.o
 .debug_line    0x0000000000001ab2      0x387 ./Core/Src/spi.o
 .debug_line    0x0000000000001e39      0x21f ./Core/Src/stm32f4xx_hal_msp.o
 .debug_line    0x0000000000002058      0x3a9 ./Core/Src/stm32f4xx_it.o
 .debug_line    0x0000000000002401      0x2e8 ./Core/Src/system_stm32f4xx.o
 .debug_line    0x00000000000026e9      0x2e9 ./Core/Src/tim.o
 .debug_line    0x00000000000029d2      0x366 ./Core/Src/timer.o
 .debug_line    0x0000000000002d38      0x34a ./Core/Src/usart.o
 .debug_line    0x0000000000003082       0x88 ./Core/Startup/startup_stm32f446retx.o
 .debug_line    0x000000000000310a      0x5c5 ./Drivers/STM32F4xx_HAL_Driver/Src/stm32f4xx_hal.o
 .debug_line    0x00000000000036cf      0xe48 ./Drivers/STM32F4xx_HAL_Driver/Src/stm32f4xx_hal_adc.o
 .debug_line    0x0000000000004517      0x843 ./Drivers/STM32F4xx_HAL_Driver/Src/stm32f4xx_hal_cortex.o
 .debug_line    0x0000000000004d5a      0xaff ./Drivers/STM32F4xx_HAL_Driver/Src/stm32f4xx_hal_dma.o